To honour the JVM settings for this build a single-use Daemon process will be forked. For more on this, please refer to https://docs.gradle.org/9.7.1/userguide/gradle_daemon.html#sec:disabling_the_daemon in the Gradle documentation.
Daemon will be stopped at the end of the build 
Calculating task graph as no cached configuration is available for tasks: spotlessApply spotlessCheck :app:assembleDebug :app:assembleDebugAndroidTest :app:assembleRelease :app:lintRelease
Type-safe project accessors is an incubating feature.
> Task :build-logic:convention:checkKotlinGradlePluginConfigurationErrors SKIPPED
> Task :build-logic:convention:pluginDescriptors UP-TO-DATE
> Task :build-logic:convention:processResources UP-TO-DATE
> Task :build-logic:convention:compileKotlin
> Task :build-logic:convention:compileJava NO-SOURCE
> Task :build-logic:convention:classes UP-TO-DATE
> Task :build-logic:convention:jar UP-TO-DATE
> Task :app:spotlessKotlinGradle UP-TO-DATE
> Task :core:i18n:spotlessKotlin UP-TO-DATE
> Task :core:common:spotlessKotlin UP-TO-DATE
> Task :core:i18n:spotlessKotlinGradle UP-TO-DATE
> Task :core:data:spotlessKotlin UP-TO-DATE
> Task :core:ui:spotlessKotlin UP-TO-DATE
> Task :core:data:spotlessKotlinGradle UP-TO-DATE
> Task :core:common:spotlessKotlinGradle UP-TO-DATE
> Task :core:ui:spotlessKotlinGradle UP-TO-DATE
> Task :app:spotlessKotlinGradleApply UP-TO-DATE
> Task :core:common:spotlessKotlinGradleApply UP-TO-DATE
> Task :core:i18n:spotlessKotlinApply UP-TO-DATE
> Task :core:ui:spotlessKotlinGradleApply UP-TO-DATE
> Task :core:i18n:spotlessKotlinGradleApply UP-TO-DATE
> Task :core:data:spotlessKotlinGradleApply UP-TO-DATE
> Task :core:common:spotlessKotlinApply UP-TO-DATE
> Task :core:ui:spotlessKotlinApply UP-TO-DATE
> Task :core:data:spotlessKotlinApply UP-TO-DATE
> Task :core:ui:spotlessApply UP-TO-DATE
> Task :core:i18n:spotlessApply UP-TO-DATE
> Task :core:i18n:spotlessKotlinGradleCheck UP-TO-DATE
> Task :app:spotlessKotlinGradleCheck UP-TO-DATE
> Task :core:data:spotlessKotlinCheck UP-TO-DATE
> Task :core:common:spotlessKotlinCheck UP-TO-DATE
> Task :core:i18n:spotlessKotlinCheck UP-TO-DATE
> Task :core:ui:spotlessKotlinCheck UP-TO-DATE
> Task :core:common:spotlessKotlinGradleCheck UP-TO-DATE
> Task :core:data:spotlessKotlinGradleCheck UP-TO-DATE
> Task :core:common:spotlessCheck UP-TO-DATE
> Task :core:common:spotlessApply UP-TO-DATE
> Task :core:ui:spotlessKotlinGradleCheck UP-TO-DATE
> Task :core:data:spotlessApply UP-TO-DATE
> Task :core:i18n:spotlessCheck UP-TO-DATE
> Task :app:preBuild UP-TO-DATE
> Task :core:i18n:androidPreBuild UP-TO-DATE
> Task :core:data:androidPreBuild UP-TO-DATE
> Task :core:common:androidPreBuild UP-TO-DATE
> Task :core:ui:androidPreBuild UP-TO-DATE
> Task :core:data:spotlessCheck UP-TO-DATE
> Task :core:ui:preAndroidMainBuild UP-TO-DATE
> Task :core:ui:spotlessCheck UP-TO-DATE
> Task :app:preDebugBuild UP-TO-DATE
> Task :core:i18n:preAndroidMainBuild UP-TO-DATE
> Task :core:data:preAndroidMainBuild UP-TO-DATE
> Task :core:common:preAndroidMainBuild UP-TO-DATE
> Task :core:ui:mergeAndroidMainJniLibFolders UP-TO-DATE
> Task :app:mergeDebugJniLibFolders UP-TO-DATE
> Task :core:i18n:mergeAndroidMainJniLibFolders UP-TO-DATE
> Task :core:data:mergeAndroidMainJniLibFolders UP-TO-DATE
> Task :core:common:mergeAndroidMainJniLibFolders UP-TO-DATE
> Task :app:generateDebugBuildConfig UP-TO-DATE
> Task :core:data:mergeAndroidMainNativeLibs NO-SOURCE
> Task :core:i18n:mergeAndroidMainNativeLibs NO-SOURCE
> Task :core:ui:mergeAndroidMainNativeLibs NO-SOURCE
> Task :core:common:mergeAndroidMainNativeLibs NO-SOURCE
> Task :core:data:copyAndroidMainJniLibsProjectOnly UP-TO-DATE
> Task :core:i18n:copyAndroidMainJniLibsProjectOnly UP-TO-DATE
> Task :core:ui:copyAndroidMainJniLibsProjectOnly UP-TO-DATE
> Task :core:common:copyAndroidMainJniLibsProjectOnly UP-TO-DATE
> Task :core:i18n:generateAndroidMainEmptyResourceFiles UP-TO-DATE
> Task :core:common:generateAndroidMainEmptyResourceFiles UP-TO-DATE
> Task :core:common:kmpPartiallyResolvedDependenciesChecker
> Task :core:data:kmpPartiallyResolvedDependenciesChecker
> Task :core:data:checkKotlinGradlePluginConfigurationErrors SKIPPED
> Task :core:i18n:kmpPartiallyResolvedDependenciesChecker
> Task :core:common:checkKotlinGradlePluginConfigurationErrors SKIPPED
> Task :core:i18n:checkKotlinGradlePluginConfigurationErrors SKIPPED
> Task :core:data:generateAndroidMainEmptyResourceFiles UP-TO-DATE
> Task :core:ui:generateAndroidMainEmptyResourceFiles UP-TO-DATE
> Task :app:prepareLibraryDefinitionsDebug UP-TO-DATE
> Task :core:i18n:generateMRcommonTest UP-TO-DATE
> Task :app:generateDebugResources UP-TO-DATE
> Task :app:extractDebugSupportedLocales UP-TO-DATE
> Task :app:mapDebugSourceSetPaths UP-TO-DATE
> Task :core:ui:kmpPartiallyResolvedDependenciesChecker
> Task :core:ui:checkKotlinGradlePluginConfigurationErrors SKIPPED
> Task :core:i18n:generateMRcommonMain UP-TO-DATE
> Task :core:i18n:generateMRjvmTest UP-TO-DATE
> Task :core:i18n:generateMRjvmMain UP-TO-DATE
> Task :core:i18n:generateMRandroidHostTest UP-TO-DATE
> Task :app:generateDebugLocaleConfig UP-TO-DATE
> Task :core:ui:copyNonXmlValueResourcesForAndroidMain NO-SOURCE
> Task :core:ui:convertXmlValueResourcesForCommonMain NO-SOURCE
> Task :core:ui:convertXmlValueResourcesForAndroidMain NO-SOURCE
> Task :core:ui:copyNonXmlValueResourcesForCommonMain NO-SOURCE
> Task :core:ui:prepareComposeResourcesTaskForCommonMain NO-SOURCE
> Task :core:ui:generateResourceAccessorsForCommonMain SKIPPED
> Task :core:ui:convertXmlValueResourcesForJvmMain NO-SOURCE
> Task :core:ui:copyNonXmlValueResourcesForJvmMain NO-SOURCE
> Task :core:i18n:generateMRandroidMain UP-TO-DATE
> Task :core:ui:prepareComposeResourcesTaskForJvmMain NO-SOURCE
> Task :core:ui:generateResourceAccessorsForJvmMain SKIPPED
> Task :core:ui:generateComposeResClass SKIPPED
> Task :core:ui:generateExpectResourceCollectorsForCommonMain SKIPPED
> Task :app:packageDebugResources UP-TO-DATE
> Task :app:generateDebugAssets UP-TO-DATE
> Task :core:i18n:generateAndroidMainAssets UP-TO-DATE
> Task :app:javaPreCompileDebug UP-TO-DATE
> Task :core:i18n:packageAndroidMainResources UP-TO-DATE
> Task :core:i18n:mergeAndroidMainAssets UP-TO-DATE
> Task :app:generateDebugGlobalSynthetics UP-TO-DATE
> Task :core:i18n:parseAndroidMainLocalResources UP-TO-DATE
> Task :core:i18n:generateAndroidMainRFile UP-TO-DATE
> Task :app:l8DexDesugarLibDebug UP-TO-DATE
> Task :core:ui:prepareComposeResourcesTaskForAndroidMain NO-SOURCE
> Task :core:ui:generateResourceAccessorsForAndroidMain SKIPPED
> Task :core:ui:generateActualResourceCollectorsForAndroidMain SKIPPED
> Task :app:desugarDebugFileDependencies UP-TO-DATE
> Task :core:common:writeAndroidMainAarMetadata UP-TO-DATE
> Task :core:data:writeAndroidMainAarMetadata UP-TO-DATE
> Task :core:i18n:writeAndroidMainAarMetadata UP-TO-DATE
> Task :core:ui:writeAndroidMainAarMetadata UP-TO-DATE
> Task :app:configureCMakeDebug[x86_64]
> Task :app:configureCMakeDebug[arm64-v8a]
> Task :app:configureCMakeDebug[armeabi-v7a]
> Task :app:checkDebugDuplicateClasses UP-TO-DATE
> Task :app:mergeDebugAssets UP-TO-DATE
> Task :app:processDebugNavigationResources UP-TO-DATE
> Task :app:checkDebugAarMetadata UP-TO-DATE
> Task :app:compressDebugAssets UP-TO-DATE
> Task :app:compileDebugNavigationResources UP-TO-DATE
> Task :app:parseDebugLocalResources UP-TO-DATE
> Task :app:createDebugCompatibleScreenManifests UP-TO-DATE
> Task :app:generateDebugRFile UP-TO-DATE
> Task :app:extractDeepLinksDebug UP-TO-DATE
> Task :core:common:processAndroidMainManifest UP-TO-DATE
> Task :core:data:processAndroidMainManifest UP-TO-DATE
> Task :core:i18n:processAndroidMainManifest UP-TO-DATE
> Task :core:i18n:mapAndroidMainSourceSetPaths UP-TO-DATE
> Task :core:ui:processAndroidMainManifest UP-TO-DATE
> Task :core:i18n:compileAndroidMainLibraryResources UP-TO-DATE
> Task :app:validateSigningDebug UP-TO-DATE
> Task :app:writeDebugAppMetadata UP-TO-DATE
> Task :app:writeDebugSigningConfigVersions UP-TO-DATE
> Task :app:preDebugAndroidTestBuild SKIPPED
> Task :app:mergeDebugAndroidTestManifest UP-TO-DATE
> Task :app:processDebugAndroidTestManifest UP-TO-DATE
> Task :app:generateDebugAndroidTestBuildConfig UP-TO-DATE
> Task :app:generateDebugAndroidTestResources UP-TO-DATE
> Task :app:packageDebugAndroidTestResources UP-TO-DATE
> Task :app:mergeDebugResources UP-TO-DATE
> Task :app:processDebugAndroidTestNavigationResources UP-TO-DATE
> Task :app:javaPreCompileDebugAndroidTest UP-TO-DATE
> Task :app:parseDebugAndroidTestLocalResources UP-TO-DATE
> Task :app:generateDebugAndroidTestAssets UP-TO-DATE
> Task :app:generateDebugAndroidTestRFile UP-TO-DATE
> Task :app:generateDebugAndroidTestGlobalSynthetics UP-TO-DATE
> Task :app:checkDebugAndroidTestDuplicateClasses UP-TO-DATE
> Task :app:desugarDebugAndroidTestFileDependencies UP-TO-DATE
> Task :app:processDebugMainManifest UP-TO-DATE
> Task :app:processDebugManifest UP-TO-DATE
> Task :app:processDebugManifestForPackage UP-TO-DATE

> Task :app:mergeDebugAndroidTestAssets FAILED
ERROR: /Users/zhanziyuan/Documents/GitHub/EhViewer/docs/modernization/baseline/fixtures/pages.tar [pages.tar] /Users/zhanziyuan/Documents/GitHub/EhViewer/docs/modernization/p5-p7/fixtures/pages.tar.gz: Resource and asset merger: Duplicate resources

> Task :app:mergeExtDexDebug UP-TO-DATE
> Task :app:mergeExtDexDebugAndroidTest UP-TO-DATE
> Task :app:processDebugResources UP-TO-DATE
> Task :app:spotlessKotlin

> Task :app:buildCMakeDebug[x86_64]
C/C++:     Blocking waiting for file lock on package cache
C/C++:     Blocking waiting for file lock on package cache
C/C++:     Blocking waiting for file lock on package cache
C/C++:    Compiling ehviewer_rust v0.0.0 (/Users/zhanziyuan/Documents/GitHub/EhViewer/app/src/main/rust)
C/C++:    Compiling ehviewer_core v0.0.0 (/Users/zhanziyuan/Documents/GitHub/EhViewer/app/src/main/rust/core)
C/C++:     Finished `dev` profile [unoptimized + debuginfo] target(s) in 3.64s

> Task :core:i18n:compileAndroidMain

> Task :app:buildCMakeDebug[armeabi-v7a]
C/C++:     Blocking waiting for file lock on package cache
C/C++:     Blocking waiting for file lock on package cache
C/C++:     Blocking waiting for file lock on package cache
C/C++:    Compiling ehviewer_rust v0.0.0 (/Users/zhanziyuan/Documents/GitHub/EhViewer/app/src/main/rust)
C/C++:    Compiling ehviewer_core v0.0.0 (/Users/zhanziyuan/Documents/GitHub/EhViewer/app/src/main/rust/core)
C/C++:     Finished `dev` profile [unoptimized + debuginfo] target(s) in 3.12s

> Task :core:common:compileAndroidMain

> Task :app:buildCMakeDebug[arm64-v8a]
C/C++:     Blocking waiting for file lock on package cache
C/C++:     Blocking waiting for file lock on package cache
C/C++:     Blocking waiting for file lock on package cache
C/C++:     Blocking waiting for file lock on package cache
C/C++:     Blocking waiting for file lock on shared package cache
C/C++:    Compiling ehviewer_rust v0.0.0 (/Users/zhanziyuan/Documents/GitHub/EhViewer/app/src/main/rust)
C/C++:    Compiling ehviewer_core v0.0.0 (/Users/zhanziyuan/Documents/GitHub/EhViewer/app/src/main/rust/core)
C/C++:     Finished `dev` profile [unoptimized + debuginfo] target(s) in 3.59s

FAILURE: Build failed with an exception.

* What went wrong:
Execution failed for task ':app:mergeDebugAndroidTestAssets' (registered by plugin 'com.android.internal.application').
> /Users/zhanziyuan/Documents/GitHub/EhViewer/docs/modernization/baseline/fixtures/pages.tar	[pages.tar] /Users/zhanziyuan/Documents/GitHub/EhViewer/docs/modernization/p5-p7/fixtures/pages.tar.gz: Error: Duplicate resources

* Try:
> Run with --stacktrace option to get the stack trace.
> Run with --info or --debug option to get more log output.
> Run with --scan to get full insights from a Build Scan (powered by Develocity).
> Get more help at https://help.gradle.org.

BUILD FAILED in 22s
121 actionable tasks: 15 executed, 106 up-to-date
Configuration cache entry stored.
