To honour the JVM settings for this build a single-use Daemon process will be forked. For more on this, please refer to https://docs.gradle.org/9.7.1/userguide/gradle_daemon.html#sec:disabling_the_daemon in the Gradle documentation.
Daemon will be stopped at the end of the build 
Calculating task graph as no cached configuration is available for tasks: :app:assembleDebug :app:assembleDebugAndroidTest
Type-safe project accessors is an incubating feature.
> Task :build-logic:convention:checkKotlinGradlePluginConfigurationErrors SKIPPED
> Task :build-logic:convention:compileKotlin UP-TO-DATE
> Task :build-logic:convention:compileJava NO-SOURCE
> Task :build-logic:convention:pluginDescriptors UP-TO-DATE
> Task :build-logic:convention:processResources UP-TO-DATE
> Task :build-logic:convention:classes UP-TO-DATE
> Task :build-logic:convention:jar UP-TO-DATE

> Configure project :app
w: file:///Users/zhanziyuan/Documents/GitHub/EhViewer/app/build.gradle.kts:70:48: 'fun srcDir(srcDir: Any): Any' is deprecated. Use `directories` mutable set instead.
w: file:///Users/zhanziyuan/Documents/GitHub/EhViewer/app/build.gradle.kts:72:48: 'fun srcDir(srcDir: Any): Any' is deprecated. Use `directories` mutable set instead.

> Task :app:preBuild UP-TO-DATE
> Task :core:common:androidPreBuild UP-TO-DATE
> Task :app:preDebugBuild UP-TO-DATE
> Task :core:ui:androidPreBuild UP-TO-DATE
> Task :core:data:androidPreBuild UP-TO-DATE
> Task :core:i18n:androidPreBuild UP-TO-DATE
> Task :core:common:preAndroidMainBuild UP-TO-DATE
> Task :core:i18n:kmpPartiallyResolvedDependenciesChecker
> Task :core:common:kmpPartiallyResolvedDependenciesChecker
> Task :core:data:kmpPartiallyResolvedDependenciesChecker
> Task :core:data:preAndroidMainBuild UP-TO-DATE
> Task :core:i18n:preAndroidMainBuild UP-TO-DATE
> Task :core:ui:preAndroidMainBuild UP-TO-DATE
> Task :app:mergeDebugJniLibFolders UP-TO-DATE
> Task :core:common:mergeAndroidMainJniLibFolders UP-TO-DATE
> Task :core:ui:mergeAndroidMainJniLibFolders UP-TO-DATE
> Task :core:i18n:mergeAndroidMainJniLibFolders UP-TO-DATE
> Task :core:data:mergeAndroidMainJniLibFolders UP-TO-DATE
> Task :core:i18n:generateMRcommonTest UP-TO-DATE
> Task :app:generateDebugBuildConfig UP-TO-DATE
> Task :core:common:mergeAndroidMainNativeLibs NO-SOURCE
> Task :core:common:copyAndroidMainJniLibsProjectOnly UP-TO-DATE
> Task :core:ui:mergeAndroidMainNativeLibs NO-SOURCE
> Task :core:i18n:mergeAndroidMainNativeLibs NO-SOURCE
> Task :core:data:mergeAndroidMainNativeLibs NO-SOURCE
> Task :core:common:generateAndroidMainEmptyResourceFiles UP-TO-DATE
> Task :core:ui:copyAndroidMainJniLibsProjectOnly UP-TO-DATE
> Task :core:i18n:copyAndroidMainJniLibsProjectOnly UP-TO-DATE
> Task :core:common:checkKotlinGradlePluginConfigurationErrors SKIPPED
> Task :app:prepareLibraryDefinitionsDebug UP-TO-DATE
> Task :core:data:copyAndroidMainJniLibsProjectOnly UP-TO-DATE
> Task :core:data:generateAndroidMainEmptyResourceFiles UP-TO-DATE
> Task :core:data:checkKotlinGradlePluginConfigurationErrors SKIPPED
> Task :core:i18n:checkKotlinGradlePluginConfigurationErrors SKIPPED
> Task :core:ui:generateAndroidMainEmptyResourceFiles UP-TO-DATE
> Task :core:i18n:generateAndroidMainEmptyResourceFiles UP-TO-DATE
> Task :core:i18n:generateMRjvmTest UP-TO-DATE
> Task :app:mapDebugSourceSetPaths UP-TO-DATE
> Task :core:i18n:generateMRandroidHostTest UP-TO-DATE
> Task :app:extractDebugSupportedLocales UP-TO-DATE
> Task :app:generateDebugResources UP-TO-DATE
> Task :core:ui:kmpPartiallyResolvedDependenciesChecker
> Task :core:ui:checkKotlinGradlePluginConfigurationErrors SKIPPED
> Task :core:i18n:generateMRcommonMain UP-TO-DATE
> Task :core:i18n:generateMRjvmMain UP-TO-DATE
> Task :core:ui:convertXmlValueResourcesForAndroidMain NO-SOURCE
> Task :core:ui:copyNonXmlValueResourcesForAndroidMain NO-SOURCE
> Task :core:ui:convertXmlValueResourcesForCommonMain NO-SOURCE
> Task :core:ui:convertXmlValueResourcesForJvmMain NO-SOURCE
> Task :app:generateDebugLocaleConfig UP-TO-DATE
> Task :core:ui:copyNonXmlValueResourcesForCommonMain NO-SOURCE
> Task :core:ui:prepareComposeResourcesTaskForAndroidMain NO-SOURCE
> Task :core:ui:generateResourceAccessorsForAndroidMain SKIPPED
> Task :core:ui:copyNonXmlValueResourcesForJvmMain NO-SOURCE
> Task :core:ui:generateComposeResClass SKIPPED
> Task :core:ui:generateExpectResourceCollectorsForCommonMain SKIPPED
> Task :core:ui:prepareComposeResourcesTaskForCommonMain NO-SOURCE
> Task :core:ui:generateResourceAccessorsForCommonMain SKIPPED
> Task :app:generateDebugAssets UP-TO-DATE
> Task :core:i18n:generateAndroidMainAssets UP-TO-DATE
> Task :core:ui:prepareComposeResourcesTaskForJvmMain NO-SOURCE
> Task :core:ui:generateResourceAccessorsForJvmMain SKIPPED
> Task :app:generateDebugGlobalSynthetics UP-TO-DATE
> Task :core:ui:generateActualResourceCollectorsForAndroidMain SKIPPED
> Task :app:javaPreCompileDebug UP-TO-DATE
> Task :core:i18n:generateMRandroidMain UP-TO-DATE
> Task :app:desugarDebugFileDependencies UP-TO-DATE
> Task :app:l8DexDesugarLibDebug UP-TO-DATE
> Task :core:i18n:mergeAndroidMainAssets UP-TO-DATE
> Task :app:packageDebugResources UP-TO-DATE
> Task :core:i18n:packageAndroidMainResources UP-TO-DATE
> Task :core:common:writeAndroidMainAarMetadata UP-TO-DATE
> Task :core:data:writeAndroidMainAarMetadata UP-TO-DATE
> Task :core:i18n:writeAndroidMainAarMetadata UP-TO-DATE
> Task :core:ui:writeAndroidMainAarMetadata UP-TO-DATE
> Task :core:i18n:parseAndroidMainLocalResources UP-TO-DATE
> Task :core:i18n:generateAndroidMainRFile UP-TO-DATE
> Task :core:i18n:compileAndroidMain UP-TO-DATE
> Task :core:i18n:bundleAndroidMainClassesToCompileJar UP-TO-DATE
> Task :core:i18n:processAndroidMainJavaRes UP-TO-DATE
> Task :core:i18n:bundleLibRuntimeToDirAndroidMain UP-TO-DATE
> Task :app:createDebugCompatibleScreenManifests UP-TO-DATE
> Task :app:extractDeepLinksDebug UP-TO-DATE
> Task :core:common:processAndroidMainManifest UP-TO-DATE
> Task :core:common:compileAndroidMain UP-TO-DATE
> Task :core:common:bundleAndroidMainClassesToCompileJar UP-TO-DATE
> Task :core:data:processAndroidMainManifest UP-TO-DATE
> Task :core:data:kspAndroidMain UP-TO-DATE
> Task :core:data:copyRoomSchemas NO-SOURCE
> Task :core:ui:compileAndroidMain UP-TO-DATE
> Task :core:ui:bundleAndroidMainClassesToCompileJar UP-TO-DATE
> Task :core:common:processAndroidMainJavaRes UP-TO-DATE
> Task :core:ui:processAndroidMainJavaRes UP-TO-DATE
> Task :core:ui:bundleLibRuntimeToDirAndroidMain UP-TO-DATE
> Task :core:data:compileAndroidMain UP-TO-DATE
> Task :core:data:bundleAndroidMainClassesToCompileJar UP-TO-DATE
> Task :core:data:processAndroidMainJavaRes UP-TO-DATE
> Task :app:configureCMakeDebug[arm64-v8a]
> Task :app:configureCMakeDebug[armeabi-v7a]
> Task :app:configureCMakeDebug[x86_64]
> Task :core:data:bundleLibRuntimeToDirAndroidMain UP-TO-DATE
> Task :core:common:bundleLibRuntimeToDirAndroidMain UP-TO-DATE
> Task :core:i18n:processAndroidMainManifest UP-TO-DATE
> Task :core:ui:processAndroidMainManifest UP-TO-DATE
> Task :app:checkDebugDuplicateClasses UP-TO-DATE
> Task :app:checkDebugAarMetadata UP-TO-DATE
> Task :app:processDebugNavigationResources UP-TO-DATE
> Task :app:mergeDebugAssets UP-TO-DATE
> Task :app:mergeDebugResources UP-TO-DATE
> Task :app:parseDebugLocalResources UP-TO-DATE
> Task :app:compressDebugAssets UP-TO-DATE
> Task :app:compileDebugNavigationResources UP-TO-DATE
> Task :app:generateDebugRFile UP-TO-DATE
> Task :app:mergeLibDexDebug UP-TO-DATE
> Task :core:i18n:mapAndroidMainSourceSetPaths UP-TO-DATE
> Task :app:validateSigningDebug UP-TO-DATE
> Task :core:i18n:compileAndroidMainLibraryResources UP-TO-DATE
> Task :app:writeDebugAppMetadata UP-TO-DATE
> Task :app:writeDebugSigningConfigVersions UP-TO-DATE
> Task :app:generateDebugAndroidTestAssets UP-TO-DATE
> Task :app:preDebugAndroidTestBuild SKIPPED
> Task :app:javaPreCompileDebugAndroidTest UP-TO-DATE
> Task :app:generateDebugAndroidTestResources UP-TO-DATE
> Task :app:processDebugAndroidTestNavigationResources UP-TO-DATE
> Task :app:packageDebugAndroidTestResources UP-TO-DATE
> Task :app:generateDebugAndroidTestGlobalSynthetics UP-TO-DATE
> Task :app:parseDebugAndroidTestLocalResources UP-TO-DATE
> Task :app:kspDebugKotlin UP-TO-DATE
> Task :app:generateDebugAndroidTestRFile UP-TO-DATE
> Task :app:desugarDebugAndroidTestFileDependencies UP-TO-DATE
> Task :app:checkDebugAndroidTestDuplicateClasses UP-TO-DATE
> Task :app:mergeDebugAndroidTestManifest UP-TO-DATE
> Task :app:processDebugAndroidTestManifest UP-TO-DATE
> Task :app:checkDebugAndroidTestAarMetadata UP-TO-DATE
> Task :app:generateDebugAndroidTestBuildConfig UP-TO-DATE
> Task :app:mergeLibDexDebugAndroidTest UP-TO-DATE
> Task :app:mapDebugAndroidTestSourceSetPaths UP-TO-DATE
> Task :app:compileDebugAndroidTestNavigationResources UP-TO-DATE
> Task :app:mergeDebugAndroidTestJniLibFolders UP-TO-DATE
> Task :app:validateSigningDebugAndroidTest UP-TO-DATE
> Task :app:writeDebugAndroidTestSigningConfigVersions UP-TO-DATE
> Task :app:mergeDebugAndroidTestResources UP-TO-DATE
> Task :app:mergeDebugAndroidTestAssets
> Task :app:processDebugMainManifest UP-TO-DATE
> Task :app:processDebugManifest UP-TO-DATE
> Task :app:processDebugManifestForPackage UP-TO-DATE
> Task :app:compressDebugAndroidTestAssets
> Task :app:processDebugAndroidTestResources UP-TO-DATE
> Task :app:processDebugResources UP-TO-DATE

> Task :app:buildCMakeDebug[arm64-v8a]
C/C++:     Blocking waiting for file lock on package cache
C/C++:     Blocking waiting for file lock on package cache
C/C++:     Blocking waiting for file lock on package cache
C/C++:     Finished `dev` profile [unoptimized + debuginfo] target(s) in 0.58s

> Task :app:buildCMakeDebug[armeabi-v7a]
C/C++:     Blocking waiting for file lock on package cache
C/C++:     Blocking waiting for file lock on package cache
C/C++:     Blocking waiting for file lock on package cache
C/C++:     Blocking waiting for file lock on package cache
C/C++:     Finished `dev` profile [unoptimized + debuginfo] target(s) in 0.57s

> Task :app:buildCMakeDebug[x86_64]
C/C++:     Blocking waiting for file lock on package cache
C/C++:     Blocking waiting for file lock on package cache
C/C++:     Blocking waiting for file lock on package cache
C/C++:     Finished `dev` profile [unoptimized + debuginfo] target(s) in 0.57s

> Task :app:mergeDebugNativeLibs UP-TO-DATE
> Task :app:stripDebugDebugSymbols UP-TO-DATE
> Task :app:mergeDebugAndroidTestNativeLibs NO-SOURCE
> Task :app:stripDebugAndroidTestDebugSymbols NO-SOURCE
> Task :app:extractDebugNativeDebugMetadata UP-TO-DATE
> Task :app:mergeDebugNativeDebugMetadata UP-TO-DATE
> Task :app:mergeExtDexDebugAndroidTest UP-TO-DATE
> Task :app:mergeExtDexDebug UP-TO-DATE
> Task :app:compileDebugKotlin
w: file:///Users/zhanziyuan/Documents/GitHub/EhViewer/app/src/main/kotlin/com/hippo/ehviewer/spider/ComicInfo.kt:40:19 'constructor(serializersModule: SerializersModule = ..., configure: XmlConfig.CompatBuilder.() -> Unit = ...): XML' is deprecated. Update to the named factory functions.
w: file:///Users/zhanziyuan/Documents/GitHub/EhViewer/app/src/main/kotlin/com/hippo/ehviewer/ui/screen/DownloadsScreen.kt:336:17 'fun ListItem(headlineContent: ComposableFunction0<Unit>, modifier: Modifier = ..., overlineContent: ComposableFunction0<Unit>? = ..., supportingContent: ComposableFunction0<Unit>? = ..., leadingContent: ComposableFunction0<Unit>? = ..., trailingContent: ComposableFunction0<Unit>? = ..., colors: ListItemColors = ..., tonalElevation: Dp = ..., shadowElevation: Dp = ...): Unit' is deprecated. Use the overload where `headlineContent` is now a trailing `content` lambda.
w: file:///Users/zhanziyuan/Documents/GitHub/EhViewer/app/src/main/kotlin/com/hippo/ehviewer/ui/screen/DownloadsScreen.kt:349:17 'fun ListItem(headlineContent: ComposableFunction0<Unit>, modifier: Modifier = ..., overlineContent: ComposableFunction0<Unit>? = ..., supportingContent: ComposableFunction0<Unit>? = ..., leadingContent: ComposableFunction0<Unit>? = ..., trailingContent: ComposableFunction0<Unit>? = ..., colors: ListItemColors = ..., tonalElevation: Dp = ..., shadowElevation: Dp = ...): Unit' is deprecated. Use the overload where `headlineContent` is now a trailing `content` lambda.
w: file:///Users/zhanziyuan/Documents/GitHub/EhViewer/app/src/main/kotlin/com/hippo/ehviewer/ui/screen/DownloadsScreen.kt:403:25 'fun ListItem(headlineContent: ComposableFunction0<Unit>, modifier: Modifier = ..., overlineContent: ComposableFunction0<Unit>? = ..., supportingContent: ComposableFunction0<Unit>? = ..., leadingContent: ComposableFunction0<Unit>? = ..., trailingContent: ComposableFunction0<Unit>? = ..., colors: ListItemColors = ..., tonalElevation: Dp = ..., shadowElevation: Dp = ...): Unit' is deprecated. Use the overload where `headlineContent` is now a trailing `content` lambda.
w: file:///Users/zhanziyuan/Documents/GitHub/EhViewer/app/src/main/kotlin/com/hippo/ehviewer/ui/screen/GalleryListScreen.kt:367:33 'fun ListItem(headlineContent: ComposableFunction0<Unit>, modifier: Modifier = ..., overlineContent: ComposableFunction0<Unit>? = ..., supportingContent: ComposableFunction0<Unit>? = ..., leadingContent: ComposableFunction0<Unit>? = ..., trailingContent: ComposableFunction0<Unit>? = ..., colors: ListItemColors = ..., tonalElevation: Dp = ..., shadowElevation: Dp = ...): Unit' is deprecated. Use the overload where `headlineContent` is now a trailing `content` lambda.
w: file:///Users/zhanziyuan/Documents/GitHub/EhViewer/app/src/main/kotlin/com/hippo/ehviewer/ui/screen/SearchBarScreen.kt:233:9 'fun SearchBar(inputField: ComposableFunction0<Unit>, expanded: Boolean, onExpandedChange: (Boolean) -> Unit, modifier: Modifier = ..., shape: Shape = ..., colors: SearchBarColors = ..., tonalElevation: Dp = ..., shadowElevation: Dp = ..., windowInsets: WindowInsets = ..., content: ComposableFunction1<ColumnScope, Unit>): Unit' is deprecated. Use SearchBar with SearchBarState, and ExpandedFullScreenSearchBar or ExpandedDockedSearchBar to display results.
w: file:///Users/zhanziyuan/Documents/GitHub/EhViewer/app/src/main/kotlin/com/hippo/ehviewer/ui/screen/SearchBarScreen.kt:237:17 'fun InputField(state: TextFieldState, onSearch: (String) -> Unit, expanded: Boolean, onExpandedChange: (Boolean) -> Unit, modifier: Modifier = ..., enabled: Boolean = ..., readOnly: Boolean = ..., textStyle: TextStyle = ..., placeholder: ComposableFunction0<Unit>? = ..., leadingIcon: ComposableFunction0<Unit>? = ..., trailingIcon: ComposableFunction0<Unit>? = ..., prefix: ComposableFunction0<Unit>? = ..., suffix: ComposableFunction0<Unit>? = ..., inputTransformation: InputTransformation? = ..., outputTransformation: OutputTransformation? = ..., scrollState: ScrollState = ..., shape: Shape = ..., colors: TextFieldColors = ..., interactionSource: MutableInteractionSource? = ...): Unit' is deprecated. Use SearchBarDefaults.InputField with SearchBarState.

> Task :app:processDebugJavaRes UP-TO-DATE
> Task :app:mergeDebugJavaResource UP-TO-DATE
> Task :app:compileDebugJavaWithJavac
> Task :app:bundleDebugClassesToCompileJar
> Task :app:dexBuilderDebug FAILED
> Task :app:kspDebugAndroidTestKotlin

[Incubating] Problems report is available at: file:///Users/zhanziyuan/Documents/GitHub/EhViewer/build/reports/problems/problems-report.html

FAILURE: Build failed with an exception.

* What went wrong:
Execution failed for task ':app:dexBuilderDebug' (registered by plugin 'com.android.internal.application').
> Failed to store cache entry 74d9115795d784f4fb48bb7c823787ca for task ':app:dexBuilderDebug': Could not pack tree 'projectOutputs.dex': Could not get file mode for '/Users/zhanziyuan/Documents/GitHub/EhViewer/app/build/intermediates/project_dex_archive/debug/dexBuilderDebug/out/com/hippo/ehviewer/spider/SpiderInfoKt.dex'.

* Try:
> Run with --stacktrace option to get the stack trace.
> Run with --info or --debug option to get more log output.
> Run with --scan to get full insights from a Build Scan (powered by Develocity).
> Get more help at https://help.gradle.org.

BUILD FAILED in 1m 26s
131 actionable tasks: 17 executed, 114 up-to-date
Configuration cache entry stored.
