To honour the JVM settings for this build a single-use Daemon process will be forked. For more on this, please refer to https://docs.gradle.org/9.7.1/userguide/gradle_daemon.html#sec:disabling_the_daemon in the Gradle documentation.
Daemon will be stopped at the end of the build 
Calculating task graph as configuration cache cannot be reused because an input to unknown location has changed.
Type-safe project accessors is an incubating feature.
> Task :build-logic:convention:checkKotlinGradlePluginConfigurationErrors SKIPPED
> Task :build-logic:convention:compileKotlin UP-TO-DATE
> Task :build-logic:convention:compileJava NO-SOURCE
> Task :build-logic:convention:pluginDescriptors UP-TO-DATE
> Task :build-logic:convention:processResources UP-TO-DATE
> Task :build-logic:convention:classes UP-TO-DATE
> Task :build-logic:convention:jar UP-TO-DATE
> Task :core:i18n:spotlessKotlinGradle UP-TO-DATE
> Task :core:i18n:spotlessKotlin UP-TO-DATE
> Task :app:spotlessKotlinGradle UP-TO-DATE
> Task :core:common:spotlessKotlinGradle UP-TO-DATE
> Task :core:common:spotlessKotlin UP-TO-DATE
> Task :core:ui:spotlessKotlinGradle UP-TO-DATE
> Task :core:data:spotlessKotlin UP-TO-DATE
> Task :core:data:spotlessKotlinGradle UP-TO-DATE
> Task :core:ui:spotlessKotlin UP-TO-DATE
> Task :core:i18n:spotlessKotlinApply UP-TO-DATE
> Task :core:i18n:spotlessKotlinGradleApply UP-TO-DATE
> Task :core:common:spotlessKotlinApply UP-TO-DATE
> Task :core:common:spotlessKotlinGradleApply UP-TO-DATE
> Task :core:ui:spotlessKotlinApply UP-TO-DATE
> Task :core:ui:spotlessKotlinGradleApply UP-TO-DATE
> Task :core:data:spotlessKotlinApply UP-TO-DATE
> Task :core:data:spotlessKotlinGradleApply UP-TO-DATE
> Task :app:spotlessKotlinGradleApply UP-TO-DATE
> Task :core:i18n:spotlessApply UP-TO-DATE
> Task :core:common:spotlessApply UP-TO-DATE
> Task :core:ui:spotlessApply UP-TO-DATE
> Task :core:common:spotlessKotlinCheck UP-TO-DATE
> Task :core:i18n:spotlessKotlinCheck UP-TO-DATE
> Task :core:i18n:spotlessKotlinGradleCheck UP-TO-DATE
> Task :app:spotlessKotlinGradleCheck UP-TO-DATE
> Task :core:common:spotlessKotlinGradleCheck UP-TO-DATE
> Task :core:data:spotlessKotlinCheck UP-TO-DATE
> Task :core:i18n:spotlessCheck UP-TO-DATE
> Task :core:common:spotlessCheck UP-TO-DATE
> Task :core:ui:spotlessKotlinGradleCheck UP-TO-DATE
> Task :app:preBuild UP-TO-DATE
> Task :core:data:spotlessApply UP-TO-DATE
> Task :core:ui:spotlessKotlinCheck UP-TO-DATE
> Task :core:data:spotlessKotlinGradleCheck UP-TO-DATE
> Task :core:common:androidPreBuild UP-TO-DATE
> Task :core:data:androidPreBuild UP-TO-DATE
> Task :core:ui:androidPreBuild UP-TO-DATE
> Task :core:i18n:androidPreBuild UP-TO-DATE
> Task :core:ui:spotlessCheck UP-TO-DATE
> Task :core:i18n:preAndroidMainBuild UP-TO-DATE
> Task :app:preDebugBuild UP-TO-DATE
> Task :core:data:spotlessCheck UP-TO-DATE
> Task :core:data:preAndroidMainBuild UP-TO-DATE
> Task :core:common:preAndroidMainBuild UP-TO-DATE
> Task :core:common:kmpPartiallyResolvedDependenciesChecker
> Task :core:ui:preAndroidMainBuild UP-TO-DATE
> Task :app:mergeDebugJniLibFolders UP-TO-DATE
> Task :core:data:mergeAndroidMainJniLibFolders UP-TO-DATE
> Task :core:i18n:mergeAndroidMainJniLibFolders UP-TO-DATE
> Task :core:ui:mergeAndroidMainJniLibFolders UP-TO-DATE
> Task :core:common:mergeAndroidMainJniLibFolders UP-TO-DATE
> Task :app:generateDebugBuildConfig UP-TO-DATE
> Task :core:data:mergeAndroidMainNativeLibs NO-SOURCE
> Task :core:i18n:mergeAndroidMainNativeLibs NO-SOURCE
> Task :core:common:mergeAndroidMainNativeLibs NO-SOURCE
> Task :core:ui:mergeAndroidMainNativeLibs NO-SOURCE
> Task :core:data:copyAndroidMainJniLibsProjectOnly UP-TO-DATE
> Task :core:ui:copyAndroidMainJniLibsProjectOnly UP-TO-DATE
> Task :core:i18n:copyAndroidMainJniLibsProjectOnly UP-TO-DATE
> Task :core:common:copyAndroidMainJniLibsProjectOnly UP-TO-DATE
> Task :core:i18n:generateAndroidMainEmptyResourceFiles UP-TO-DATE
> Task :core:common:generateAndroidMainEmptyResourceFiles UP-TO-DATE
> Task :core:common:checkKotlinGradlePluginConfigurationErrors SKIPPED
> Task :core:ui:generateAndroidMainEmptyResourceFiles UP-TO-DATE
> Task :core:data:generateAndroidMainEmptyResourceFiles UP-TO-DATE
> Task :app:prepareLibraryDefinitionsDebug UP-TO-DATE
> Task :core:data:kmpPartiallyResolvedDependenciesChecker
> Task :core:data:checkKotlinGradlePluginConfigurationErrors SKIPPED
> Task :core:i18n:kmpPartiallyResolvedDependenciesChecker
> Task :core:i18n:checkKotlinGradlePluginConfigurationErrors SKIPPED
> Task :core:i18n:generateMRcommonTest UP-TO-DATE
> Task :app:generateDebugResources UP-TO-DATE
> Task :app:mapDebugSourceSetPaths UP-TO-DATE
> Task :app:extractDebugSupportedLocales UP-TO-DATE
> Task :core:ui:kmpPartiallyResolvedDependenciesChecker
> Task :core:ui:checkKotlinGradlePluginConfigurationErrors SKIPPED
> Task :core:i18n:generateMRjvmTest UP-TO-DATE
> Task :core:i18n:generateMRandroidHostTest UP-TO-DATE
> Task :core:i18n:generateMRcommonMain UP-TO-DATE
> Task :core:ui:copyNonXmlValueResourcesForAndroidMain NO-SOURCE
> Task :core:i18n:generateMRjvmMain UP-TO-DATE
> Task :core:ui:convertXmlValueResourcesForCommonMain NO-SOURCE
> Task :core:ui:convertXmlValueResourcesForAndroidMain NO-SOURCE
> Task :core:ui:copyNonXmlValueResourcesForCommonMain NO-SOURCE
> Task :app:generateDebugLocaleConfig UP-TO-DATE
> Task :core:ui:prepareComposeResourcesTaskForCommonMain NO-SOURCE
> Task :core:ui:generateResourceAccessorsForCommonMain SKIPPED
> Task :core:ui:convertXmlValueResourcesForJvmMain NO-SOURCE
> Task :core:ui:copyNonXmlValueResourcesForJvmMain NO-SOURCE
> Task :core:i18n:generateMRandroidMain UP-TO-DATE
> Task :core:ui:prepareComposeResourcesTaskForJvmMain NO-SOURCE
> Task :core:ui:generateResourceAccessorsForJvmMain SKIPPED
> Task :core:ui:generateComposeResClass SKIPPED
> Task :core:ui:generateExpectResourceCollectorsForCommonMain SKIPPED
> Task :app:javaPreCompileDebug UP-TO-DATE
> Task :app:generateDebugAssets UP-TO-DATE
> Task :app:packageDebugResources UP-TO-DATE
> Task :core:i18n:generateAndroidMainAssets UP-TO-DATE
> Task :core:i18n:mergeAndroidMainAssets UP-TO-DATE
> Task :core:i18n:packageAndroidMainResources UP-TO-DATE
> Task :app:generateDebugGlobalSynthetics UP-TO-DATE
> Task :core:i18n:parseAndroidMainLocalResources UP-TO-DATE
> Task :core:i18n:generateAndroidMainRFile UP-TO-DATE
> Task :app:l8DexDesugarLibDebug UP-TO-DATE
> Task :core:i18n:compileAndroidMain UP-TO-DATE
> Task :core:i18n:bundleAndroidMainClassesToCompileJar UP-TO-DATE
> Task :core:i18n:processAndroidMainJavaRes UP-TO-DATE
> Task :app:desugarDebugFileDependencies UP-TO-DATE
> Task :core:i18n:bundleLibRuntimeToDirAndroidMain UP-TO-DATE
> Task :core:common:writeAndroidMainAarMetadata UP-TO-DATE
> Task :core:data:writeAndroidMainAarMetadata UP-TO-DATE
> Task :core:i18n:writeAndroidMainAarMetadata UP-TO-DATE
> Task :core:ui:prepareComposeResourcesTaskForAndroidMain NO-SOURCE
> Task :core:ui:generateResourceAccessorsForAndroidMain SKIPPED
> Task :core:ui:writeAndroidMainAarMetadata UP-TO-DATE
> Task :core:ui:generateActualResourceCollectorsForAndroidMain SKIPPED
> Task :core:common:compileAndroidMain UP-TO-DATE
> Task :core:common:bundleAndroidMainClassesToCompileJar UP-TO-DATE
> Task :core:data:kspAndroidMain UP-TO-DATE
> Task :core:data:copyRoomSchemas NO-SOURCE
> Task :app:configureCMakeDebug[arm64-v8a]
> Task :app:configureCMakeDebug[x86_64]
> Task :app:configureCMakeDebug[armeabi-v7a]
> Task :app:checkDebugDuplicateClasses UP-TO-DATE
> Task :app:processDebugNavigationResources UP-TO-DATE
> Task :app:mergeDebugAssets UP-TO-DATE
> Task :app:checkDebugAarMetadata UP-TO-DATE
> Task :app:parseDebugLocalResources UP-TO-DATE
> Task :app:compressDebugAssets UP-TO-DATE
> Task :core:common:processAndroidMainJavaRes UP-TO-DATE
> Task :app:generateDebugRFile UP-TO-DATE
> Task :app:compileDebugNavigationResources UP-TO-DATE
> Task :app:createDebugCompatibleScreenManifests UP-TO-DATE
> Task :app:extractDeepLinksDebug UP-TO-DATE
> Task :core:common:bundleLibRuntimeToDirAndroidMain UP-TO-DATE
> Task :core:common:processAndroidMainManifest UP-TO-DATE
> Task :core:data:processAndroidMainManifest UP-TO-DATE
> Task :core:i18n:processAndroidMainManifest UP-TO-DATE
> Task :app:mergeDebugResources UP-TO-DATE
> Task :app:validateSigningDebug UP-TO-DATE
> Task :app:writeDebugAppMetadata UP-TO-DATE
> Task :core:i18n:mapAndroidMainSourceSetPaths UP-TO-DATE
> Task :core:ui:processAndroidMainManifest UP-TO-DATE
> Task :core:i18n:compileAndroidMainLibraryResources UP-TO-DATE
> Task :app:preDebugAndroidTestBuild SKIPPED
> Task :app:writeDebugSigningConfigVersions UP-TO-DATE
> Task :app:generateDebugAndroidTestResources UP-TO-DATE
> Task :app:packageDebugAndroidTestResources UP-TO-DATE
> Task :app:processDebugAndroidTestNavigationResources UP-TO-DATE
> Task :app:parseDebugAndroidTestLocalResources UP-TO-DATE
> Task :app:generateDebugAndroidTestRFile UP-TO-DATE
> Task :app:javaPreCompileDebugAndroidTest UP-TO-DATE
> Task :app:generateDebugAndroidTestAssets UP-TO-DATE
> Task :app:mergeDebugAndroidTestManifest UP-TO-DATE
> Task :app:processDebugAndroidTestManifest UP-TO-DATE
> Task :app:generateDebugAndroidTestBuildConfig UP-TO-DATE
> Task :app:generateDebugAndroidTestGlobalSynthetics UP-TO-DATE
> Task :app:checkDebugAndroidTestDuplicateClasses UP-TO-DATE
> Task :app:desugarDebugAndroidTestFileDependencies UP-TO-DATE
> Task :app:mergeDebugAndroidTestAssets
> Task :app:processDebugMainManifest UP-TO-DATE
> Task :app:processDebugManifest UP-TO-DATE
> Task :app:compressDebugAndroidTestAssets
> Task :app:checkDebugAndroidTestAarMetadata UP-TO-DATE
> Task :app:processDebugManifestForPackage UP-TO-DATE
> Task :app:mapDebugAndroidTestSourceSetPaths UP-TO-DATE
> Task :app:compileDebugAndroidTestNavigationResources UP-TO-DATE
> Task :app:mergeDebugAndroidTestResources UP-TO-DATE
> Task :app:processDebugAndroidTestResources UP-TO-DATE
> Task :app:mergeDebugAndroidTestJniLibFolders UP-TO-DATE
> Task :app:processDebugResources UP-TO-DATE
> Task :app:validateSigningDebugAndroidTest UP-TO-DATE
> Task :app:preNonMinifiedReleaseBuild UP-TO-DATE
> Task :app:writeDebugAndroidTestSigningConfigVersions UP-TO-DATE
> Task :app:configureCMakeRelWithDebInfo[armeabi-v7a]
> Task :app:configureCMakeRelWithDebInfo[arm64-v8a]
> Task :app:mergeExtDexDebugAndroidTest UP-TO-DATE
> Task :app:mergeExtDexDebug UP-TO-DATE
> Task :app:preReleaseBuild UP-TO-DATE
> Task :app:mergeReleaseJniLibFolders UP-TO-DATE
> Task :core:common:prepareAndroidMainArtProfile UP-TO-DATE
> Task :core:data:prepareAndroidMainArtProfile UP-TO-DATE
> Task :app:configureCMakeRelWithDebInfo[x86_64]
> Task :core:i18n:prepareAndroidMainArtProfile UP-TO-DATE
> Task :core:ui:prepareAndroidMainArtProfile UP-TO-DATE
> Task :app:mergeReleaseArtProfile UP-TO-DATE
> Task :app:expandReleaseL8ArtProfileWildcards UP-TO-DATE
> Task :core:i18n:mergeAndroidMainGeneratedProguardFiles UP-TO-DATE
> Task :core:i18n:exportAndroidMainConsumerProguardFiles UP-TO-DATE
> Task :core:common:mergeAndroidMainGeneratedProguardFiles UP-TO-DATE
> Task :core:common:exportAndroidMainConsumerProguardFiles UP-TO-DATE
> Task :app:checkReleaseDuplicateClasses UP-TO-DATE
> Task :app:generateReleaseBuildConfig UP-TO-DATE
> Task :app:prepareLibraryDefinitionsRelease UP-TO-DATE
> Task :app:extractReleaseSupportedLocales UP-TO-DATE
> Task :app:mapReleaseSourceSetPaths UP-TO-DATE
> Task :app:generateReleaseLocaleConfig UP-TO-DATE
> Task :app:generateReleaseResources UP-TO-DATE
> Task :app:packageReleaseResources UP-TO-DATE
> Task :app:processReleaseNavigationResources UP-TO-DATE
> Task :app:parseReleaseLocalResources UP-TO-DATE
> Task :app:generateReleaseRFile UP-TO-DATE
> Task :app:javaPreCompileRelease UP-TO-DATE
> Task :app:checkReleaseAarMetadata UP-TO-DATE
> Task :app:compileReleaseNavigationResources UP-TO-DATE
> Task :app:mergeReleaseResources UP-TO-DATE
> Task :app:createReleaseCompatibleScreenManifests UP-TO-DATE
> Task :app:extractDeepLinksRelease UP-TO-DATE
> Task :app:processReleaseMainManifest UP-TO-DATE
> Task :app:processReleaseManifest UP-TO-DATE
> Task :app:processReleaseManifestForPackage UP-TO-DATE
> Task :app:processReleaseResources UP-TO-DATE
> Task :core:common:bundleAndroidMainClassesToRuntimeJar UP-TO-DATE
> Task :core:i18n:bundleAndroidMainClassesToRuntimeJar UP-TO-DATE
> Task :app:extractProguardFiles UP-TO-DATE
> Task :app:mergeReleaseStartupProfile UP-TO-DATE
> Task :app:generateReleaseAssets UP-TO-DATE
> Task :app:mergeReleaseAssets UP-TO-DATE
> Task :app:compressReleaseAssets UP-TO-DATE
> Task :app:extractReleaseVersionControlInfo UP-TO-DATE
> Task :app:validateSigningRelease UP-TO-DATE
> Task :app:writeReleaseAppMetadata UP-TO-DATE
> Task :app:writeReleaseSigningConfigVersions UP-TO-DATE
> Task :core:common:createFullJarAndroidMain UP-TO-DATE
> Task :core:common:extractProguardFiles UP-TO-DATE
> Task :core:common:generateAndroidMainLintModel UP-TO-DATE
> Task :core:common:prepareLintJarForPublish UP-TO-DATE
> Task :core:data:extractProguardFiles UP-TO-DATE
> Task :core:data:prepareLintJarForPublish UP-TO-DATE
> Task :core:i18n:createFullJarAndroidMain UP-TO-DATE
> Task :core:i18n:extractProguardFiles UP-TO-DATE
> Task :core:i18n:generateAndroidMainLintModel UP-TO-DATE
> Task :core:i18n:prepareLintJarForPublish UP-TO-DATE
> Task :core:ui:extractProguardFiles UP-TO-DATE
> Task :core:ui:prepareLintJarForPublish UP-TO-DATE
> Task :core:data:checkAndroidMainAarMetadata UP-TO-DATE

> Task :app:buildCMakeDebug[x86_64]
C/C++:     Blocking waiting for file lock on package cache
C/C++:     Blocking waiting for file lock on package cache
C/C++:     Blocking waiting for file lock on package cache
C/C++:     Finished `dev` profile [unoptimized + debuginfo] target(s) in 0.20s

> Task :core:data:extractAndroidMainAnnotations UP-TO-DATE
> Task :core:i18n:checkAndroidMainAarMetadata UP-TO-DATE
> Task :core:i18n:extractAndroidMainAnnotations UP-TO-DATE

> Task :app:buildCMakeDebug[arm64-v8a]
C/C++:     Blocking waiting for file lock on package cache
C/C++:     Blocking waiting for file lock on package cache
C/C++:     Finished `dev` profile [unoptimized + debuginfo] target(s) in 0.19s

> Task :core:i18n:mergeAndroidMainJavaResource UP-TO-DATE
> Task :core:i18n:syncAndroidMainLibJars UP-TO-DATE
> Task :core:i18n:bundleAndroidMainLocalLintAar UP-TO-DATE
> Task :core:ui:checkAndroidMainAarMetadata UP-TO-DATE
> Task :core:ui:extractAndroidMainAnnotations UP-TO-DATE

> Task :app:buildCMakeDebug[armeabi-v7a]
C/C++:     Blocking waiting for file lock on package cache
C/C++:     Blocking waiting for file lock on package cache
C/C++:     Blocking waiting for file lock on package cache
C/C++:     Finished `dev` profile [unoptimized + debuginfo] target(s) in 0.19s

> Task :core:common:checkAndroidMainAarMetadata UP-TO-DATE
> Task :core:common:extractAndroidMainAnnotations UP-TO-DATE
> Task :core:common:mergeAndroidMainJavaResource UP-TO-DATE
> Task :core:common:syncAndroidMainLibJars UP-TO-DATE
> Task :core:common:bundleAndroidMainLocalLintAar UP-TO-DATE
> Task :app:spotlessKotlin
> Task :app:spotlessKotlinApply
> Task :app:spotlessApply
> Task :app:spotlessKotlinCheck
> Task :app:spotlessCheck
> Task :core:common:writeAndroidMainLintModelMetadata UP-TO-DATE
> Task :core:data:writeAndroidMainLintModelMetadata UP-TO-DATE

> Task :app:buildCMakeRelWithDebInfo[armeabi-v7a]
C/C++:     Blocking waiting for file lock on package cache
C/C++:     Blocking waiting for file lock on package cache
C/C++:     Blocking waiting for file lock on package cache
C/C++:     Blocking waiting for file lock on package cache
C/C++:     Blocking waiting for file lock on package cache
C/C++: warning: stripping debug info with `rust-objcopy` failed: signal: 6 (SIGABRT)
C/C++:   |
C/C++:   = note: dyld[69391]: Library not loaded: @rpath/libLLVM.dylib
C/C++:             Referenced from: <7E2748AE-4679-37E5-A755-895E8E0CB68C> /Users/zhanziyuan/.rustup/toolchains/nightly-2026-08-22-aarch64-apple-darwin/lib/rustlib/aarch64-apple-darwin/bin/rust-objcopy
C/C++:             Reason: tried: '/Users/zhanziyuan/.rustup/toolchains/nightly-2026-08-22-aarch64-apple-darwin/lib/rustlib/aarch64-apple-darwin/bin/../lib/libLLVM.dylib' (no such file), '/Users/zhanziyuan/.rustup/toolchains/nightly-2026-08-22-aarch64-apple-darwin/lib/rustlib/aarch64-apple-darwin/bin/../lib/libLLVM.dylib' (no such file), '/Users/zhanziyuan/lib/libLLVM.dylib' (no such file), '/usr/local/lib/libLLVM.dylib' (no such file), '/usr/lib/libLLVM.dylib' (no such file, not in dyld cache)
C/C++:           
C/C++: warning: `ehviewer_rust` (build script) generated 1 warning
C/C++:    Compiling ehviewer_core v0.0.0 (/Users/zhanziyuan/Documents/GitHub/EhViewer/app/src/main/rust/core)
C/C++:    Compiling ehviewer_rust v0.0.0 (/Users/zhanziyuan/Documents/GitHub/EhViewer/app/src/main/rust)

> Task :core:i18n:writeAndroidMainLintModelMetadata UP-TO-DATE
> Task :core:ui:writeAndroidMainLintModelMetadata UP-TO-DATE
> Task :core:common:preAndroidHostTestBuild UP-TO-DATE

> Task :app:buildCMakeRelWithDebInfo[arm64-v8a]
C/C++:     Blocking waiting for file lock on package cache
C/C++:     Blocking waiting for file lock on package cache
C/C++:     Blocking waiting for file lock on package cache
C/C++:     Blocking waiting for file lock on package cache
C/C++: warning: stripping debug info with `rust-objcopy` failed: signal: 6 (SIGABRT)
C/C++:   |
C/C++:   = note: dyld[69567]: Library not loaded: @rpath/libLLVM.dylib
C/C++:             Referenced from: <7E2748AE-4679-37E5-A755-895E8E0CB68C> /Users/zhanziyuan/.rustup/toolchains/nightly-2026-08-22-aarch64-apple-darwin/lib/rustlib/aarch64-apple-darwin/bin/rust-objcopy
C/C++:             Reason: tried: '/Users/zhanziyuan/.rustup/toolchains/nightly-2026-08-22-aarch64-apple-darwin/lib/rustlib/aarch64-apple-darwin/bin/../lib/libLLVM.dylib' (no such file), '/Users/zhanziyuan/.rustup/toolchains/nightly-2026-08-22-aarch64-apple-darwin/lib/rustlib/aarch64-apple-darwin/bin/../lib/libLLVM.dylib' (no such file), '/Users/zhanziyuan/lib/libLLVM.dylib' (no such file), '/usr/local/lib/libLLVM.dylib' (no such file), '/usr/lib/libLLVM.dylib' (no such file, not in dyld cache)
C/C++:           
C/C++: warning: `ehviewer_rust` (build script) generated 1 warning
C/C++:    Compiling ehviewer_rust v0.0.0 (/Users/zhanziyuan/Documents/GitHub/EhViewer/app/src/main/rust)
C/C++:    Compiling ehviewer_core v0.0.0 (/Users/zhanziyuan/Documents/GitHub/EhViewer/app/src/main/rust/core)

> Task :core:common:generateAndroidHostTestLintModel UP-TO-DATE

> Task :app:buildCMakeRelWithDebInfo[x86_64]
C/C++:     Blocking waiting for file lock on package cache
C/C++:     Blocking waiting for file lock on package cache
C/C++:     Blocking waiting for file lock on package cache
C/C++: warning: stripping debug info with `rust-objcopy` failed: signal: 6 (SIGABRT)
C/C++:   |
C/C++:   = note: dyld[69413]: Library not loaded: @rpath/libLLVM.dylib
C/C++:             Referenced from: <7E2748AE-4679-37E5-A755-895E8E0CB68C> /Users/zhanziyuan/.rustup/toolchains/nightly-2026-08-22-aarch64-apple-darwin/lib/rustlib/aarch64-apple-darwin/bin/rust-objcopy
C/C++:             Reason: tried: '/Users/zhanziyuan/.rustup/toolchains/nightly-2026-08-22-aarch64-apple-darwin/lib/rustlib/aarch64-apple-darwin/bin/../lib/libLLVM.dylib' (no such file), '/Users/zhanziyuan/.rustup/toolchains/nightly-2026-08-22-aarch64-apple-darwin/lib/rustlib/aarch64-apple-darwin/bin/../lib/libLLVM.dylib' (no such file), '/Users/zhanziyuan/lib/libLLVM.dylib' (no such file), '/usr/local/lib/libLLVM.dylib' (no such file), '/usr/lib/libLLVM.dylib' (no such file, not in dyld cache)
C/C++:           
C/C++: warning: `ehviewer_rust` (build script) generated 1 warning
C/C++:    Compiling ehviewer_rust v0.0.0 (/Users/zhanziyuan/Documents/GitHub/EhViewer/app/src/main/rust)
C/C++:    Compiling ehviewer_core v0.0.0 (/Users/zhanziyuan/Documents/GitHub/EhViewer/app/src/main/rust/core)

> Task :core:common:lintAnalyzeAndroidHostTest
> Task :core:data:preAndroidHostTestBuild UP-TO-DATE
> Task :core:i18n:preAndroidHostTestBuild UP-TO-DATE
> Task :core:i18n:generateAndroidHostTestLintModel UP-TO-DATE
> Task :core:ui:preAndroidHostTestBuild UP-TO-DATE
> Task :core:i18n:lintAnalyzeAndroidHostTest
> Task :app:mergeDebugNativeLibs
> Task :app:mergeDebugAndroidTestNativeLibs NO-SOURCE
> Task :app:stripDebugAndroidTestDebugSymbols NO-SOURCE
> Task :app:stripDebugDebugSymbols
> Task :app:extractDebugNativeDebugMetadata
> Task :core:common:lintAnalyzeAndroidMain
> Task :core:i18n:lintAnalyzeAndroidMain
> Task :core:data:compileAndroidMain
> Task :core:data:mergeAndroidMainGeneratedProguardFiles UP-TO-DATE
> Task :core:data:bundleAndroidMainClassesToRuntimeJar UP-TO-DATE
> Task :core:data:bundleAndroidMainClassesToCompileJar UP-TO-DATE
> Task :core:data:exportAndroidMainConsumerProguardFiles UP-TO-DATE
> Task :core:data:bundleLibRuntimeToDirAndroidMain UP-TO-DATE
> Task :core:data:processAndroidMainJavaRes UP-TO-DATE
> Task :core:data:createFullJarAndroidMain UP-TO-DATE
> Task :core:data:mergeAndroidMainJavaResource UP-TO-DATE
> Task :core:data:syncAndroidMainLibJars UP-TO-DATE
> Task :core:data:bundleAndroidMainLocalLintAar UP-TO-DATE
> Task :core:data:generateAndroidMainLintModel UP-TO-DATE
> Task :core:data:generateAndroidHostTestLintModel UP-TO-DATE
> Task :core:data:lintAnalyzeAndroidHostTest
> Task :core:ui:compileAndroidMain
> Task :core:ui:mergeAndroidMainGeneratedProguardFiles UP-TO-DATE
> Task :core:ui:bundleAndroidMainClassesToRuntimeJar UP-TO-DATE
> Task :core:ui:processAndroidMainJavaRes UP-TO-DATE
> Task :core:ui:bundleAndroidMainClassesToCompileJar UP-TO-DATE
> Task :core:ui:exportAndroidMainConsumerProguardFiles UP-TO-DATE
> Task :core:ui:createFullJarAndroidMain UP-TO-DATE
> Task :core:ui:mergeAndroidMainJavaResource UP-TO-DATE
> Task :core:ui:syncAndroidMainLibJars UP-TO-DATE
> Task :core:ui:bundleAndroidMainLocalLintAar UP-TO-DATE
> Task :core:ui:bundleLibRuntimeToDirAndroidMain UP-TO-DATE
> Task :app:mergeLibDexDebug UP-TO-DATE
> Task :app:mergeLibDexDebugAndroidTest UP-TO-DATE
> Task :core:ui:generateAndroidMainLintModel UP-TO-DATE
> Task :core:ui:generateAndroidHostTestLintModel UP-TO-DATE
> Task :app:kspDebugKotlin UP-TO-DATE
> Task :app:kspReleaseKotlin UP-TO-DATE
> Task :core:ui:lintAnalyzeAndroidHostTest
> Task :app:mergeDebugNativeDebugMetadata

> Task :app:buildCMakeRelWithDebInfo[armeabi-v7a]
C/C++:     Finished `release` profile [optimized] target(s) in 25.00s
C/C++: ninja: Entering directory `/Users/zhanziyuan/Documents/GitHub/EhViewer/app/.cxx/RelWithDebInfo/56n3v2n2/armeabi-v7a'
C/C++: checking if we should use a .note.GNU-stack section... /Applications/Xcode.app/Contents/Developer/Toolchains/XcodeDefault.xctoolchain/usr/bin/objdump: error: 'conftest.o': The file was not recognized as a valid object file
C/C++: rm: conftest.exe.dSYM: is a directory
C/C++: no
C/C++: checking if .align assembly directive is logarithmic... rm: conftest,ff8.dSYM: is a directory
C/C++: rm: conftest.exe.dSYM: is a directory
C/C++: yes
C/C++: checking if Intel CET is enabled... no
C/C++: checking for m4... /usr/bin/m4
C/C++: checking for makeinfo... not-found
C/C++: checking for library containing clock_gettime... none required
C/C++: configure: creating ./config.status
C/C++: config.status: creating config.make
C/C++: config.status: creating config.m4
C/C++: config.status: creating Makefile
C/C++: config.status: creating version.h
C/C++: config.status: creating tools/Makefile
C/C++: config.status: creating testsuite/Makefile
C/C++: config.status: creating examples/Makefile
C/C++: config.status: creating nettle.pc
C/C++: config.status: creating hogweed.pc
C/C++: config.status: creating libnettle.map
C/C++: config.status: creating libhogweed.map
C/C++: config.status: creating config.h
C/C++: config.status: config.h is unchanged
C/C++: config.status: linking arm/fat/aes-encrypt-internal.asm to aes-encrypt-internal.asm
C/C++: config.status: linking arm/fat/aes-decrypt-internal.asm to aes-decrypt-internal.asm
C/C++: config.status: linking arm/memxor.asm to memxor.asm
C/C++: config.status: linking arm/memxor3.asm to memxor3.asm
C/C++: config.status: linking arm/machine.m4 to machine.m4
C/C++: config.status: linking arm/fat/aes-encrypt-internal-2.asm to aes-encrypt-internal-2.asm
C/C++: config.status: linking arm/fat/aes-decrypt-internal-2.asm to aes-decrypt-internal-2.asm
C/C++: config.status: linking arm/fat/chacha-3core.asm to chacha-3core.asm
C/C++: config.status: linking arm/fat/salsa20-2core.asm to salsa20-2core.asm
C/C++: config.status: linking arm/fat/sha1-compress-2.asm to sha1-compress-2.asm
C/C++: config.status: linking arm/fat/sha256-compress-n-2.asm to sha256-compress-n-2.asm
C/C++: config.status: linking arm/fat/sha3-permute-2.asm to sha3-permute-2.asm
C/C++: config.status: linking arm/fat/sha512-compress-2.asm to sha512-compress-2.asm
C/C++: config.status: linking arm/fat/umac-nh-n-2.asm to umac-nh-n-2.asm
C/C++: config.status: linking arm/fat/umac-nh-2.asm to umac-nh-2.asm
C/C++: configure: summary of build options:
C/C++:   Version:           nettle 4.0
C/C++:   Host type:         armv7-none-linux-androideabi26
C/C++:   ABI:               standard
C/C++:   Assembly files:    arm/fat arm
C/C++:   Install prefix:    /usr/local
C/C++:   Library directory: ${exec_prefix}/lib

> Task :app:buildCMakeRelWithDebInfo[arm64-v8a]
C/C++:     Finished `release` profile [optimized] target(s) in 26.65s
C/C++: ninja: Entering directory `/Users/zhanziyuan/Documents/GitHub/EhViewer/app/.cxx/RelWithDebInfo/56n3v2n2/arm64-v8a'
C/C++: checking if we should use a .note.GNU-stack section... /Applications/Xcode.app/Contents/Developer/Toolchains/XcodeDefault.xctoolchain/usr/bin/objdump: error: 'conftest.o': The file was not recognized as a valid object file
C/C++: rm: conftest.exe.dSYM: is a directory
C/C++: no
C/C++: checking if .align assembly directive is logarithmic... rm: conftest,ff8.dSYM: is a directory
C/C++: rm: conftest.exe.dSYM: is a directory
C/C++: yes
C/C++: checking if Intel CET is enabled... no
C/C++: checking for m4... /usr/bin/m4
C/C++: checking for makeinfo... not-found
C/C++: checking for library containing clock_gettime... none required
C/C++: configure: creating ./config.status
C/C++: config.status: creating config.make
C/C++: config.status: creating config.m4
C/C++: config.status: creating Makefile
C/C++: config.status: creating version.h
C/C++: config.status: creating tools/Makefile
C/C++: config.status: creating testsuite/Makefile
C/C++: config.status: creating examples/Makefile
C/C++: config.status: creating nettle.pc
C/C++: config.status: creating hogweed.pc
C/C++: config.status: creating libnettle.map
C/C++: config.status: creating libhogweed.map
C/C++: config.status: creating config.h
C/C++: config.status: config.h is unchanged
C/C++: config.status: linking arm64/chacha-core-internal.asm to chacha-core-internal.asm
C/C++: config.status: linking arm64/machine.m4 to machine.m4
C/C++: config.status: linking arm64/fat/aes128-encrypt-2.asm to aes128-encrypt-2.asm
C/C++: config.status: linking arm64/fat/aes128-decrypt-2.asm to aes128-decrypt-2.asm
C/C++: config.status: linking arm64/fat/aes192-encrypt-2.asm to aes192-encrypt-2.asm
C/C++: config.status: linking arm64/fat/aes192-decrypt-2.asm to aes192-decrypt-2.asm
C/C++: config.status: linking arm64/fat/aes256-encrypt-2.asm to aes256-encrypt-2.asm
C/C++: config.status: linking arm64/fat/aes256-decrypt-2.asm to aes256-decrypt-2.asm
C/C++: config.status: linking arm64/chacha-2core.asm to chacha-2core.asm
C/C++: config.status: linking arm64/chacha-4core.asm to chacha-4core.asm
C/C++: config.status: linking arm64/fat/ghash-set-key-2.asm to ghash-set-key-2.asm
C/C++: config.status: linking arm64/fat/ghash-update-2.asm to ghash-update-2.asm
C/C++: config.status: linking arm64/fat/sha1-compress-2.asm to sha1-compress-2.asm
C/C++: config.status: linking arm64/fat/sha256-compress-n-2.asm to sha256-compress-n-2.asm
C/C++: configure: summary of build options:
C/C++:   Version:           nettle 4.0
C/C++:   Host type:         aarch64-none-linux-android26
C/C++:   ABI:               64
C/C++:   Assembly files:    arm64/fat arm64
C/C++:   Install prefix:    /usr/local
C/C++:   Library directory: ${exec_prefix}/lib

> Task :app:buildCMakeRelWithDebInfo[x86_64]
C/C++:     Finished `release` profile [optimized] target(s) in 26.26s
C/C++: ninja: Entering directory `/Users/zhanziyuan/Documents/GitHub/EhViewer/app/.cxx/RelWithDebInfo/56n3v2n2/x86_64'
C/C++: checking if we should use a .note.GNU-stack section... /Applications/Xcode.app/Contents/Developer/Toolchains/XcodeDefault.xctoolchain/usr/bin/objdump: error: 'conftest.o': The file was not recognized as a valid object file
C/C++: rm: conftest.exe.dSYM: is a directory
C/C++: no
C/C++: checking if .align assembly directive is logarithmic... rm: conftest,ff8.dSYM: is a directory
C/C++: rm: conftest.exe.dSYM: is a directory
C/C++: no
C/C++: checking if Intel CET is enabled... no
C/C++: checking for m4... /usr/bin/m4
C/C++: checking for makeinfo... not-found
C/C++: checking for library containing clock_gettime... none required
C/C++: configure: creating ./config.status
C/C++: config.status: creating config.make
C/C++: config.status: creating config.m4
C/C++: config.status: creating Makefile
C/C++: config.status: creating version.h
C/C++: config.status: creating tools/Makefile
C/C++: config.status: creating testsuite/Makefile
C/C++: config.status: creating examples/Makefile
C/C++: config.status: creating nettle.pc
C/C++: config.status: creating hogweed.pc
C/C++: config.status: creating libnettle.map
C/C++: config.status: creating libhogweed.map
C/C++: config.status: creating config.h
C/C++: config.status: config.h is unchanged
C/C++: config.status: linking x86_64/aes-encrypt-internal.asm to aes-encrypt-internal.asm
C/C++: config.status: linking x86_64/aes-decrypt-internal.asm to aes-decrypt-internal.asm
C/C++: config.status: linking x86_64/camellia-crypt-internal.asm to camellia-crypt-internal.asm
C/C++: config.status: linking x86_64/fat/memxor.asm to memxor.asm
C/C++: config.status: linking x86_64/memxor3.asm to memxor3.asm
C/C++: config.status: linking x86_64/fat/ghash-update.asm to ghash-update.asm
C/C++: config.status: linking x86_64/poly1305-internal.asm to poly1305-internal.asm
C/C++: config.status: linking x86_64/chacha-core-internal.asm to chacha-core-internal.asm
C/C++: config.status: linking x86_64/salsa20-core-internal.asm to salsa20-core-internal.asm
C/C++: config.status: linking x86_64/serpent-encrypt.asm to serpent-encrypt.asm
C/C++: config.status: linking x86_64/serpent-decrypt.asm to serpent-decrypt.asm
C/C++: config.status: linking x86_64/fat/sha1-compress.asm to sha1-compress.asm
C/C++: config.status: linking x86_64/fat/sha256-compress-n.asm to sha256-compress-n.asm
C/C++: config.status: linking x86_64/sha512-compress.asm to sha512-compress.asm
C/C++: config.status: linking x86_64/sha3-permute.asm to sha3-permute.asm
C/C++: config.status: linking x86_64/umac-nh.asm to umac-nh.asm
C/C++: config.status: linking x86_64/umac-nh-n.asm to umac-nh-n.asm
C/C++: config.status: linking x86_64/machine.m4 to machine.m4
C/C++: config.status: linking x86_64/fat/cpuid.asm to cpuid.asm
C/C++: config.status: linking x86_64/fat/memxor-2.asm to memxor-2.asm
C/C++: config.status: linking x86_64/fat/aes128-encrypt-2.asm to aes128-encrypt-2.asm
C/C++: config.status: linking x86_64/fat/aes128-decrypt-2.asm to aes128-decrypt-2.asm
C/C++: config.status: linking x86_64/fat/aes192-encrypt-2.asm to aes192-encrypt-2.asm
C/C++: config.status: linking x86_64/fat/aes192-decrypt-2.asm to aes192-decrypt-2.asm
C/C++: config.status: linking x86_64/fat/aes256-encrypt-2.asm to aes256-encrypt-2.asm
C/C++: config.status: linking x86_64/fat/aes256-decrypt-2.asm to aes256-decrypt-2.asm
C/C++: config.status: linking x86_64/fat/cbc-aes128-encrypt-2.asm to cbc-aes128-encrypt-2.asm
C/C++: config.status: linking x86_64/fat/cbc-aes192-encrypt-2.asm to cbc-aes192-encrypt-2.asm
C/C++: config.status: linking x86_64/fat/cbc-aes256-encrypt-2.asm to cbc-aes256-encrypt-2.asm
C/C++: config.status: linking x86_64/poly1305-blocks.asm to poly1305-blocks.asm
C/C++: config.status: linking x86_64/fat/ghash-set-key-2.asm to ghash-set-key-2.asm
C/C++: config.status: linking x86_64/fat/ghash-update-2.asm to ghash-update-2.asm
C/C++: config.status: linking x86_64/salsa20-2core.asm to salsa20-2core.asm
C/C++: config.status: linking x86_64/fat/sha1-compress-2.asm to sha1-compress-2.asm
C/C++: config.status: linking x86_64/fat/sha256-compress-n-2.asm to sha256-compress-n-2.asm
C/C++: configure: summary of build options:
C/C++:   Version:           nettle 4.0
C/C++:   Host type:         x86_64-none-linux-android26
C/C++:   ABI:               64
C/C++:   Assembly files:    x86_64/fat x86_64
C/C++:   Install prefix:    /usr/local
C/C++:   Library directory: ${exec_prefix}/lib

> Task :core:data:lintAnalyzeAndroidMain
> Task :app:mergeReleaseNativeLibs
> Task :app:stripReleaseDebugSymbols
> Task :app:extractReleaseNativeDebugMetadata
> Task :app:mergeReleaseNativeDebugMetadata
> Task :core:ui:lintAnalyzeAndroidMain
> Task :app:compileDebugKotlin
> Task :app:compileReleaseKotlin
w: file:///Users/zhanziyuan/Documents/GitHub/EhViewer/app/src/main/kotlin/com/hippo/ehviewer/spider/ComicInfo.kt:40:19 'constructor(serializersModule: SerializersModule = ..., configure: XmlConfig.CompatBuilder.() -> Unit = ...): XML' is deprecated. Update to the named factory functions.
w: file:///Users/zhanziyuan/Documents/GitHub/EhViewer/app/src/main/kotlin/com/hippo/ehviewer/ui/screen/DownloadsScreen.kt:336:17 'fun ListItem(headlineContent: ComposableFunction0<Unit>, modifier: Modifier = ..., overlineContent: ComposableFunction0<Unit>? = ..., supportingContent: ComposableFunction0<Unit>? = ..., leadingContent: ComposableFunction0<Unit>? = ..., trailingContent: ComposableFunction0<Unit>? = ..., colors: ListItemColors = ..., tonalElevation: Dp = ..., shadowElevation: Dp = ...): Unit' is deprecated. Use the overload where `headlineContent` is now a trailing `content` lambda.
w: file:///Users/zhanziyuan/Documents/GitHub/EhViewer/app/src/main/kotlin/com/hippo/ehviewer/ui/screen/DownloadsScreen.kt:349:17 'fun ListItem(headlineContent: ComposableFunction0<Unit>, modifier: Modifier = ..., overlineContent: ComposableFunction0<Unit>? = ..., supportingContent: ComposableFunction0<Unit>? = ..., leadingContent: ComposableFunction0<Unit>? = ..., trailingContent: ComposableFunction0<Unit>? = ..., colors: ListItemColors = ..., tonalElevation: Dp = ..., shadowElevation: Dp = ...): Unit' is deprecated. Use the overload where `headlineContent` is now a trailing `content` lambda.
w: file:///Users/zhanziyuan/Documents/GitHub/EhViewer/app/src/main/kotlin/com/hippo/ehviewer/ui/screen/DownloadsScreen.kt:403:25 'fun ListItem(headlineContent: ComposableFunction0<Unit>, modifier: Modifier = ..., overlineContent: ComposableFunction0<Unit>? = ..., supportingContent: ComposableFunction0<Unit>? = ..., leadingContent: ComposableFunction0<Unit>? = ..., trailingContent: ComposableFunction0<Unit>? = ..., colors: ListItemColors = ..., tonalElevation: Dp = ..., shadowElevation: Dp = ...): Unit' is deprecated. Use the overload where `headlineContent` is now a trailing `content` lambda.
w: file:///Users/zhanziyuan/Documents/GitHub/EhViewer/app/src/main/kotlin/com/hippo/ehviewer/ui/screen/GalleryListScreen.kt:367:33 'fun ListItem(headlineContent: ComposableFunction0<Unit>, modifier: Modifier = ..., overlineContent: ComposableFunction0<Unit>? = ..., supportingContent: ComposableFunction0<Unit>? = ..., leadingContent: ComposableFunction0<Unit>? = ..., trailingContent: ComposableFunction0<Unit>? = ..., colors: ListItemColors = ..., tonalElevation: Dp = ..., shadowElevation: Dp = ...): Unit' is deprecated. Use the overload where `headlineContent` is now a trailing `content` lambda.
w: file:///Users/zhanziyuan/Documents/GitHub/EhViewer/app/src/main/kotlin/com/hippo/ehviewer/ui/screen/SearchBarScreen.kt:233:9 'fun SearchBar(inputField: ComposableFunction0<Unit>, expanded: Boolean, onExpandedChange: (Boolean) -> Unit, modifier: Modifier = ..., shape: Shape = ..., colors: SearchBarColors = ..., tonalElevation: Dp = ..., shadowElevation: Dp = ..., windowInsets: WindowInsets = ..., content: ComposableFunction1<ColumnScope, Unit>): Unit' is deprecated. Use SearchBar with SearchBarState, and ExpandedFullScreenSearchBar or ExpandedDockedSearchBar to display results.
w: file:///Users/zhanziyuan/Documents/GitHub/EhViewer/app/src/main/kotlin/com/hippo/ehviewer/ui/screen/SearchBarScreen.kt:237:17 'fun InputField(state: TextFieldState, onSearch: (String) -> Unit, expanded: Boolean, onExpandedChange: (Boolean) -> Unit, modifier: Modifier = ..., enabled: Boolean = ..., readOnly: Boolean = ..., textStyle: TextStyle = ..., placeholder: ComposableFunction0<Unit>? = ..., leadingIcon: ComposableFunction0<Unit>? = ..., trailingIcon: ComposableFunction0<Unit>? = ..., prefix: ComposableFunction0<Unit>? = ..., suffix: ComposableFunction0<Unit>? = ..., inputTransformation: InputTransformation? = ..., outputTransformation: OutputTransformation? = ..., scrollState: ScrollState = ..., shape: Shape = ..., colors: TextFieldColors = ..., interactionSource: MutableInteractionSource? = ...): Unit' is deprecated. Use SearchBarDefaults.InputField with SearchBarState.

> Task :app:compileDebugKotlin
w: file:///Users/zhanziyuan/Documents/GitHub/EhViewer/app/src/main/kotlin/com/hippo/ehviewer/spider/ComicInfo.kt:40:19 'constructor(serializersModule: SerializersModule = ..., configure: XmlConfig.CompatBuilder.() -> Unit = ...): XML' is deprecated. Update to the named factory functions.
w: file:///Users/zhanziyuan/Documents/GitHub/EhViewer/app/src/main/kotlin/com/hippo/ehviewer/ui/screen/DownloadsScreen.kt:336:17 'fun ListItem(headlineContent: ComposableFunction0<Unit>, modifier: Modifier = ..., overlineContent: ComposableFunction0<Unit>? = ..., supportingContent: ComposableFunction0<Unit>? = ..., leadingContent: ComposableFunction0<Unit>? = ..., trailingContent: ComposableFunction0<Unit>? = ..., colors: ListItemColors = ..., tonalElevation: Dp = ..., shadowElevation: Dp = ...): Unit' is deprecated. Use the overload where `headlineContent` is now a trailing `content` lambda.
w: file:///Users/zhanziyuan/Documents/GitHub/EhViewer/app/src/main/kotlin/com/hippo/ehviewer/ui/screen/DownloadsScreen.kt:349:17 'fun ListItem(headlineContent: ComposableFunction0<Unit>, modifier: Modifier = ..., overlineContent: ComposableFunction0<Unit>? = ..., supportingContent: ComposableFunction0<Unit>? = ..., leadingContent: ComposableFunction0<Unit>? = ..., trailingContent: ComposableFunction0<Unit>? = ..., colors: ListItemColors = ..., tonalElevation: Dp = ..., shadowElevation: Dp = ...): Unit' is deprecated. Use the overload where `headlineContent` is now a trailing `content` lambda.
w: file:///Users/zhanziyuan/Documents/GitHub/EhViewer/app/src/main/kotlin/com/hippo/ehviewer/ui/screen/DownloadsScreen.kt:403:25 'fun ListItem(headlineContent: ComposableFunction0<Unit>, modifier: Modifier = ..., overlineContent: ComposableFunction0<Unit>? = ..., supportingContent: ComposableFunction0<Unit>? = ..., leadingContent: ComposableFunction0<Unit>? = ..., trailingContent: ComposableFunction0<Unit>? = ..., colors: ListItemColors = ..., tonalElevation: Dp = ..., shadowElevation: Dp = ...): Unit' is deprecated. Use the overload where `headlineContent` is now a trailing `content` lambda.
w: file:///Users/zhanziyuan/Documents/GitHub/EhViewer/app/src/main/kotlin/com/hippo/ehviewer/ui/screen/GalleryListScreen.kt:367:33 'fun ListItem(headlineContent: ComposableFunction0<Unit>, modifier: Modifier = ..., overlineContent: ComposableFunction0<Unit>? = ..., supportingContent: ComposableFunction0<Unit>? = ..., leadingContent: ComposableFunction0<Unit>? = ..., trailingContent: ComposableFunction0<Unit>? = ..., colors: ListItemColors = ..., tonalElevation: Dp = ..., shadowElevation: Dp = ...): Unit' is deprecated. Use the overload where `headlineContent` is now a trailing `content` lambda.
w: file:///Users/zhanziyuan/Documents/GitHub/EhViewer/app/src/main/kotlin/com/hippo/ehviewer/ui/screen/SearchBarScreen.kt:233:9 'fun SearchBar(inputField: ComposableFunction0<Unit>, expanded: Boolean, onExpandedChange: (Boolean) -> Unit, modifier: Modifier = ..., shape: Shape = ..., colors: SearchBarColors = ..., tonalElevation: Dp = ..., shadowElevation: Dp = ..., windowInsets: WindowInsets = ..., content: ComposableFunction1<ColumnScope, Unit>): Unit' is deprecated. Use SearchBar with SearchBarState, and ExpandedFullScreenSearchBar or ExpandedDockedSearchBar to display results.
w: file:///Users/zhanziyuan/Documents/GitHub/EhViewer/app/src/main/kotlin/com/hippo/ehviewer/ui/screen/SearchBarScreen.kt:237:17 'fun InputField(state: TextFieldState, onSearch: (String) -> Unit, expanded: Boolean, onExpandedChange: (Boolean) -> Unit, modifier: Modifier = ..., enabled: Boolean = ..., readOnly: Boolean = ..., textStyle: TextStyle = ..., placeholder: ComposableFunction0<Unit>? = ..., leadingIcon: ComposableFunction0<Unit>? = ..., trailingIcon: ComposableFunction0<Unit>? = ..., prefix: ComposableFunction0<Unit>? = ..., suffix: ComposableFunction0<Unit>? = ..., inputTransformation: InputTransformation? = ..., outputTransformation: OutputTransformation? = ..., scrollState: ScrollState = ..., shape: Shape = ..., colors: TextFieldColors = ..., interactionSource: MutableInteractionSource? = ...): Unit' is deprecated. Use SearchBarDefaults.InputField with SearchBarState.

> Task :app:processDebugJavaRes UP-TO-DATE
> Task :app:compileDebugJavaWithJavac UP-TO-DATE
> Task :app:bundleDebugClassesToCompileJar UP-TO-DATE
> Task :app:dexBuilderDebug UP-TO-DATE
> Task :app:mergeProjectDexDebug UP-TO-DATE
> Task :app:mergeDebugJavaResource UP-TO-DATE
> Task :app:processReleaseJavaRes UP-TO-DATE
> Task :app:mergeReleaseJavaResource UP-TO-DATE
> Task :app:compileReleaseJavaWithJavac UP-TO-DATE
> Task :app:mergeReleaseGeneratedProguardFiles UP-TO-DATE
> Task :app:produceReleaseComposeMapping UP-TO-DATE
> Task :app:reportReleaseComposeMappingErrors
> Task :app:generateReleaseLintReportModel UP-TO-DATE
> Task :app:expandReleaseArtProfileWildcards UP-TO-DATE
> Task :app:minifyReleaseWithR8 UP-TO-DATE
> Task :app:mergeReleaseComposeMapping UP-TO-DATE
> Task :app:convertShrunkResourcesToBinaryRelease UP-TO-DATE
> Task :app:optimizeReleaseResources UP-TO-DATE
> Task :app:l8DexDesugarLibRelease UP-TO-DATE
> Task :app:compileReleaseArtProfile UP-TO-DATE
> Task :app:packageRelease
> Task :app:assembleRelease
> Task :app:createReleaseApkListingFileRedirect UP-TO-DATE
> Task :app:packageDebug
> Task :app:assembleDebug
> Task :app:createDebugApkListingFileRedirect UP-TO-DATE
> Task :app:kspDebugAndroidTestKotlin
> Task :app:compileDebugAndroidTestKotlin
> Task :app:processDebugAndroidTestJavaRes UP-TO-DATE
> Task :app:mergeDebugAndroidTestJavaResource UP-TO-DATE
> Task :app:compileDebugAndroidTestJavaWithJavac UP-TO-DATE
> Task :app:dexBuilderDebugAndroidTest
> Task :app:mergeProjectDexDebugAndroidTest
> Task :app:packageDebugAndroidTest
> Task :app:assembleDebugAndroidTest
> Task :app:createDebugAndroidTestApkListingFileRedirect UP-TO-DATE
> Task :app:lintAnalyzeRelease

> Task :app:lintReportRelease
Wrote HTML report to file:///Users/zhanziyuan/Documents/GitHub/EhViewer/app/build/reports/lint-results-release.html
Wrote SARIF report to file:///Users/zhanziyuan/Documents/GitHub/EhViewer/app/build/reports/lint-results-release.sarif

> Task :app:lintRelease

[Incubating] Problems report is available at: file:///Users/zhanziyuan/Documents/GitHub/EhViewer/build/reports/problems/problems-report.html

BUILD SUCCESSFUL in 1m 47s
303 actionable tasks: 52 executed, 251 up-to-date
Configuration cache entry stored.
