Classfile /Users/zhanziyuan/Documents/GitHub/EhViewer/core/common/build/intermediates/runtime_library_classes_dir/androidMain/bundleLibRuntimeToDirAndroidMain/com/ehviewer/core/files/PathsKt.class
  Last modified 2026年10月10日; size 4597 bytes
  SHA-256 checksum 22563075783e4e164f2f8470300aaa3b422da85aeadcae91247cc6fbfbde7cd3
  Compiled from "Paths.kt"
public final class com.ehviewer.core.files.PathsKt
  minor version: 0
  major version: 69
  flags: (0x0031) ACC_PUBLIC, ACC_FINAL, ACC_SUPER
  this_class: #2                          // com/ehviewer/core/files/PathsKt
  super_class: #4                         // java/lang/Object
  interfaces: 0, fields: 0, methods: 11, attributes: 4
Constant pool:
    #1 = Utf8               com/ehviewer/core/files/PathsKt
    #2 = Class              #1            // com/ehviewer/core/files/PathsKt
    #3 = Utf8               java/lang/Object
    #4 = Class              #3            // java/lang/Object
    #5 = Utf8               isDirectory
    #6 = Utf8               (Lokio/Path;)Z
    #7 = Utf8               Lorg/jetbrains/annotations/NotNull;
    #8 = Utf8               <this>
    #9 = String             #8            // <this>
   #10 = Utf8               kotlin/jvm/internal/Intrinsics
   #11 = Class              #10           // kotlin/jvm/internal/Intrinsics
   #12 = Utf8               checkNotNullParameter
   #13 = Utf8               (Ljava/lang/Object;Ljava/lang/String;)V
   #14 = NameAndType        #12:#13       // checkNotNullParameter:(Ljava/lang/Object;Ljava/lang/String;)V
   #15 = Methodref          #11.#14       // kotlin/jvm/internal/Intrinsics.checkNotNullParameter:(Ljava/lang/Object;Ljava/lang/String;)V
   #16 = Utf8               com/ehviewer/core/files/FileSystem_androidKt
   #17 = Class              #16           // com/ehviewer/core/files/FileSystem_androidKt
   #18 = Utf8               getSystemFileSystem
   #19 = Utf8               ()Lokio/FileSystem;
   #20 = NameAndType        #18:#19       // getSystemFileSystem:()Lokio/FileSystem;
   #21 = Methodref          #17.#20       // com/ehviewer/core/files/FileSystem_androidKt.getSystemFileSystem:()Lokio/FileSystem;
   #22 = Utf8               okio/FileSystem
   #23 = Class              #22           // okio/FileSystem
   #24 = Utf8               metadataOrNull
   #25 = Utf8               (Lokio/Path;)Lokio/FileMetadata;
   #26 = NameAndType        #24:#25       // metadataOrNull:(Lokio/Path;)Lokio/FileMetadata;
   #27 = Methodref          #23.#26       // okio/FileSystem.metadataOrNull:(Lokio/Path;)Lokio/FileMetadata;
   #28 = Utf8               okio/FileMetadata
   #29 = Class              #28           // okio/FileMetadata
   #30 = Utf8               ()Z
   #31 = NameAndType        #5:#30        // isDirectory:()Z
   #32 = Methodref          #29.#31       // okio/FileMetadata.isDirectory:()Z
   #33 = Utf8               $this$isDirectory
   #34 = Utf8               Lokio/Path;
   #35 = Utf8               isFile
   #36 = Utf8               isRegularFile
   #37 = NameAndType        #36:#30       // isRegularFile:()Z
   #38 = Methodref          #29.#37       // okio/FileMetadata.isRegularFile:()Z
   #39 = Utf8               $this$isFile
   #40 = Utf8               Lorg/jetbrains/annotations/Nullable;
   #41 = Utf8               $this$metadataOrNull
   #42 = Utf8               find
   #43 = Utf8               (Lokio/Path;Ljava/lang/String;)Lokio/Path;
   #44 = Utf8               name
   #45 = String             #44           // name
   #46 = Utf8               okio/Path
   #47 = Class              #46           // okio/Path
   #48 = Utf8               resolve$default
   #49 = Utf8               (Lokio/Path;Ljava/lang/String;ZILjava/lang/Object;)Lokio/Path;
   #50 = NameAndType        #48:#49       // resolve$default:(Lokio/Path;Ljava/lang/String;ZILjava/lang/Object;)Lokio/Path;
   #51 = Methodref          #47.#50       // okio/Path.resolve$default:(Lokio/Path;Ljava/lang/String;ZILjava/lang/Object;)Lokio/Path;
   #52 = Utf8               exists
   #53 = NameAndType        #52:#6        // exists:(Lokio/Path;)Z
   #54 = Methodref          #2.#53        // com/ehviewer/core/files/PathsKt.exists:(Lokio/Path;)Z
   #55 = Utf8               $i$a$-takeIf-PathsKt$find$1
   #56 = Utf8               I
   #57 = Utf8               it
   #58 = Utf8               $this$find
   #59 = Utf8               Ljava/lang/String;
   #60 = Methodref          #23.#53       // okio/FileSystem.exists:(Lokio/Path;)Z
   #61 = Utf8               $this$exists
   #62 = Utf8               delete
   #63 = Utf8               (Lokio/Path;)V
   #64 = Utf8               deleteRecursively
   #65 = NameAndType        #64:#63       // deleteRecursively:(Lokio/Path;)V
   #66 = Methodref          #23.#65       // okio/FileSystem.deleteRecursively:(Lokio/Path;)V
   #67 = Utf8               $this$delete
   #68 = Utf8               deleteContent
   #69 = Utf8               (Lokio/Path;)Lkotlin/Unit;
   #70 = Utf8               listOrNull
   #71 = Utf8               (Lokio/Path;)Ljava/util/List;
   #72 = NameAndType        #70:#71       // listOrNull:(Lokio/Path;)Ljava/util/List;
   #73 = Methodref          #23.#72       // okio/FileSystem.listOrNull:(Lokio/Path;)Ljava/util/List;
   #74 = Utf8               java/lang/Iterable
   #75 = Class              #74           // java/lang/Iterable
   #76 = Utf8               iterator
   #77 = Utf8               ()Ljava/util/Iterator;
   #78 = NameAndType        #76:#77       // iterator:()Ljava/util/Iterator;
   #79 = InterfaceMethodref #75.#78       // java/lang/Iterable.iterator:()Ljava/util/Iterator;
   #80 = Utf8               java/util/Iterator
   #81 = Class              #80           // java/util/Iterator
   #82 = Utf8               hasNext
   #83 = NameAndType        #82:#30       // hasNext:()Z
   #84 = InterfaceMethodref #81.#83       // java/util/Iterator.hasNext:()Z
   #85 = Utf8               next
   #86 = Utf8               ()Ljava/lang/Object;
   #87 = NameAndType        #85:#86       // next:()Ljava/lang/Object;
   #88 = InterfaceMethodref #81.#87       // java/util/Iterator.next:()Ljava/lang/Object;
   #89 = NameAndType        #62:#63       // delete:(Lokio/Path;)V
   #90 = Methodref          #2.#89        // com/ehviewer/core/files/PathsKt.delete:(Lokio/Path;)V
   #91 = Utf8               kotlin/Unit
   #92 = Class              #91           // kotlin/Unit
   #93 = Utf8               INSTANCE
   #94 = Utf8               Lkotlin/Unit;
   #95 = NameAndType        #93:#94       // INSTANCE:Lkotlin/Unit;
   #96 = Fieldref           #92.#95       // kotlin/Unit.INSTANCE:Lkotlin/Unit;
   #97 = Utf8               $i$a$-forEach-PathsKt$deleteContent$1
   #98 = Utf8               p0
   #99 = Utf8               element$iv
  #100 = Utf8               Ljava/lang/Object;
  #101 = Utf8               $i$f$forEach
  #102 = Utf8               $this$forEach$iv
  #103 = Utf8               Ljava/lang/Iterable;
  #104 = Utf8               $this$deleteContent
  #105 = Utf8               java/util/List
  #106 = Class              #105          // java/util/List
  #107 = Utf8               list
  #108 = Utf8               (Lokio/Path;)Ljava/util/List<Lokio/Path;>;
  #109 = Utf8               kotlin/collections/CollectionsKt
  #110 = Class              #109          // kotlin/collections/CollectionsKt
  #111 = Utf8               emptyList
  #112 = Utf8               ()Ljava/util/List;
  #113 = NameAndType        #111:#112     // emptyList:()Ljava/util/List;
  #114 = Methodref          #110.#113     // kotlin/collections/CollectionsKt.emptyList:()Ljava/util/List;
  #115 = Utf8               $this$list
  #116 = Utf8               mkdirs
  #117 = Utf8               createDirectories
  #118 = NameAndType        #117:#63      // createDirectories:(Lokio/Path;)V
  #119 = Methodref          #23.#118      // okio/FileSystem.createDirectories:(Lokio/Path;)V
  #120 = Utf8               $this$mkdirs
  #121 = Utf8               moveTo
  #122 = Utf8               (Lokio/Path;Lokio/Path;)V
  #123 = Utf8               target
  #124 = String             #123          // target
  #125 = Utf8               atomicMove
  #126 = NameAndType        #125:#122     // atomicMove:(Lokio/Path;Lokio/Path;)V
  #127 = Methodref          #23.#126      // okio/FileSystem.atomicMove:(Lokio/Path;Lokio/Path;)V
  #128 = Utf8               $this$moveTo
  #129 = Utf8               sendTo
  #130 = Utf8               copy
  #131 = NameAndType        #130:#122     // copy:(Lokio/Path;Lokio/Path;)V
  #132 = Methodref          #23.#131      // okio/FileSystem.copy:(Lokio/Path;Lokio/Path;)V
  #133 = Utf8               $this$sendTo
  #134 = Utf8               Lkotlin/Metadata;
  #135 = Utf8               mv
  #136 = Integer            2
  #137 = Integer            4
  #138 = Integer            0
  #139 = Utf8               k
  #140 = Utf8               xi
  #141 = Integer            48
  #142 = Utf8               d1
  #143 = Utf8               \u0000.\n\u0000\n\u0002\u0010\u000b\n\u0002\u0018\u0002\n\u0002\b\u0003\n\u0002\u0018\u0002\n\u0002\b\u0002\n\u0002\u0010\u000e\n\u0002\b\u0002\n\u0002\u0010\u0002\n\u0002\b\u0003\n\u0002\u0010 \n\u0002\b\u0005\u001a\f\u0010\u0005\u001a\u0004\u0018\u00010\u0006*\u00020\u0002\u001a\u0014\u0010\u0007\u001a\u0004\u0018\u00010\u0002*\u00020\u00022\u0006\u0010\b\u001a\u00020\t\u001a\n\u0010\n\u001a\u00020\u0001*\u00020\u0002\u001a\n\u0010\u000b\u001a\u00020\f*\u00020\u0002\u001a\u0011\u0010\r\u001a\u0004\u0018\u00010\f*\u00020\u0002¢\u0006\u0002\u0010\u000e\u001a\u0010\u0010\u000f\u001a\b\u0012\u0004\u0012\u00020\u00020\u0010*\u00020\u0002\u001a\n\u0010\u0011\u001a\u00020\f*\u00020\u0002\u001a\u0015\u0010\u0012\u001a\u00020\f*\u00020\u00022\u0006\u0010\u0013\u001a\u00020\u0002H\u0086\u0004\u001a\u0015\u0010\u0014\u001a\u00020\f*\u00020\u00022\u0006\u0010\u0013\u001a\u00020\u0002H\u0086\u0004\"\u0015\u0010\u0000\u001a\u00020\u0001*\u00020\u00028F¢\u0006\u0006\u001a\u0004\b\u0000\u0010\u0003\"\u0015\u0010\u0004\u001a\u00020\u0001*\u00020\u00028F¢\u0006\u0006\u001a\u0004\b\u0004\u0010\u0003¨\u0006\u0015
  #144 = Utf8               d2
  #145 = Utf8
  #146 = Utf8               Lokio/FileMetadata;
  #147 = Utf8               EhViewer.core:common
  #148 = Utf8               Paths.kt
  #149 = Utf8               Lkotlin/jvm/internal/SourceDebugExtension;
  #150 = Utf8               value
  #151 = Utf8               SMAP\nPaths.kt\nKotlin\n*S Kotlin\n*F\n+ 1 Paths.kt\ncom/ehviewer/core/files/PathsKt\n+ 2 fake.kt\nkotlin/jvm/internal/FakeKt\n+ 3 _Collections.kt\nkotlin/collections/CollectionsKt___CollectionsKt\n*L\n1#1,32:1\n1#2:33\n2068#3,2:34\n*S KotlinDebug\n*F\n+ 1 Paths.kt\ncom/ehviewer/core/files/PathsKt\n*L\n19#1:34,2\n*E\n
  #152 = Utf8               Code
  #153 = Utf8               StackMapTable
  #154 = Utf8               LineNumberTable
  #155 = Utf8               LocalVariableTable
  #156 = Utf8               RuntimeInvisibleParameterAnnotations
  #157 = Utf8               RuntimeInvisibleAnnotations
  #158 = Utf8               Signature
  #159 = Utf8               SourceFile
  #160 = Utf8               SourceDebugExtension
  #161 = Utf8               RuntimeVisibleAnnotations
{
  public static final boolean isDirectory(okio.Path);
    descriptor: (Lokio/Path;)Z
    flags: (0x0019) ACC_PUBLIC, ACC_STATIC, ACC_FINAL
    Code:
      stack=2, locals=1, args_size=1
         0: aload_0
         1: ldc           #9                  // String <this>
         3: invokestatic  #15                 // Method kotlin/jvm/internal/Intrinsics.checkNotNullParameter:(Ljava/lang/Object;Ljava/lang/String;)V
         6: invokestatic  #21                 // Method com/ehviewer/core/files/FileSystem_androidKt.getSystemFileSystem:()Lokio/FileSystem;
         9: aload_0
        10: invokevirtual #27                 // Method okio/FileSystem.metadataOrNull:(Lokio/Path;)Lokio/FileMetadata;
        13: dup
        14: ifnull        32
        17: invokevirtual #32                 // Method okio/FileMetadata.isDirectory:()Z
        20: iconst_1
        21: if_icmpne     28
        24: iconst_1
        25: goto          34
        28: iconst_0
        29: goto          34
        32: pop
        33: iconst_0
        34: ireturn
      StackMapTable: number_of_entries = 3
        frame_type = 28 /* same */
        frame_type = 67 /* same_locals_1_stack_item */
          stack = [ class okio/FileMetadata ]
        frame_type = 65 /* same_locals_1_stack_item */
          stack = [ int ]
      LineNumberTable:
        line 7: 6
      LocalVariableTable:
        Start  Length  Slot  Name   Signature
            0      35     0 $this$isDirectory   Lokio/Path;
    RuntimeInvisibleParameterAnnotations:
      parameter 0:
        0: #7()
          org.jetbrains.annotations.NotNull

  public static final boolean isFile(okio.Path);
    descriptor: (Lokio/Path;)Z
    flags: (0x0019) ACC_PUBLIC, ACC_STATIC, ACC_FINAL
    Code:
      stack=2, locals=1, args_size=1
         0: aload_0
         1: ldc           #9                  // String <this>
         3: invokestatic  #15                 // Method kotlin/jvm/internal/Intrinsics.checkNotNullParameter:(Ljava/lang/Object;Ljava/lang/String;)V
         6: invokestatic  #21                 // Method com/ehviewer/core/files/FileSystem_androidKt.getSystemFileSystem:()Lokio/FileSystem;
         9: aload_0
        10: invokevirtual #27                 // Method okio/FileSystem.metadataOrNull:(Lokio/Path;)Lokio/FileMetadata;
        13: dup
        14: ifnull        32
        17: invokevirtual #38                 // Method okio/FileMetadata.isRegularFile:()Z
        20: iconst_1
        21: if_icmpne     28
        24: iconst_1
        25: goto          34
        28: iconst_0
        29: goto          34
        32: pop
        33: iconst_0
        34: ireturn
      StackMapTable: number_of_entries = 3
        frame_type = 28 /* same */
        frame_type = 67 /* same_locals_1_stack_item */
          stack = [ class okio/FileMetadata ]
        frame_type = 65 /* same_locals_1_stack_item */
          stack = [ int ]
      LineNumberTable:
        line 9: 6
      LocalVariableTable:
        Start  Length  Slot  Name   Signature
            0      35     0 $this$isFile   Lokio/Path;
    RuntimeInvisibleParameterAnnotations:
      parameter 0:
        0: #7()
          org.jetbrains.annotations.NotNull

  public static final okio.FileMetadata metadataOrNull(okio.Path);
    descriptor: (Lokio/Path;)Lokio/FileMetadata;
    flags: (0x0019) ACC_PUBLIC, ACC_STATIC, ACC_FINAL
    Code:
      stack=2, locals=1, args_size=1
         0: aload_0
         1: ldc           #9                  // String <this>
         3: invokestatic  #15                 // Method kotlin/jvm/internal/Intrinsics.checkNotNullParameter:(Ljava/lang/Object;Ljava/lang/String;)V
         6: invokestatic  #21                 // Method com/ehviewer/core/files/FileSystem_androidKt.getSystemFileSystem:()Lokio/FileSystem;
         9: aload_0
        10: invokevirtual #27                 // Method okio/FileSystem.metadataOrNull:(Lokio/Path;)Lokio/FileMetadata;
        13: areturn
      LineNumberTable:
        line 11: 6
      LocalVariableTable:
        Start  Length  Slot  Name   Signature
            0      14     0 $this$metadataOrNull   Lokio/Path;
    RuntimeInvisibleAnnotations:
      0: #40()
        org.jetbrains.annotations.Nullable
    RuntimeInvisibleParameterAnnotations:
      parameter 0:
        0: #7()
          org.jetbrains.annotations.NotNull

  public static final okio.Path find(okio.Path, java.lang.String);
    descriptor: (Lokio/Path;Ljava/lang/String;)Lokio/Path;
    flags: (0x0019) ACC_PUBLIC, ACC_STATIC, ACC_FINAL
    Code:
      stack=5, locals=5, args_size=2
         0: aload_0
         1: ldc           #9                  // String <this>
         3: invokestatic  #15                 // Method kotlin/jvm/internal/Intrinsics.checkNotNullParameter:(Ljava/lang/Object;Ljava/lang/String;)V
         6: aload_1
         7: ldc           #45                 // String name
         9: invokestatic  #15                 // Method kotlin/jvm/internal/Intrinsics.checkNotNullParameter:(Ljava/lang/Object;Ljava/lang/String;)V
        12: aload_0
        13: aload_1
        14: iconst_0
        15: iconst_2
        16: aconst_null
        17: invokestatic  #51                 // Method okio/Path.resolve$default:(Lokio/Path;Ljava/lang/String;ZILjava/lang/Object;)Lokio/Path;
        20: astore_2
        21: aload_2
        22: astore_3
        23: iconst_0
        24: istore        4
        26: aload_3
        27: invokestatic  #54                 // Method exists:(Lokio/Path;)Z
        30: ifeq          37
        33: aload_2
        34: goto          38
        37: aconst_null
        38: areturn
      StackMapTable: number_of_entries = 2
        frame_type = 254 /* append */
          offset_delta = 37
          locals = [ class okio/Path, class okio/Path, int ]
        frame_type = 64 /* same_locals_1_stack_item */
          stack = [ class okio/Path ]
      LineNumberTable:
        line 13: 12
        line 33: 23
        line 13: 26
        line 13: 30
        line 13: 38
      LocalVariableTable:
        Start  Length  Slot  Name   Signature
           26       4     4 $i$a$-takeIf-PathsKt$find$1   I
           23       7     3    it   Lokio/Path;
            0      39     0 $this$find   Lokio/Path;
            0      39     1  name   Ljava/lang/String;
    RuntimeInvisibleAnnotations:
      0: #40()
        org.jetbrains.annotations.Nullable
    RuntimeInvisibleParameterAnnotations:
      parameter 0:
        0: #7()
          org.jetbrains.annotations.NotNull
      parameter 1:
        0: #7()
          org.jetbrains.annotations.NotNull

  public static final boolean exists(okio.Path);
    descriptor: (Lokio/Path;)Z
    flags: (0x0019) ACC_PUBLIC, ACC_STATIC, ACC_FINAL
    Code:
      stack=2, locals=1, args_size=1
         0: aload_0
         1: ldc           #9                  // String <this>
         3: invokestatic  #15                 // Method kotlin/jvm/internal/Intrinsics.checkNotNullParameter:(Ljava/lang/Object;Ljava/lang/String;)V
         6: invokestatic  #21                 // Method com/ehviewer/core/files/FileSystem_androidKt.getSystemFileSystem:()Lokio/FileSystem;
         9: aload_0
        10: invokevirtual #60                 // Method okio/FileSystem.exists:(Lokio/Path;)Z
        13: ireturn
      LineNumberTable:
        line 15: 6
      LocalVariableTable:
        Start  Length  Slot  Name   Signature
            0      14     0 $this$exists   Lokio/Path;
    RuntimeInvisibleParameterAnnotations:
      parameter 0:
        0: #7()
          org.jetbrains.annotations.NotNull

  public static final void delete(okio.Path);
    descriptor: (Lokio/Path;)V
    flags: (0x0019) ACC_PUBLIC, ACC_STATIC, ACC_FINAL
    Code:
      stack=2, locals=1, args_size=1
         0: aload_0
         1: ldc           #9                  // String <this>
         3: invokestatic  #15                 // Method kotlin/jvm/internal/Intrinsics.checkNotNullParameter:(Ljava/lang/Object;Ljava/lang/String;)V
         6: invokestatic  #21                 // Method com/ehviewer/core/files/FileSystem_androidKt.getSystemFileSystem:()Lokio/FileSystem;
         9: aload_0
        10: invokevirtual #66                 // Method okio/FileSystem.deleteRecursively:(Lokio/Path;)V
        13: return
      LineNumberTable:
        line 17: 6
      LocalVariableTable:
        Start  Length  Slot  Name   Signature
            0      14     0 $this$delete   Lokio/Path;
    RuntimeInvisibleParameterAnnotations:
      parameter 0:
        0: #7()
          org.jetbrains.annotations.NotNull

  public static final kotlin.Unit deleteContent(okio.Path);
    descriptor: (Lokio/Path;)Lkotlin/Unit;
    flags: (0x0019) ACC_PUBLIC, ACC_STATIC, ACC_FINAL
    Code:
      stack=2, locals=7, args_size=1
         0: aload_0
         1: ldc           #9                  // String <this>
         3: invokestatic  #15                 // Method kotlin/jvm/internal/Intrinsics.checkNotNullParameter:(Ljava/lang/Object;Ljava/lang/String;)V
         6: invokestatic  #21                 // Method com/ehviewer/core/files/FileSystem_androidKt.getSystemFileSystem:()Lokio/FileSystem;
         9: aload_0
        10: invokevirtual #73                 // Method okio/FileSystem.listOrNull:(Lokio/Path;)Ljava/util/List;
        13: dup
        14: ifnull        73
        17: checkcast     #75                 // class java/lang/Iterable
        20: astore_1
        21: iconst_0
        22: istore_2
        23: aload_1
        24: invokeinterface #79,  1           // InterfaceMethod java/lang/Iterable.iterator:()Ljava/util/Iterator;
        29: astore_3
        30: aload_3
        31: invokeinterface #84,  1           // InterfaceMethod java/util/Iterator.hasNext:()Z
        36: ifeq          66
        39: aload_3
        40: invokeinterface #88,  1           // InterfaceMethod java/util/Iterator.next:()Ljava/lang/Object;
        45: astore        4
        47: aload         4
        49: checkcast     #47                 // class okio/Path
        52: astore        5
        54: iconst_0
        55: istore        6
        57: aload         5
        59: invokestatic  #90                 // Method delete:(Lokio/Path;)V
        62: nop
        63: goto          30
        66: nop
        67: getstatic     #96                 // Field kotlin/Unit.INSTANCE:Lkotlin/Unit;
        70: goto          75
        73: pop
        74: aconst_null
        75: areturn
      StackMapTable: number_of_entries = 4
        frame_type = 254 /* append */
          offset_delta = 30
          locals = [ class java/lang/Iterable, int, class java/util/Iterator ]
        frame_type = 35 /* same */
        frame_type = 255 /* full_frame */
          offset_delta = 6
          locals = [ class okio/Path ]
          stack = [ class java/util/List ]
        frame_type = 65 /* same_locals_1_stack_item */
          stack = [ class kotlin/Unit ]
      LineNumberTable:
        line 19: 6
        line 34: 23
        line 19: 57
        line 34: 62
        line 35: 66
        line 19: 73
      LocalVariableTable:
        Start  Length  Slot  Name   Signature
           57       5     6 $i$a$-forEach-PathsKt$deleteContent$1   I
           54       8     5    p0   Lokio/Path;
           47      16     4 element$iv   Ljava/lang/Object;
           23      44     2 $i$f$forEach   I
           21      46     1 $this$forEach$iv   Ljava/lang/Iterable;
            0      76     0 $this$deleteContent   Lokio/Path;
    RuntimeInvisibleAnnotations:
      0: #40()
        org.jetbrains.annotations.Nullable
    RuntimeInvisibleParameterAnnotations:
      parameter 0:
        0: #7()
          org.jetbrains.annotations.NotNull

  public static final java.util.List<okio.Path> list(okio.Path);
    descriptor: (Lokio/Path;)Ljava/util/List;
    flags: (0x0019) ACC_PUBLIC, ACC_STATIC, ACC_FINAL
    Code:
      stack=2, locals=1, args_size=1
         0: aload_0
         1: ldc           #9                  // String <this>
         3: invokestatic  #15                 // Method kotlin/jvm/internal/Intrinsics.checkNotNullParameter:(Ljava/lang/Object;Ljava/lang/String;)V
         6: invokestatic  #21                 // Method com/ehviewer/core/files/FileSystem_androidKt.getSystemFileSystem:()Lokio/FileSystem;
         9: aload_0
        10: invokevirtual #73                 // Method okio/FileSystem.listOrNull:(Lokio/Path;)Ljava/util/List;
        13: dup
        14: ifnonnull     21
        17: pop
        18: invokestatic  #114                // Method kotlin/collections/CollectionsKt.emptyList:()Ljava/util/List;
        21: areturn
      StackMapTable: number_of_entries = 1
        frame_type = 85 /* same_locals_1_stack_item */
          stack = [ class java/util/List ]
      LineNumberTable:
        line 21: 6
        line 21: 21
      LocalVariableTable:
        Start  Length  Slot  Name   Signature
            0      22     0 $this$list   Lokio/Path;
    Signature: #108                         // (Lokio/Path;)Ljava/util/List<Lokio/Path;>;
    RuntimeInvisibleAnnotations:
      0: #7()
        org.jetbrains.annotations.NotNull
    RuntimeInvisibleParameterAnnotations:
      parameter 0:
        0: #7()
          org.jetbrains.annotations.NotNull

  public static final void mkdirs(okio.Path);
    descriptor: (Lokio/Path;)V
    flags: (0x0019) ACC_PUBLIC, ACC_STATIC, ACC_FINAL
    Code:
      stack=2, locals=1, args_size=1
         0: aload_0
         1: ldc           #9                  // String <this>
         3: invokestatic  #15                 // Method kotlin/jvm/internal/Intrinsics.checkNotNullParameter:(Ljava/lang/Object;Ljava/lang/String;)V
         6: invokestatic  #21                 // Method com/ehviewer/core/files/FileSystem_androidKt.getSystemFileSystem:()Lokio/FileSystem;
         9: aload_0
        10: invokevirtual #119                // Method okio/FileSystem.createDirectories:(Lokio/Path;)V
        13: return
      LineNumberTable:
        line 23: 6
      LocalVariableTable:
        Start  Length  Slot  Name   Signature
            0      14     0 $this$mkdirs   Lokio/Path;
    RuntimeInvisibleParameterAnnotations:
      parameter 0:
        0: #7()
          org.jetbrains.annotations.NotNull

  public static final void moveTo(okio.Path, okio.Path);
    descriptor: (Lokio/Path;Lokio/Path;)V
    flags: (0x0019) ACC_PUBLIC, ACC_STATIC, ACC_FINAL
    Code:
      stack=3, locals=2, args_size=2
         0: aload_0
         1: ldc           #9                  // String <this>
         3: invokestatic  #15                 // Method kotlin/jvm/internal/Intrinsics.checkNotNullParameter:(Ljava/lang/Object;Ljava/lang/String;)V
         6: aload_1
         7: ldc           #124                // String target
         9: invokestatic  #15                 // Method kotlin/jvm/internal/Intrinsics.checkNotNullParameter:(Ljava/lang/Object;Ljava/lang/String;)V
        12: invokestatic  #21                 // Method com/ehviewer/core/files/FileSystem_androidKt.getSystemFileSystem:()Lokio/FileSystem;
        15: aload_0
        16: aload_1
        17: invokevirtual #127                // Method okio/FileSystem.atomicMove:(Lokio/Path;Lokio/Path;)V
        20: return
      LineNumberTable:
        line 25: 12
      LocalVariableTable:
        Start  Length  Slot  Name   Signature
            0      21     0 $this$moveTo   Lokio/Path;
            0      21     1 target   Lokio/Path;
    RuntimeInvisibleParameterAnnotations:
      parameter 0:
        0: #7()
          org.jetbrains.annotations.NotNull
      parameter 1:
        0: #7()
          org.jetbrains.annotations.NotNull

  public static final void sendTo(okio.Path, okio.Path);
    descriptor: (Lokio/Path;Lokio/Path;)V
    flags: (0x0019) ACC_PUBLIC, ACC_STATIC, ACC_FINAL
    Code:
      stack=3, locals=2, args_size=2
         0: aload_0
         1: ldc           #9                  // String <this>
         3: invokestatic  #15                 // Method kotlin/jvm/internal/Intrinsics.checkNotNullParameter:(Ljava/lang/Object;Ljava/lang/String;)V
         6: aload_1
         7: ldc           #124                // String target
         9: invokestatic  #15                 // Method kotlin/jvm/internal/Intrinsics.checkNotNullParameter:(Ljava/lang/Object;Ljava/lang/String;)V
        12: invokestatic  #21                 // Method com/ehviewer/core/files/FileSystem_androidKt.getSystemFileSystem:()Lokio/FileSystem;
        15: aload_0
        16: aload_1
        17: invokevirtual #132                // Method okio/FileSystem.copy:(Lokio/Path;Lokio/Path;)V
        20: return
      LineNumberTable:
        line 27: 12
      LocalVariableTable:
        Start  Length  Slot  Name   Signature
            0      21     0 $this$sendTo   Lokio/Path;
            0      21     1 target   Lokio/Path;
    RuntimeInvisibleParameterAnnotations:
      parameter 0:
        0: #7()
          org.jetbrains.annotations.NotNull
      parameter 1:
        0: #7()
          org.jetbrains.annotations.NotNull
}
SourceFile: "Paths.kt"
SourceDebugExtension:
  SMAP
  Paths.kt
  Kotlin
  *S Kotlin
  *F
  + 1 Paths.kt
  com/ehviewer/core/files/PathsKt
  + 2 fake.kt
  kotlin/jvm/internal/FakeKt
  + 3 _Collections.kt
  kotlin/collections/CollectionsKt___CollectionsKt
  *L
  1#1,32:1
  1#2:33
  2068#3,2:34
  *S KotlinDebug
  *F
  + 1 Paths.kt
  com/ehviewer/core/files/PathsKt
  *L
  19#1:34,2
  *E
RuntimeVisibleAnnotations:
  0: #134(#135=[I#136,I#137,I#138],#139=I#136,#140=I#141,#142=[s#143],#144=[s#5,s#145,s#34,s#6,s#35,s#24,s#146,s#42,s#44,s#145,s#52,s#62,s#145,s#68,s#69,s#107,s#145,s#116,s#121,s#123,s#129,s#147])
    kotlin.Metadata(
      mv=[2,4,0]
      k=2
      xi=48
      d1=["\u0000.\n\u0000\n\u0002\u0010\u000b\n\u0002\u0018\u0002\n\u0002\b\u0003\n\u0002\u0018\u0002\n\u0002\b\u0002\n\u0002\u0010\u000e\n\u0002\b\u0002\n\u0002\u0010\u0002\n\u0002\b\u0003\n\u0002\u0010 \n\u0002\b\u0005\u001a\f\u0010\u0005\u001a\u0004\u0018\u00010\u0006*\u00020\u0002\u001a\u0014\u0010\u0007\u001a\u0004\u0018\u00010\u0002*\u00020\u00022\u0006\u0010\b\u001a\u00020\t\u001a\n\u0010\n\u001a\u00020\u0001*\u00020\u0002\u001a\n\u0010\u000b\u001a\u00020\f*\u00020\u0002\u001a\u0011\u0010\r\u001a\u0004\u0018\u00010\f*\u00020\u0002¢\u0006\u0002\u0010\u000e\u001a\u0010\u0010\u000f\u001a\b\u0012\u0004\u0012\u00020\u00020\u0010*\u00020\u0002\u001a\n\u0010\u0011\u001a\u00020\f*\u00020\u0002\u001a\u0015\u0010\u0012\u001a\u00020\f*\u00020\u00022\u0006\u0010\u0013\u001a\u00020\u0002H\u0086\u0004\u001a\u0015\u0010\u0014\u001a\u00020\f*\u00020\u00022\u0006\u0010\u0013\u001a\u00020\u0002H\u0086\u0004\"\u0015\u0010\u0000\u001a\u00020\u0001*\u00020\u00028F¢\u0006\u0006\u001a\u0004\b\u0000\u0010\u0003\"\u0015\u0010\u0004\u001a\u00020\u0001*\u00020\u00028F¢\u0006\u0006\u001a\u0004\b\u0004\u0010\u0003¨\u0006\u0015"]
      d2=["isDirectory","","Lokio/Path;","(Lokio/Path;)Z","isFile","metadataOrNull","Lokio/FileMetadata;","find","name","","exists","delete","","deleteContent","(Lokio/Path;)Lkotlin/Unit;","list","","mkdirs","moveTo","target","sendTo","EhViewer.core:common"]
    )
RuntimeInvisibleAnnotations:
  0: #149(#150=[s#151])
    kotlin.jvm.internal.SourceDebugExtension(
      value=["SMAP\nPaths.kt\nKotlin\n*S Kotlin\n*F\n+ 1 Paths.kt\ncom/ehviewer/core/files/PathsKt\n+ 2 fake.kt\nkotlin/jvm/internal/FakeKt\n+ 3 _Collections.kt\nkotlin/collections/CollectionsKt___CollectionsKt\n*L\n1#1,32:1\n1#2:33\n2068#3,2:34\n*S KotlinDebug\n*F\n+ 1 Paths.kt\ncom/ehviewer/core/files/PathsKt\n*L\n19#1:34,2\n*E\n"]
    )
