 Downloading crates ...
  Downloaded thiserror-impl v1.0.69
  Downloaded num_enum v0.7.6
  Downloaded android_system_properties v0.1.6
  Downloaded toml_datetime v1.1.1+spec-1.1.0
  Downloaded jni-sys-macros v0.4.1
  Downloaded same-file v1.0.6
  Downloaded jni-sys v0.3.1
  Downloaded walkdir v2.5.0
  Downloaded num_enum_derive v0.7.6
  Downloaded jni_fn v0.1.2
  Downloaded proc-macro-crate v3.5.0
  Downloaded raw-window-handle v0.6.2
  Downloaded thiserror v1.0.69
  Downloaded jni-sys v0.4.1
  Downloaded toml_parser v1.1.3+spec-1.1.0
  Downloaded cesu8 v1.1.0
  Downloaded rustversion v1.0.23
  Downloaded jni v0.21.1
  Downloaded toml_edit v0.25.13+spec-1.1.0
  Downloaded ndk v0.9.0
  Downloaded combine v4.6.7
  Downloaded winnow v1.0.4
  Downloaded ndk-sys v0.6.0+11769913
   Compiling proc-macro2 v1.0.107
   Compiling quote v1.0.47
   Compiling unicode-ident v1.0.24
   Compiling autocfg v1.5.1
    Checking memchr v2.8.3
   Compiling libc v0.2.189
   Compiling winnow v1.0.4
   Compiling serde_core v1.0.229
   Compiling jni-sys v0.3.1
   Compiling toml_datetime v1.1.1+spec-1.1.0
   Compiling rustversion v1.0.23
   Compiling thiserror v1.0.69
    Checking log v0.4.33
   Compiling num-traits v0.2.19
    Checking aho-corasick v1.1.5
   Compiling zmij v1.0.23
   Compiling thiserror v2.0.20
   Compiling serde v1.0.229
   Compiling toml_parser v1.1.3+spec-1.1.0
    Checking regex-syntax v0.8.11
   Compiling toml_edit v0.25.13+spec-1.1.0
    Checking android_system_properties v0.1.6
    Checking iana-time-zone v0.1.65
   Compiling serde_json v1.0.151
   Compiling syn v2.0.119
   Compiling syn v3.0.3
    Checking bytes v1.12.1
    Checking cfg-if v1.0.4
    Checking pxfm v0.1.30
   Compiling anyhow v1.0.104
    Checking num-integer v0.1.47
    Checking num-bigint v0.4.8
    Checking num-iter v0.1.46
    Checking num-complex v0.4.6
    Checking combine v4.6.7
   Compiling proc-macro-crate v3.5.0
    Checking regex-automata v0.4.18
    Checking chrono v0.4.45
    Checking num-rational v0.4.2
    Checking env_filter v0.1.4
    Checking raw-window-handle v0.6.2
    Checking bitflags v2.13.1
    Checking itoa v1.0.18
    Checking num v0.4.3
    Checking half v1.8.3
    Checking unicode-segmentation v1.13.3
    Checking cesu8 v1.1.0
    Checking byteorder-lite v0.1.0
    Checking bytemuck v1.25.2
    Checking once_cell v1.21.4
    Checking android_log-sys v0.3.2
    Checking android_logger v0.15.1
    Checking moxcms v0.8.1
    Checking libwebp-sys2 v0.2.0 (https://github.com/FooIbar/libwebp-sys2-rs.git#138c7114)
    Checking quick-xml v0.41.0
    Checking tl v0.7.8 (https://github.com/FooIbar/tl.git#051705e4)
    Checking regex-lite v0.1.9
    Checking regex v1.13.1
   Compiling serde_derive v1.0.229
   Compiling thiserror-impl v2.0.20
   Compiling jni-sys-macros v0.4.1
   Compiling thiserror-impl v1.0.69
   Compiling num_enum_derive v0.7.6
   Compiling jni_fn v0.1.2
    Checking jni-sys v0.4.1
    Checking rxing v0.9.2
    Checking num_enum v0.7.6
    Checking ndk-sys v0.6.0+11769913
    Checking image v0.25.10
    Checking jni v0.21.1
    Checking ndk v0.9.0
    Checking serde_cbor v0.11.2
    Checking ehviewer_rust v0.0.0 (/Users/zhanziyuan/Documents/GitHub/EhViewer/app/src/main/rust)
    Finished `dev` profile [unoptimized + debuginfo] target(s) in 7.33s
