To honour the JVM settings for this build a single-use Daemon process will be forked. For more on this, please refer to https://docs.gradle.org/9.7.1/userguide/gradle_daemon.html#sec:disabling_the_daemon in the Gradle documentation.
Daemon will be stopped at the end of the build 
Type-safe project accessors is an incubating feature.
> Task :build-logic:convention:checkKotlinGradlePluginConfigurationErrors SKIPPED
> Task :build-logic:convention:compileKotlin UP-TO-DATE
> Task :build-logic:convention:compileJava NO-SOURCE
> Task :build-logic:convention:pluginDescriptors UP-TO-DATE
> Task :build-logic:convention:processResources UP-TO-DATE
> Task :build-logic:convention:classes UP-TO-DATE
> Task :build-logic:convention:jar UP-TO-DATE

> Task :p0BuildModel
P0_RUNTIME_JAVA=25.0.3
P0_ANDROID=:app compile=37 min=24 target=37
P0_JAVA=:app source=25 target=25
P0_FLAVOR=default min=26 suffix=null
P0_FLAVOR=marshmallow min=null suffix=.m
P0_JAVAC=:app:compileDefaultDebugJavaWithJavac target=25
P0_KOTLIN=:app:compileDefaultDebugKotlin jvmTarget=JVM_25
P0_KOTLIN=:app:compileDefaultReleaseKotlin jvmTarget=JVM_25
P0_KOTLIN=:core:common:compileAndroidMain jvmTarget=JVM_25
P0_KOTLIN=:core:data:compileAndroidMain jvmTarget=JVM_25
P0_KOTLIN=:core:i18n:compileAndroidMain jvmTarget=JVM_25
P0_KOTLIN=:core:ui:compileAndroidMain jvmTarget=JVM_25

BUILD SUCCESSFUL in 1m 14s
5 actionable tasks: 1 executed, 4 up-to-date
