Fetching distribution.
Downloading https://services.gradle.org/distributions/gradle-9.7.1-bin.zip

Attempt 1/1 failed. Reason: services.gradle.org
Exception in thread "main" java.net.UnknownHostException: services.gradle.org
	at java.base/sun.nio.ch.NioSocketImpl.connect(Unknown Source)
	at java.base/java.net.SocksSocketImpl.connect(Unknown Source)
	at java.base/java.net.Socket.connect(Unknown Source)
	at java.base/sun.security.ssl.SSLSocketImpl.connect(Unknown Source)
	at java.base/sun.net.NetworkClient.doConnect(Unknown Source)
	at java.base/sun.net.www.http.HttpClient.openServer(Unknown Source)
	at java.base/sun.net.www.http.HttpClient.openServer(Unknown Source)
	at java.base/sun.net.www.protocol.https.HttpsClient.<init>(Unknown Source)
	at java.base/sun.net.www.protocol.https.HttpsClient.New(Unknown Source)
	at java.base/sun.net.www.protocol.https.AbstractDelegateHttpsURLConnection.getNewHttpClient(Unknown Source)
	at java.base/sun.net.www.protocol.http.HttpURLConnection.plainConnect0(Unknown Source)
	at java.base/sun.net.www.protocol.http.HttpURLConnection.plainConnect(Unknown Source)
	at java.base/sun.net.www.protocol.https.AbstractDelegateHttpsURLConnection.connect(Unknown Source)
	at java.base/sun.net.www.protocol.http.HttpURLConnection.getInputStream0(Unknown Source)
	at java.base/sun.net.www.protocol.http.HttpURLConnection.getInputStream(Unknown Source)
	at java.base/java.net.HttpURLConnection.getResponseCode(Unknown Source)
	at java.base/sun.net.www.protocol.https.HttpsURLConnectionImpl.getResponseCode(Unknown Source)
	at org.gradle.wrapper.Download.download(SourceFile:1)
	at org.gradle.wrapper.Install.forceFetch(SourceFile)
	at org.gradle.wrapper.Install.lambda$createDist$0(SourceFile:9)
	at org.gradle.wrapper.Install.createDist(SourceFile:24)
	at org.gradle.wrapper.GradleWrapperMain.lambda$prepareWrapper$0(SourceFile:2)
	at org.gradle.wrapper.GradleWrapperMain.main(SourceFile:2)
