Fetching distribution.
Downloading https://services.gradle.org/distributions/gradle-9.7.1-bin.zip
..............10%..............20%...............30%..............40%...............50%..............60%...............70%..............80%..............90%...............100%

Welcome to Gradle 9.7.1!

Here are the highlights of this release:
 - Isolated Projects graduates to incubating
 - Broader Configuration Cache compatibility
 - Resilient Sync helps you fix broken builds
 - More source locations in problem reports

For more details see https://docs.gradle.org/9.7.1/release-notes.html


------------------------------------------------------------
Gradle 9.7.1
------------------------------------------------------------

Build time:    2026-08-19 14:16:09 UTC
Revision:      92f0512e7f06d84621afba191f75e265363890cf

Kotlin:        2.4.0
Groovy:        4.0.32
Ant:           Apache Ant(TM) version 1.10.17 compiled on April 6 2026
Launcher JVM:  25.0.3 (JetBrains s.r.o. 25.0.3+-15898627-b508.16)
Daemon JVM:    /Applications/Android Studio.app/Contents/jbr/Contents/Home (no Daemon JVM specified, using current Java home)
OS:            Mac OS X 27.0.1 aarch64

