To honour the JVM settings for this build a single-use Daemon process will be forked. For more on this, please refer to https://docs.gradle.org/9.7.1/userguide/gradle_daemon.html#sec:disabling_the_daemon in the Gradle documentation.
Daemon will be stopped at the end of the build 
Calculating task graph as no cached configuration is available for tasks: :build-logic:convention:check spotlessCheck
Type-safe project accessors is an incubating feature.
> Task :build-logic:convention:checkKotlinGradlePluginConfigurationErrors SKIPPED
> Task :build-logic:convention:compileKotlin UP-TO-DATE
> Task :build-logic:convention:compileJava NO-SOURCE
> Task :build-logic:convention:pluginDescriptors UP-TO-DATE
> Task :build-logic:convention:processResources UP-TO-DATE
> Task :build-logic:convention:classes UP-TO-DATE
> Task :build-logic:convention:jar UP-TO-DATE

1 problem was found storing the configuration cache.
- Task `:app:spotlessKotlin` of type `com.diffplug.gradle.spotless.SpotlessTaskImpl`: error writing value of type 'com.diffplug.spotless.ConfigurationCacheHackList'

See the complete report at file:///Users/zhanziyuan/Documents/GitHub/EhViewer/build/reports/configuration-cache/7tejbyn3j2sfty2n782nmqtg3/89z0ecabwt1yfxovwiq295sty/configuration-cache-report.html

[Incubating] Problems report is available at: file:///Users/zhanziyuan/Documents/GitHub/EhViewer/build/reports/problems/problems-report.html

FAILURE: Build failed with an exception.

* What went wrong:
Configuration cache state could not be cached: field `stepsInternalEquality` of task `:app:spotlessKotlin` of type `com.diffplug.gradle.spotless.SpotlessTaskImpl`: error writing value of type 'com.diffplug.spotless.ConfigurationCacheHackList'
> Could not resolve all files for configuration ':app:detachedConfiguration27'.
   > Could not resolve com.pinterest.ktlint:ktlint-cli:1.8.0.
     Required by:
         project ':app'
      > No cached version of com.pinterest.ktlint:ktlint-cli:1.8.0 available for offline mode.

* Try:
> Run with --stacktrace option to get the stack trace.
> Run with --info or --debug option to get more log output.
> Run with --scan to get full insights from a Build Scan (powered by Develocity).
> Get more help at https://help.gradle.org.

BUILD FAILED in 1m 11s
4 actionable tasks: 4 up-to-date
Configuration cache entry discarded due to serialization error.
