To honour the JVM settings for this build a single-use Daemon process will be forked. For more on this, please refer to https://docs.gradle.org/9.7.1/userguide/gradle_daemon.html#sec:disabling_the_daemon in the Gradle documentation.
Daemon will be stopped at the end of the build 
Calculating task graph as configuration cache cannot be reused because the file system entry '../../../Library/Android/sdk/build-tools/37.0.0/aapt' has been created.
Type-safe project accessors is an incubating feature.
> Task :build-logic:convention:checkKotlinGradlePluginConfigurationErrors SKIPPED
> Task :build-logic:convention:compileKotlin UP-TO-DATE
> Task :build-logic:convention:compileJava NO-SOURCE
> Task :build-logic:convention:pluginDescriptors UP-TO-DATE
> Task :build-logic:convention:processResources UP-TO-DATE
> Task :build-logic:convention:classes UP-TO-DATE
> Task :build-logic:convention:jar UP-TO-DATE
> Task :core:ui:androidPreBuild UP-TO-DATE
> Task :app:preBuild UP-TO-DATE
> Task :core:data:androidPreBuild UP-TO-DATE
> Task :core:i18n:androidPreBuild UP-TO-DATE
> Task :core:common:androidPreBuild UP-TO-DATE
> Task :core:data:preAndroidMainBuild UP-TO-DATE
> Task :core:ui:preAndroidMainBuild UP-TO-DATE
> Task :core:i18n:preAndroidMainBuild UP-TO-DATE
> Task :core:common:preAndroidMainBuild UP-TO-DATE
> Task :app:preDefaultDebugBuild UP-TO-DATE
> Task :core:data:mergeAndroidMainJniLibFolders UP-TO-DATE
> Task :core:ui:mergeAndroidMainJniLibFolders UP-TO-DATE
> Task :core:common:mergeAndroidMainJniLibFolders UP-TO-DATE
> Task :core:i18n:mergeAndroidMainJniLibFolders UP-TO-DATE
> Task :core:common:mergeAndroidMainNativeLibs NO-SOURCE
> Task :core:i18n:generateMRcommonTest UP-TO-DATE
> Task :app:mergeDefaultDebugJniLibFolders UP-TO-DATE
> Task :core:common:copyAndroidMainJniLibsProjectOnly UP-TO-DATE
> Task :core:data:mergeAndroidMainNativeLibs NO-SOURCE
> Task :core:i18n:mergeAndroidMainNativeLibs NO-SOURCE
> Task :core:ui:mergeAndroidMainNativeLibs NO-SOURCE
> Task :core:common:kmpPartiallyResolvedDependenciesChecker
> Task :core:i18n:copyAndroidMainJniLibsProjectOnly UP-TO-DATE
> Task :core:data:copyAndroidMainJniLibsProjectOnly UP-TO-DATE
> Task :core:data:kmpPartiallyResolvedDependenciesChecker
> Task :core:i18n:kmpPartiallyResolvedDependenciesChecker
> Task :core:ui:copyAndroidMainJniLibsProjectOnly UP-TO-DATE
> Task :app:generateDefaultDebugBuildConfig UP-TO-DATE
> Task :core:i18n:generateAndroidMainEmptyResourceFiles UP-TO-DATE
> Task :core:common:generateAndroidMainEmptyResourceFiles UP-TO-DATE
> Task :core:ui:generateAndroidMainEmptyResourceFiles UP-TO-DATE
> Task :core:data:generateAndroidMainEmptyResourceFiles UP-TO-DATE
> Task :core:common:checkKotlinGradlePluginConfigurationErrors SKIPPED
> Task :core:i18n:checkKotlinGradlePluginConfigurationErrors SKIPPED
> Task :core:data:checkKotlinGradlePluginConfigurationErrors SKIPPED
> Task :core:ui:kmpPartiallyResolvedDependenciesChecker
> Task :core:ui:checkKotlinGradlePluginConfigurationErrors SKIPPED
> Task :core:i18n:generateMRjvmTest UP-TO-DATE
> Task :core:i18n:generateMRcommonMain UP-TO-DATE
> Task :app:prepareLibraryDefinitionsDefaultDebug UP-TO-DATE
> Task :app:generateDefaultDebugResources UP-TO-DATE
> Task :core:i18n:generateMRandroidHostTest UP-TO-DATE
> Task :app:extractDefaultDebugSupportedLocales UP-TO-DATE
> Task :app:mapDefaultDebugSourceSetPaths UP-TO-DATE
> Task :core:i18n:generateMRjvmMain UP-TO-DATE
> Task :core:ui:convertXmlValueResourcesForCommonMain NO-SOURCE
> Task :core:ui:copyNonXmlValueResourcesForAndroidMain NO-SOURCE
> Task :core:ui:convertXmlValueResourcesForJvmMain NO-SOURCE
> Task :core:ui:copyNonXmlValueResourcesForCommonMain NO-SOURCE
> Task :core:ui:convertXmlValueResourcesForAndroidMain NO-SOURCE
> Task :core:ui:copyNonXmlValueResourcesForJvmMain NO-SOURCE
> Task :core:ui:prepareComposeResourcesTaskForAndroidMain NO-SOURCE
> Task :core:ui:prepareComposeResourcesTaskForCommonMain NO-SOURCE
> Task :core:ui:prepareComposeResourcesTaskForJvmMain NO-SOURCE
> Task :core:ui:generateResourceAccessorsForCommonMain SKIPPED
> Task :core:ui:generateResourceAccessorsForAndroidMain SKIPPED
> Task :core:ui:generateResourceAccessorsForJvmMain SKIPPED
> Task :core:ui:generateExpectResourceCollectorsForCommonMain SKIPPED
> Task :core:ui:generateComposeResClass SKIPPED
> Task :core:ui:generateActualResourceCollectorsForAndroidMain SKIPPED
> Task :app:generateDefaultDebugAssets UP-TO-DATE
> Task :core:i18n:generateAndroidMainAssets UP-TO-DATE
> Task :app:generateDefaultDebugLocaleConfig UP-TO-DATE
> Task :app:generateDefaultDebugGlobalSynthetics UP-TO-DATE
> Task :core:i18n:generateMRandroidMain UP-TO-DATE
> Task :app:javaPreCompileDefaultDebug UP-TO-DATE
> Task :core:i18n:mergeAndroidMainAssets UP-TO-DATE
> Task :app:l8DexDesugarLibDefaultDebug UP-TO-DATE
> Task :core:i18n:packageAndroidMainResources UP-TO-DATE
> Task :app:desugarDefaultDebugFileDependencies UP-TO-DATE
> Task :core:i18n:parseAndroidMainLocalResources UP-TO-DATE
> Task :app:packageDefaultDebugResources UP-TO-DATE
> Task :core:i18n:generateAndroidMainRFile UP-TO-DATE
> Task :core:data:writeAndroidMainAarMetadata UP-TO-DATE
> Task :core:common:writeAndroidMainAarMetadata UP-TO-DATE
> Task :core:ui:writeAndroidMainAarMetadata UP-TO-DATE
> Task :core:i18n:writeAndroidMainAarMetadata UP-TO-DATE
> Task :core:i18n:compileAndroidMain UP-TO-DATE
> Task :core:i18n:bundleAndroidMainClassesToCompileJar UP-TO-DATE
> Task :core:i18n:processAndroidMainJavaRes UP-TO-DATE
> Task :core:i18n:bundleLibRuntimeToDirAndroidMain UP-TO-DATE
> Task :core:common:compileAndroidMain UP-TO-DATE
> Task :core:common:bundleAndroidMainClassesToCompileJar UP-TO-DATE
> Task :core:data:kspAndroidMain UP-TO-DATE
> Task :core:data:copyRoomSchemas NO-SOURCE
> Task :app:configureCMakeDebug[x86_64]
> Task :app:configureCMakeDebug[arm64-v8a]
> Task :app:checkDefaultDebugDuplicateClasses UP-TO-DATE
> Task :app:checkDefaultDebugAarMetadata UP-TO-DATE
> Task :app:processDefaultDebugNavigationResources UP-TO-DATE
> Task :app:mergeDefaultDebugResources UP-TO-DATE
> Task :core:common:processAndroidMainJavaRes UP-TO-DATE
> Task :app:parseDefaultDebugLocalResources UP-TO-DATE
> Task :app:mergeDefaultDebugAssets UP-TO-DATE
> Task :app:compressDefaultDebugAssets UP-TO-DATE
> Task :app:compileDefaultDebugNavigationResources UP-TO-DATE
> Task :app:createDefaultDebugCompatibleScreenManifests UP-TO-DATE
> Task :app:extractDeepLinksDefaultDebug UP-TO-DATE
> Task :core:common:processAndroidMainManifest UP-TO-DATE
> Task :core:data:processAndroidMainManifest UP-TO-DATE
> Task :core:i18n:processAndroidMainManifest UP-TO-DATE
> Task :core:ui:processAndroidMainManifest UP-TO-DATE
> Task :app:generateDefaultDebugRFile UP-TO-DATE
> Task :core:i18n:mapAndroidMainSourceSetPaths UP-TO-DATE
> Task :core:i18n:compileAndroidMainLibraryResources UP-TO-DATE
> Task :app:validateSigningDefaultDebug UP-TO-DATE
> Task :app:writeDefaultDebugAppMetadata UP-TO-DATE
> Task :app:writeDefaultDebugSigningConfigVersions UP-TO-DATE
> Task :app:preDefaultNonMinifiedReleaseBuild UP-TO-DATE
> Task :core:common:bundleLibRuntimeToDirAndroidMain
> Task :app:configureCMakeRelWithDebInfo[arm64-v8a]

> Task :app:buildCMakeDebug[arm64-v8a]
C/C++:     Blocking waiting for file lock on package cache
C/C++:     Blocking waiting for file lock on package cache
C/C++:    Compiling proc-macro2 v1.0.107
C/C++:    Compiling quote v1.0.47
C/C++:    Compiling unicode-ident v1.0.24
C/C++:    Compiling autocfg v1.5.1
C/C++:    Compiling memchr v2.8.3
C/C++:    Compiling libc v0.2.189
C/C++:    Compiling winnow v1.0.4
C/C++:    Compiling hashbrown v0.17.1
C/C++:    Compiling equivalent v1.0.2
C/C++:    Compiling jni-sys v0.3.1
C/C++:    Compiling serde_core v1.0.229
C/C++:    Compiling toml_datetime v1.1.1+spec-1.1.0

> Task :core:ui:compileAndroidMain UP-TO-DATE

> Task :app:buildCMakeDebug[x86_64]
C/C++:     Blocking waiting for file lock on package cache
C/C++:     Blocking waiting for file lock on package cache
C/C++:     Blocking waiting for file lock on package cache
C/C++:    Compiling proc-macro2 v1.0.107
C/C++:    Compiling quote v1.0.47
C/C++:    Compiling unicode-ident v1.0.24
C/C++:    Compiling autocfg v1.5.1
C/C++:    Compiling memchr v2.8.3
C/C++:    Compiling libc v0.2.189
C/C++:    Compiling hashbrown v0.17.1
C/C++:    Compiling equivalent v1.0.2
C/C++:    Compiling winnow v1.0.4
C/C++:    Compiling jni-sys v0.3.1
C/C++:    Compiling serde_core v1.0.229
C/C++:    Compiling toml_datetime v1.1.1+spec-1.1.0

> Task :app:processDefaultDebugMainManifest UP-TO-DATE

> Task :app:buildCMakeDebug[arm64-v8a]
C/C++:    Compiling log v0.4.33
C/C++:    Compiling rustversion v1.0.23
C/C++:    Compiling thiserror v1.0.69

> Task :core:ui:processAndroidMainJavaRes

> Task :app:buildCMakeDebug[x86_64]
C/C++:    Compiling thiserror v1.0.69
C/C++:    Compiling log v0.4.33

> Task :core:ui:bundleAndroidMainClassesToCompileJar
> Task :app:processDefaultDebugManifest UP-TO-DATE
> Task :app:processDefaultDebugManifestForPackage UP-TO-DATE
> Task :core:ui:bundleLibRuntimeToDirAndroidMain

> Task :app:buildCMakeRelWithDebInfo[arm64-v8a]
C/C++:     Updating crates.io index

> Task :app:mergeExtDexDefaultDebug UP-TO-DATE

> Task :app:buildCMakeDebug[arm64-v8a]
C/C++:    Compiling zmij v1.0.23
C/C++:    Compiling num-traits v0.2.19
C/C++:    Compiling aho-corasick v1.1.5
C/C++:    Compiling thiserror v2.0.20
C/C++:    Compiling regex-syntax v0.8.11
C/C++:    Compiling serde v1.0.229

> Task :app:processDefaultDebugResources UP-TO-DATE
> Task :app:configureCMakeRelWithDebInfo[x86_64]

> Task :app:buildCMakeDebug[x86_64]
C/C++:    Compiling rustversion v1.0.23
C/C++:    Compiling num-traits v0.2.19
C/C++:    Compiling aho-corasick v1.1.5
C/C++:    Compiling zmij v1.0.23
C/C++:    Compiling serde v1.0.229
C/C++:    Compiling thiserror v2.0.20
C/C++:    Compiling regex-syntax v0.8.11
C/C++:    Compiling indexmap v2.14.0
C/C++:    Compiling syn v2.0.119
C/C++:    Compiling syn v3.0.3
C/C++:    Compiling android_system_properties v0.1.6
C/C++:    Compiling iana-time-zone v0.1.65
C/C++:    Compiling bytes v1.12.1
C/C++:    Compiling num-integer v0.1.47
C/C++:    Compiling num-bigint v0.4.8
C/C++:    Compiling num-iter v0.1.46
C/C++:    Compiling num-complex v0.4.6
C/C++:    Compiling cfg-if v1.0.4
C/C++:    Compiling serde_json v1.0.151
C/C++:    Compiling pxfm v0.1.30
C/C++:    Compiling anyhow v1.0.104
C/C++:    Compiling toml_parser v1.1.3+spec-1.1.0

> Task :app:preDefaultReleaseBuild UP-TO-DATE

> Task :app:buildCMakeDebug[arm64-v8a]
C/C++:    Compiling indexmap v2.14.0
C/C++:    Compiling android_system_properties v0.1.6
C/C++:    Compiling iana-time-zone v0.1.65
C/C++:    Compiling bytes v1.12.1
C/C++:    Compiling syn v2.0.119
C/C++:    Compiling syn v3.0.3
C/C++:    Compiling cfg-if v1.0.4
C/C++:    Compiling serde_json v1.0.151
C/C++:    Compiling num-integer v0.1.47
C/C++:    Compiling num-complex v0.4.6
C/C++:    Compiling num-bigint v0.4.8
C/C++:    Compiling num-iter v0.1.46
C/C++:    Compiling pxfm v0.1.30
C/C++:    Compiling anyhow v1.0.104
C/C++:    Compiling combine v4.6.7
C/C++:    Compiling toml_parser v1.1.3+spec-1.1.0

> Task :app:mergeDefaultReleaseJniLibFolders
> Task :core:common:prepareAndroidMainArtProfile
> Task :core:data:prepareAndroidMainArtProfile
> Task :core:i18n:prepareAndroidMainArtProfile
> Task :core:ui:prepareAndroidMainArtProfile

> Task :app:buildCMakeRelWithDebInfo[arm64-v8a]
C/C++:  Downloading crates ...
C/C++:   Downloaded foldhash v0.2.0
C/C++:   Downloaded getopts v0.2.24
C/C++:   Downloaded rustc-literal-escaper v0.0.8
C/C++:   Downloaded rustc-demangle v0.1.28
C/C++:     Blocking waiting for file lock on package cache
C/C++:     Blocking waiting for file lock on package cache
C/C++:    Compiling compiler_builtins v0.1.160 (/Users/zhanziyuan/.rustup/toolchains/nightly-2026-08-22-aarch64-apple-darwin/lib/rustlib/src/rust/library/compiler-builtins/compiler-builtins)
C/C++:    Compiling core v0.0.0 (/Users/zhanziyuan/.rustup/toolchains/nightly-2026-08-22-aarch64-apple-darwin/lib/rustlib/src/rust/library/core)
C/C++:    Compiling libc v0.2.189
C/C++:    Compiling std v0.0.0 (/Users/zhanziyuan/.rustup/toolchains/nightly-2026-08-22-aarch64-apple-darwin/lib/rustlib/src/rust/library/std)
C/C++:    Compiling proc-macro2 v1.0.107
C/C++:    Compiling quote v1.0.47
C/C++:    Compiling unicode-ident v1.0.24
C/C++:    Compiling autocfg v1.5.1
C/C++:    Compiling hashbrown v0.17.1
C/C++:    Compiling winnow v1.0.4
C/C++:    Compiling equivalent v1.0.2
C/C++:    Compiling toml_datetime v1.1.1+spec-1.1.0
C/C++:    Compiling jni-sys v0.3.1
C/C++:    Compiling serde_core v1.0.229
C/C++:    Compiling rustversion v1.0.23
C/C++:    Compiling thiserror v1.0.69
C/C++:    Compiling num-traits v0.2.19
C/C++:    Compiling thiserror v2.0.20
C/C++:    Compiling zmij v1.0.23
C/C++:    Compiling serde v1.0.229
C/C++:    Compiling anyhow v1.0.104
C/C++:    Compiling serde_json v1.0.151
C/C++:    Compiling syn v2.0.119
C/C++:    Compiling syn v3.0.3
C/C++:    Compiling indexmap v2.14.0

> Task :app:mergeDefaultReleaseArtProfile

> Task :app:buildCMakeDebug[arm64-v8a]
C/C++:    Compiling chrono v0.4.45
C/C++:    Compiling toml_edit v0.25.13+spec-1.1.0
C/C++:    Compiling regex-automata v0.4.18

> Task :core:i18n:mergeAndroidMainGeneratedProguardFiles
> Task :core:i18n:exportAndroidMainConsumerProguardFiles
> Task :core:ui:mergeAndroidMainGeneratedProguardFiles
> Task :core:ui:exportAndroidMainConsumerProguardFiles
> Task :core:common:mergeAndroidMainGeneratedProguardFiles
> Task :core:common:exportAndroidMainConsumerProguardFiles

> Task :app:buildCMakeDebug[x86_64]
C/C++:    Compiling combine v4.6.7
C/C++:    Compiling chrono v0.4.45
C/C++:    Compiling toml_edit v0.25.13+spec-1.1.0
C/C++:    Compiling env_filter v0.1.4
C/C++:    Compiling regex-automata v0.4.18

> Task :app:checkDefaultReleaseDuplicateClasses

> Task :app:buildCMakeRelWithDebInfo[arm64-v8a]
C/C++:    Compiling toml_parser v1.1.3+spec-1.1.0

> Task :app:generateDefaultReleaseBuildConfig

> Task :app:buildCMakeRelWithDebInfo[x86_64]
C/C++:     Blocking waiting for file lock on package cache
C/C++:    Compiling compiler_builtins v0.1.160 (/Users/zhanziyuan/.rustup/toolchains/nightly-2026-08-22-aarch64-apple-darwin/lib/rustlib/src/rust/library/compiler-builtins/compiler-builtins)
C/C++:    Compiling core v0.0.0 (/Users/zhanziyuan/.rustup/toolchains/nightly-2026-08-22-aarch64-apple-darwin/lib/rustlib/src/rust/library/core)
C/C++:    Compiling libc v0.2.189
C/C++:    Compiling std v0.0.0 (/Users/zhanziyuan/.rustup/toolchains/nightly-2026-08-22-aarch64-apple-darwin/lib/rustlib/src/rust/library/std)
C/C++:    Compiling proc-macro2 v1.0.107
C/C++:    Compiling quote v1.0.47
C/C++:    Compiling unicode-ident v1.0.24
C/C++:    Compiling autocfg v1.5.1
C/C++:    Compiling winnow v1.0.4
C/C++:    Compiling equivalent v1.0.2
C/C++:    Compiling hashbrown v0.17.1
C/C++:    Compiling jni-sys v0.3.1
C/C++:    Compiling serde_core v1.0.229
C/C++:    Compiling toml_datetime v1.1.1+spec-1.1.0
C/C++:    Compiling num-traits v0.2.19
C/C++:    Compiling rustversion v1.0.23
C/C++:    Compiling thiserror v1.0.69
C/C++:    Compiling thiserror v2.0.20
C/C++:    Compiling zmij v1.0.23
C/C++:    Compiling serde v1.0.229
C/C++:    Compiling anyhow v1.0.104
C/C++:    Compiling serde_json v1.0.151
C/C++:    Compiling indexmap v2.14.0
C/C++:    Compiling syn v2.0.119
C/C++:    Compiling syn v3.0.3
C/C++:    Compiling toml_parser v1.1.3+spec-1.1.0

> Task :app:expandDefaultReleaseL8ArtProfileWildcards
> Task :app:generateDefaultReleaseResources

> Task :app:buildCMakeDebug[arm64-v8a]
C/C++:    Compiling num-rational v0.4.2
C/C++:    Compiling env_filter v0.1.4

> Task :app:processDefaultReleaseNavigationResources

> Task :app:buildCMakeDebug[x86_64]
C/C++:    Compiling num-rational v0.4.2

> Task :app:javaPreCompileDefaultRelease FROM-CACHE

> Task :app:buildCMakeRelWithDebInfo[arm64-v8a]
C/C++:    Compiling toml_edit v0.25.13+spec-1.1.0

> Task :app:checkDefaultReleaseAarMetadata

> Task :app:buildCMakeRelWithDebInfo[x86_64]
C/C++:    Compiling toml_edit v0.25.13+spec-1.1.0

> Task :app:createDefaultReleaseCompatibleScreenManifests
> Task :core:common:bundleAndroidMainClassesToRuntimeJar
> Task :core:i18n:bundleAndroidMainClassesToRuntimeJar
> Task :core:ui:bundleAndroidMainClassesToRuntimeJar
> Task :app:extractProguardFiles
> Task :app:mergeDefaultReleaseStartupProfile
> Task :app:generateDefaultReleaseAssets UP-TO-DATE

> Task :app:buildCMakeDebug[arm64-v8a]
C/C++:    Compiling proc-macro-crate v3.5.0
C/C++:    Compiling cesu8 v1.1.0

> Task :app:mergeDefaultReleaseAssets

> Task :app:buildCMakeDebug[x86_64]
C/C++:    Compiling proc-macro-crate v3.5.0
C/C++:    Compiling num v0.4.3
C/C++:    Compiling unicode-segmentation v1.13.3

> Task :app:compressDefaultReleaseAssets
> Task :app:extractDefaultReleaseVersionControlInfo
> Task :app:validateSigningDefaultRelease
> Task :app:writeDefaultReleaseAppMetadata
> Task :app:writeDefaultReleaseSigningConfigVersions

> Task :app:buildCMakeDebug[arm64-v8a]
C/C++:    Compiling itoa v1.0.18
C/C++:    Compiling num v0.4.3
C/C++:    Compiling half v1.8.3
C/C++:    Compiling byteorder-lite v0.1.0
C/C++:    Compiling bytemuck v1.25.2
C/C++:    Compiling once_cell v1.21.4
C/C++:    Compiling unicode-segmentation v1.13.3
C/C++:    Compiling raw-window-handle v0.6.2
C/C++:    Compiling moxcms v0.8.1
C/C++:    Compiling android_log-sys v0.3.2
C/C++:    Compiling bitflags v2.13.1
C/C++:    Compiling android_logger v0.15.1

> Task :app:configureCMakeDebug[armeabi-v7a]
> Task :app:prepareLibraryDefinitionsDefaultRelease
> Task :app:mapDefaultReleaseSourceSetPaths
> Task :core:data:compileAndroidMain
> Task :app:compileDefaultReleaseNavigationResources FROM-CACHE

> Task :app:buildCMakeDebug[x86_64]
C/C++:    Compiling bitflags v2.13.1
C/C++:    Compiling cesu8 v1.1.0
C/C++:    Compiling half v1.8.3
C/C++:    Compiling serde_derive v1.0.229
C/C++:    Compiling thiserror-impl v2.0.20
C/C++:    Compiling byteorder-lite v0.1.0
C/C++:    Compiling bytemuck v1.25.2
C/C++:    Compiling itoa v1.0.18
C/C++:    Compiling raw-window-handle v0.6.2

> Task :app:extractDeepLinksDefaultRelease
> Task :app:extractDefaultReleaseSupportedLocales
> Task :app:generateDefaultReleaseLocaleConfig FROM-CACHE

> Task :app:buildCMakeRelWithDebInfo[arm64-v8a]
C/C++:    Compiling serde_derive v1.0.229
C/C++:    Compiling thiserror-impl v2.0.20
C/C++:    Compiling proc-macro-crate v3.5.0

> Task :app:packageDefaultReleaseResources

> Task :app:buildCMakeRelWithDebInfo[x86_64]
C/C++:    Compiling proc-macro-crate v3.5.0
C/C++:    Compiling serde_derive v1.0.229
C/C++:    Compiling thiserror-impl v2.0.20

> Task :app:parseDefaultReleaseLocalResources

> Task :app:buildCMakeDebug[arm64-v8a]
C/C++:    Compiling libwebp-sys2 v0.2.0 (https://github.com/FooIbar/libwebp-sys2-rs.git#138c7114)
C/C++:    Compiling quick-xml v0.41.0
C/C++:    Compiling regex-lite v0.1.9

> Task :app:generateDefaultReleaseRFile
> Task :app:processDefaultReleaseMainManifest

> Task :app:buildCMakeDebug[x86_64]
C/C++:    Compiling android_log-sys v0.3.2
C/C++:    Compiling once_cell v1.21.4
C/C++:    Compiling android_logger v0.15.1
C/C++:    Compiling moxcms v0.8.1
C/C++:    Compiling libwebp-sys2 v0.2.0 (https://github.com/FooIbar/libwebp-sys2-rs.git#138c7114)
C/C++:    Compiling quick-xml v0.41.0

> Task :app:processDefaultReleaseManifest
> Task :app:processDefaultReleaseManifestForPackage

> Task :app:buildCMakeDebug[arm64-v8a]
C/C++:    Compiling thiserror-impl v2.0.20
C/C++:    Compiling serde_derive v1.0.229
C/C++:    Compiling tl v0.7.8 (https://github.com/FooIbar/tl.git#051705e4)

> Task :app:configureCMakeRelWithDebInfo[armeabi-v7a]
> Task :app:mergeDefaultReleaseResources

> Task :app:buildCMakeDebug[arm64-v8a]
C/C++:    Compiling regex v1.13.1
C/C++:    Compiling rxing v0.9.2
C/C++:    Compiling jni-sys-macros v0.4.1
C/C++:    Compiling thiserror-impl v1.0.69
C/C++:    Compiling num_enum_derive v0.7.6
C/C++:    Compiling jni_fn v0.1.2
C/C++:    Compiling jni-sys v0.4.1
C/C++:    Compiling ndk-sys v0.6.0+11769913
C/C++:    Compiling num_enum v0.7.6

> Task :app:processDefaultReleaseResources

> Task :app:buildCMakeDebug[x86_64]
C/C++:    Compiling tl v0.7.8 (https://github.com/FooIbar/tl.git#051705e4)
C/C++:    Compiling regex-lite v0.1.9
C/C++:    Compiling regex v1.13.1
C/C++:    Compiling rxing v0.9.2
C/C++:    Compiling jni-sys-macros v0.4.1
C/C++:    Compiling thiserror-impl v1.0.69
C/C++:    Compiling num_enum_derive v0.7.6
C/C++:    Compiling jni_fn v0.1.2
C/C++:    Compiling jni-sys v0.4.1
C/C++:    Compiling ndk-sys v0.6.0+11769913
C/C++:    Compiling num_enum v0.7.6
C/C++:    Compiling ndk v0.9.0
C/C++:    Compiling serde_cbor v0.11.2
C/C++:    Compiling image v0.25.10
C/C++:    Compiling jni v0.21.1
C/C++:    Compiling ehviewer_rust v0.0.0 (/Users/zhanziyuan/Documents/GitHub/EhViewer/app/src/main/rust)

> Task :app:buildCMakeDebug[arm64-v8a] FAILED
C/C++:    Compiling ndk v0.9.0
C/C++:    Compiling image v0.25.10
C/C++:    Compiling serde_cbor v0.11.2
C/C++:    Compiling jni v0.21.1
C/C++:    Compiling ehviewer_rust v0.0.0 (/Users/zhanziyuan/Documents/GitHub/EhViewer/app/src/main/rust)
C/C++:     Finished `dev` profile [unoptimized + debuginfo] target(s) in 58.34s

> Task :app:buildCMakeRelWithDebInfo[arm64-v8a]
C/C++:    Compiling jni-sys-macros v0.4.1
C/C++:    Compiling thiserror-impl v1.0.69
C/C++:    Compiling num_enum_derive v0.7.6
C/C++:    Compiling jni_fn v0.1.2

> Task :app:buildCMakeDebug[x86_64] FAILED
C/C++:     Finished `dev` profile [unoptimized + debuginfo] target(s) in 59.74s

> Task :app:buildCMakeRelWithDebInfo[x86_64]
C/C++:    Compiling jni-sys-macros v0.4.1
C/C++:    Compiling thiserror-impl v1.0.69
C/C++:    Compiling num_enum_derive v0.7.6
C/C++:    Compiling jni_fn v0.1.2
C/C++:    Compiling rustc-std-workspace-core v1.99.0 (/Users/zhanziyuan/.rustup/toolchains/nightly-2026-08-22-aarch64-apple-darwin/lib/rustlib/src/rust/library/rustc-std-workspace-core)
C/C++:    Compiling alloc v0.0.0 (/Users/zhanziyuan/.rustup/toolchains/nightly-2026-08-22-aarch64-apple-darwin/lib/rustlib/src/rust/library/alloc)
C/C++:    Compiling rustc-demangle v0.1.28
C/C++:    Compiling cfg-if v1.0.4
C/C++:    Compiling rustc-literal-escaper v0.0.8
C/C++:    Compiling unwind v0.0.0 (/Users/zhanziyuan/.rustup/toolchains/nightly-2026-08-22-aarch64-apple-darwin/lib/rustlib/src/rust/library/unwind)
C/C++:    Compiling rustc-std-workspace-alloc v1.99.0 (/Users/zhanziyuan/.rustup/toolchains/nightly-2026-08-22-aarch64-apple-darwin/lib/rustlib/src/rust/library/rustc-std-workspace-alloc)
C/C++:    Compiling panic_abort v0.0.0 (/Users/zhanziyuan/.rustup/toolchains/nightly-2026-08-22-aarch64-apple-darwin/lib/rustlib/src/rust/library/panic_abort)
C/C++:    Compiling panic_unwind v0.0.0 (/Users/zhanziyuan/.rustup/toolchains/nightly-2026-08-22-aarch64-apple-darwin/lib/rustlib/src/rust/library/panic_unwind)
C/C++:    Compiling std_detect v0.1.5 (/Users/zhanziyuan/.rustup/toolchains/nightly-2026-08-22-aarch64-apple-darwin/lib/rustlib/src/rust/library/std_detect)
C/C++:    Compiling proc_macro v0.0.0 (/Users/zhanziyuan/.rustup/toolchains/nightly-2026-08-22-aarch64-apple-darwin/lib/rustlib/src/rust/library/proc_macro)
C/C++:    Compiling memchr v2.8.3
C/C++:    Compiling jni-sys v0.4.1
C/C++:    Compiling log v0.4.33
C/C++:    Compiling regex-syntax v0.8.11
C/C++:    Compiling bytes v1.12.1
C/C++:    Compiling pxfm v0.1.30
C/C++:    Compiling ndk-sys v0.6.0+11769913
C/C++:    Compiling android_system_properties v0.1.6
C/C++:    Compiling iana-time-zone v0.1.65
C/C++:    Compiling env_filter v0.1.4
C/C++:    Compiling aho-corasick v1.1.5
C/C++:    Compiling num-integer v0.1.47
C/C++:    Compiling num-complex v0.4.6
C/C++:    Compiling chrono v0.4.45
C/C++:    Compiling combine v4.6.7
C/C++:    Compiling num-bigint v0.4.8
C/C++:    Compiling num-iter v0.1.46
C/C++:    Compiling itoa v1.0.18
C/C++:    Compiling half v1.8.3
C/C++:    Compiling num_enum v0.7.6
C/C++:    Compiling cesu8 v1.1.0
C/C++:    Compiling byteorder-lite v0.1.0
C/C++:    Compiling bitflags v2.13.1
C/C++:    Compiling android_log-sys v0.3.2
C/C++:    Compiling once_cell v1.21.4
C/C++:    Compiling regex-automata v0.4.18
C/C++:    Compiling raw-window-handle v0.6.2
C/C++:    Compiling unicode-segmentation v1.13.3
C/C++:    Compiling num-rational v0.4.2
C/C++:    Compiling num v0.4.3
C/C++:    Compiling moxcms v0.8.1
C/C++:    Compiling bytemuck v1.25.2
C/C++:    Compiling serde_cbor v0.11.2
C/C++:    Compiling ndk v0.9.0
C/C++:    Compiling android_logger v0.15.1
C/C++:    Compiling quick-xml v0.41.0
C/C++:    Compiling libwebp-sys2 v0.2.0 (https://github.com/FooIbar/libwebp-sys2-rs.git#138c7114)
C/C++:    Compiling regex-lite v0.1.9
C/C++:    Compiling tl v0.7.8 (https://github.com/FooIbar/tl.git#051705e4)
C/C++:    Compiling regex v1.13.1
C/C++:    Compiling rxing v0.9.2
C/C++:    Compiling image v0.25.10
C/C++:    Compiling jni v0.21.1

> Task :app:buildCMakeRelWithDebInfo[arm64-v8a]
C/C++:    Compiling rustc-std-workspace-core v1.99.0 (/Users/zhanziyuan/.rustup/toolchains/nightly-2026-08-22-aarch64-apple-darwin/lib/rustlib/src/rust/library/rustc-std-workspace-core)
C/C++:    Compiling alloc v0.0.0 (/Users/zhanziyuan/.rustup/toolchains/nightly-2026-08-22-aarch64-apple-darwin/lib/rustlib/src/rust/library/alloc)
C/C++:    Compiling cfg-if v1.0.4
C/C++:    Compiling rustc-demangle v0.1.28
C/C++:    Compiling rustc-literal-escaper v0.0.8
C/C++:    Compiling unwind v0.0.0 (/Users/zhanziyuan/.rustup/toolchains/nightly-2026-08-22-aarch64-apple-darwin/lib/rustlib/src/rust/library/unwind)
C/C++:    Compiling rustc-std-workspace-alloc v1.99.0 (/Users/zhanziyuan/.rustup/toolchains/nightly-2026-08-22-aarch64-apple-darwin/lib/rustlib/src/rust/library/rustc-std-workspace-alloc)
C/C++:    Compiling panic_abort v0.0.0 (/Users/zhanziyuan/.rustup/toolchains/nightly-2026-08-22-aarch64-apple-darwin/lib/rustlib/src/rust/library/panic_abort)
C/C++:    Compiling panic_unwind v0.0.0 (/Users/zhanziyuan/.rustup/toolchains/nightly-2026-08-22-aarch64-apple-darwin/lib/rustlib/src/rust/library/panic_unwind)
C/C++:    Compiling std_detect v0.1.5 (/Users/zhanziyuan/.rustup/toolchains/nightly-2026-08-22-aarch64-apple-darwin/lib/rustlib/src/rust/library/std_detect)
C/C++:    Compiling proc_macro v0.0.0 (/Users/zhanziyuan/.rustup/toolchains/nightly-2026-08-22-aarch64-apple-darwin/lib/rustlib/src/rust/library/proc_macro)
C/C++:    Compiling memchr v2.8.3
C/C++:    Compiling jni-sys v0.4.1
C/C++:    Compiling log v0.4.33
C/C++:    Compiling regex-syntax v0.8.11
C/C++:    Compiling bytes v1.12.1
C/C++:    Compiling pxfm v0.1.30
C/C++:    Compiling android_system_properties v0.1.6
C/C++:    Compiling ndk-sys v0.6.0+11769913
C/C++:    Compiling aho-corasick v1.1.5
C/C++:    Compiling iana-time-zone v0.1.65
C/C++:    Compiling env_filter v0.1.4
C/C++:    Compiling combine v4.6.7
C/C++:    Compiling num-integer v0.1.47
C/C++:    Compiling num-complex v0.4.6
C/C++:    Compiling chrono v0.4.45
C/C++:    Compiling num-bigint v0.4.8
C/C++:    Compiling num-iter v0.1.46
C/C++:    Compiling cesu8 v1.1.0
C/C++:    Compiling byteorder-lite v0.1.0
C/C++:    Compiling once_cell v1.21.4
C/C++:    Compiling itoa v1.0.18
C/C++:    Compiling raw-window-handle v0.6.2
C/C++:    Compiling half v1.8.3
C/C++:    Compiling android_log-sys v0.3.2
C/C++:    Compiling bytemuck v1.25.2
C/C++:    Compiling regex-automata v0.4.18
C/C++:    Compiling num_enum v0.7.6
C/C++:    Compiling unicode-segmentation v1.13.3
C/C++:    Compiling num-rational v0.4.2
C/C++:    Compiling num v0.4.3
C/C++:    Compiling moxcms v0.8.1
C/C++:    Compiling bitflags v2.13.1
C/C++:    Compiling ndk v0.9.0
C/C++:    Compiling serde_cbor v0.11.2
C/C++:    Compiling android_logger v0.15.1
C/C++:    Compiling quick-xml v0.41.0
C/C++:    Compiling libwebp-sys2 v0.2.0 (https://github.com/FooIbar/libwebp-sys2-rs.git#138c7114)
C/C++:    Compiling tl v0.7.8 (https://github.com/FooIbar/tl.git#051705e4)
C/C++:    Compiling regex-lite v0.1.9
C/C++:    Compiling regex v1.13.1
C/C++:    Compiling rxing v0.9.2
C/C++:    Compiling jni v0.21.1
C/C++:    Compiling image v0.25.10
C/C++:    Compiling ehviewer_rust v0.0.0 (/Users/zhanziyuan/Documents/GitHub/EhViewer/app/src/main/rust)

> Task :app:buildCMakeRelWithDebInfo[x86_64] FAILED
C/C++:    Compiling ehviewer_rust v0.0.0 (/Users/zhanziyuan/Documents/GitHub/EhViewer/app/src/main/rust)
C/C++:     Finished `release` profile [optimized] target(s) in 1m 34s

> Task :app:buildCMakeRelWithDebInfo[arm64-v8a]
C/C++:     Finished `release` profile [optimized] target(s) in 1m 37s

> Task :app:buildCMakeRelWithDebInfo[arm64-v8a] FAILED

FAILURE: Build completed with 4 failures.

1: Task failed with an exception.
-----------
* What went wrong:
Execution failed for task ':app:buildCMakeDebug[arm64-v8a]' (registered by plugin 'com.android.internal.application').
> com.android.ide.common.process.ProcessException: ninja: Entering directory `/Users/zhanziyuan/Documents/GitHub/EhViewer/app/.cxx/Debug/1i5i5y2o/arm64-v8a'
  [0/340] cd /Users/zhanziyuan/Documents/GitHub/EhViewer/app/src/main/rust && /Users/zhanziyuan/Library/Android/sdk/cmake/3.22.1/bin/cmake -E env CARGO_TARGET_AARCH64_LINUX_ANDROID_LINKER=/Users/zhanziyuan/Library/Android/sdk/ndk/29.0.14206865/toolchains/llvm/prebuilt/darwin-x86_64/bin/clang CC_aarch64-linux-android=/Users/zhanziyuan/Library/Android/sdk/ndk/29.0.14206865/toolchains/llvm/prebuilt/darwin-x86_64/bin/clang CXX_aarch64-linux-android=/Users/zhanziyuan/Library/Android/sdk/ndk/29.0.14206865/toolchains/llvm/prebuilt/darwin-x86_64/bin/clang++ AR_aarch64-linux-android=/Users/zhanziyuan/Library/Android/sdk/ndk/29.0.14206865/toolchains/llvm/prebuilt/darwin-x86_64/bin/llvm-ar CORROSION_BUILD_DIR=/Users/zhanziyuan/Documents/GitHub/EhViewer/app/.cxx/Debug/1i5i5y2o/arm64-v8a CARGO_BUILD_RUSTC=/Users/zhanziyuan/.rustup/toolchains/nightly-2026-08-22-aarch64-apple-darwin/bin/rustc /Users/zhanziyuan/.rustup/toolchains/nightly-2026-08-22-aarch64-apple-darwin/bin/cargo rustc --lib --target=aarch64-linux-android --features=android-26 --package ehviewer_rust --crate-type=staticlib --manifest-path /Users/zhanziyuan/Documents/GitHub/EhViewer/app/src/main/rust/Cargo.toml --target-dir /Users/zhanziyuan/Documents/GitHub/EhViewer/app/.cxx/Debug/1i5i5y2o/arm64-v8a/cargo/rust_7aef3 --locked -- -Clink-args=--sysroot=/Users/zhanziyuan/Library/Android/sdk/ndk/29.0.14206865/toolchains/llvm/prebuilt/darwin-x86_64/sysroot -Cdefault-linker-libraries=yes -Clink-args=--target=aarch64-none-linux-android26
  [203/340] Performing download step (git clone) for 'nettle'
  Cloning into 'nettle'...
  HEAD is now at bf13ee9 Make tar file generation closer to reproducible
  [206/340] Performing configure step for 'nettle'
  FAILED: nettle-prefix/src/nettle-stamp/nettle-configure /Users/zhanziyuan/Documents/GitHub/EhViewer/app/.cxx/Debug/1i5i5y2o/arm64-v8a/nettle-prefix/src/nettle-stamp/nettle-configure 
  cd /Users/zhanziyuan/Documents/GitHub/EhViewer/app/.cxx/Debug/1i5i5y2o/arm64-v8a/nettle-prefix/src/nettle && ./.bootstrap && ./configure --disable-public-key --disable-dependency-tracking --host=aarch64-none-linux-android26 "CFLAGS=-g -DANDROID -fdata-sections -ffunction-sections -funwind-tables -fstack-protector-strong -no-canonical-prefixes -D_FORTIFY_SOURCE=2 -Wformat -Werror=format-security  -Qunused-arguments" AR=/Users/zhanziyuan/Library/Android/sdk/ndk/29.0.14206865/toolchains/llvm/prebuilt/darwin-x86_64/bin/llvm-ar "CC=/Users/zhanziyuan/Library/Android/sdk/ndk/29.0.14206865/toolchains/llvm/prebuilt/darwin-x86_64/bin/clang --target=aarch64-none-linux-android26" RANLIB=/Users/zhanziyuan/Library/Android/sdk/ndk/29.0.14206865/toolchains/llvm/prebuilt/darwin-x86_64/bin/llvm-ranlib && /Users/zhanziyuan/Library/Android/sdk/cmake/3.22.1/bin/cmake -E touch /Users/zhanziyuan/Documents/GitHub/EhViewer/app/.cxx/Debug/1i5i5y2o/arm64-v8a/nettle-prefix/src/nettle-stamp/nettle-configure
  ./.bootstrap: line 3: autoconf: command not found
  ninja: build stopped: subcommand failed.
  
  C++ build system [build] failed while executing:
      /Users/zhanziyuan/Library/Android/sdk/cmake/3.22.1/bin/ninja \
        -C \
        /Users/zhanziyuan/Documents/GitHub/EhViewer/app/.cxx/Debug/1i5i5y2o/arm64-v8a \
        ehviewer
    from /Users/zhanziyuan/Documents/GitHub/EhViewer/app
      Blocking waiting for file lock on package cache
      Blocking waiting for file lock on package cache
     Compiling proc-macro2 v1.0.107
     Compiling quote v1.0.47
     Compiling unicode-ident v1.0.24
     Compiling autocfg v1.5.1
     Compiling memchr v2.8.3
     Compiling libc v0.2.189
     Compiling winnow v1.0.4
     Compiling hashbrown v0.17.1
     Compiling equivalent v1.0.2
     Compiling jni-sys v0.3.1
     Compiling serde_core v1.0.229
     Compiling toml_datetime v1.1.1+spec-1.1.0
     Compiling log v0.4.33
     Compiling rustversion v1.0.23
     Compiling thiserror v1.0.69
     Compiling zmij v1.0.23
     Compiling num-traits v0.2.19
     Compiling aho-corasick v1.1.5
     Compiling thiserror v2.0.20
     Compiling regex-syntax v0.8.11
     Compiling serde v1.0.229
     Compiling indexmap v2.14.0
     Compiling android_system_properties v0.1.6
     Compiling iana-time-zone v0.1.65
     Compiling bytes v1.12.1
     Compiling syn v2.0.119
     Compiling syn v3.0.3
     Compiling cfg-if v1.0.4
     Compiling serde_json v1.0.151
     Compiling num-integer v0.1.47
     Compiling num-complex v0.4.6
     Compiling num-bigint v0.4.8
     Compiling num-iter v0.1.46
     Compiling pxfm v0.1.30
     Compiling anyhow v1.0.104
     Compiling combine v4.6.7
     Compiling toml_parser v1.1.3+spec-1.1.0
     Compiling chrono v0.4.45
     Compiling toml_edit v0.25.13+spec-1.1.0
     Compiling regex-automata v0.4.18
     Compiling num-rational v0.4.2
     Compiling env_filter v0.1.4
     Compiling proc-macro-crate v3.5.0
     Compiling cesu8 v1.1.0
     Compiling itoa v1.0.18
     Compiling num v0.4.3
     Compiling half v1.8.3
     Compiling byteorder-lite v0.1.0
     Compiling bytemuck v1.25.2
     Compiling once_cell v1.21.4
     Compiling unicode-segmentation v1.13.3
     Compiling raw-window-handle v0.6.2
     Compiling moxcms v0.8.1
     Compiling android_log-sys v0.3.2
     Compiling bitflags v2.13.1
     Compiling android_logger v0.15.1
     Compiling libwebp-sys2 v0.2.0 (https://github.com/FooIbar/libwebp-sys2-rs.git#138c7114)
     Compiling quick-xml v0.41.0
     Compiling regex-lite v0.1.9
     Compiling thiserror-impl v2.0.20
     Compiling serde_derive v1.0.229
     Compiling tl v0.7.8 (https://github.com/FooIbar/tl.git#051705e4)
     Compiling regex v1.13.1
     Compiling rxing v0.9.2
     Compiling jni-sys-macros v0.4.1
     Compiling thiserror-impl v1.0.69
     Compiling num_enum_derive v0.7.6
     Compiling jni_fn v0.1.2
     Compiling jni-sys v0.4.1
     Compiling ndk-sys v0.6.0+11769913
     Compiling num_enum v0.7.6
     Compiling ndk v0.9.0
     Compiling image v0.25.10
     Compiling serde_cbor v0.11.2
     Compiling jni v0.21.1
     Compiling ehviewer_rust v0.0.0 (/Users/zhanziyuan/Documents/GitHub/EhViewer/app/src/main/rust)
      Finished `dev` profile [unoptimized + debuginfo] target(s) in 58.34s

* Try:
> Run with --stacktrace option to get the stack trace.
> Run with --info or --debug option to get more log output.
> Run with --scan to get full insights from a Build Scan (powered by Develocity).
> Get more help at https://help.gradle.org.
==============================================================================

2: Task failed with an exception.
-----------
* What went wrong:
Execution failed for task ':app:buildCMakeDebug[x86_64]' (registered by plugin 'com.android.internal.application').
> com.android.ide.common.process.ProcessException: ninja: Entering directory `/Users/zhanziyuan/Documents/GitHub/EhViewer/app/.cxx/Debug/1i5i5y2o/x86_64'
  [1/340] Building C object _deps/liblzma-build/CMakeFiles/liblzma.dir/src/liblzma/common/vli_size.c.o
  [2/340] Building C object _deps/liblzma-build/CMakeFiles/liblzma.dir/src/liblzma/common/hardware_cputhreads.c.o
  [3/340] Building C object _deps/liblzma-build/CMakeFiles/liblzma.dir/src/liblzma/common/hardware_physmem.c.o
  [4/340] Building C object _deps/liblzma-build/CMakeFiles/liblzma.dir/src/liblzma/common/stream_flags_common.c.o
  [5/340] Building C object _deps/liblzma-build/CMakeFiles/liblzma.dir/src/common/tuklib_cpucores.c.o
  [5/340] cd /Users/zhanziyuan/Documents/GitHub/EhViewer/app/src/main/rust && /Users/zhanziyuan/Library/Android/sdk/cmake/3.22.1/bin/cmake -E env CARGO_TARGET_X86_64_LINUX_ANDROID_LINKER=/Users/zhanziyuan/Library/Android/sdk/ndk/29.0.14206865/toolchains/llvm/prebuilt/darwin-x86_64/bin/clang CC_x86_64-linux-android=/Users/zhanziyuan/Library/Android/sdk/ndk/29.0.14206865/toolchains/llvm/prebuilt/darwin-x86_64/bin/clang CXX_x86_64-linux-android=/Users/zhanziyuan/Library/Android/sdk/ndk/29.0.14206865/toolchains/llvm/prebuilt/darwin-x86_64/bin/clang++ AR_x86_64-linux-android=/Users/zhanziyuan/Library/Android/sdk/ndk/29.0.14206865/toolchains/llvm/prebuilt/darwin-x86_64/bin/llvm-ar CORROSION_BUILD_DIR=/Users/zhanziyuan/Documents/GitHub/EhViewer/app/.cxx/Debug/1i5i5y2o/x86_64 CARGO_BUILD_RUSTC=/Users/zhanziyuan/.rustup/toolchains/nightly-2026-08-22-aarch64-apple-darwin/bin/rustc /Users/zhanziyuan/.rustup/toolchains/nightly-2026-08-22-aarch64-apple-darwin/bin/cargo rustc --lib --target=x86_64-linux-android --features=android-26 --package ehviewer_rust --crate-type=staticlib --manifest-path /Users/zhanziyuan/Documents/GitHub/EhViewer/app/src/main/rust/Cargo.toml --target-dir /Users/zhanziyuan/Documents/GitHub/EhViewer/app/.cxx/Debug/1i5i5y2o/x86_64/cargo/rust_7aef3 --locked -- -Clink-args=--sysroot=/Users/zhanziyuan/Library/Android/sdk/ndk/29.0.14206865/toolchains/llvm/prebuilt/darwin-x86_64/sysroot -Cdefault-linker-libraries=yes -Clink-args=--target=x86_64-none-linux-android26
  [203/340] Performing download step (git clone) for 'nettle'
  Cloning into 'nettle'...
  HEAD is now at bf13ee9 Make tar file generation closer to reproducible
  [206/340] Performing configure step for 'nettle'
  FAILED: nettle-prefix/src/nettle-stamp/nettle-configure /Users/zhanziyuan/Documents/GitHub/EhViewer/app/.cxx/Debug/1i5i5y2o/x86_64/nettle-prefix/src/nettle-stamp/nettle-configure 
  cd /Users/zhanziyuan/Documents/GitHub/EhViewer/app/.cxx/Debug/1i5i5y2o/x86_64/nettle-prefix/src/nettle && ./.bootstrap && ./configure --disable-public-key --disable-dependency-tracking --host=x86_64-none-linux-android26 "CFLAGS=-g -DANDROID -fdata-sections -ffunction-sections -funwind-tables -fstack-protector-strong -no-canonical-prefixes -D_FORTIFY_SOURCE=2 -Wformat -Werror=format-security  -Qunused-arguments" AR=/Users/zhanziyuan/Library/Android/sdk/ndk/29.0.14206865/toolchains/llvm/prebuilt/darwin-x86_64/bin/llvm-ar "CC=/Users/zhanziyuan/Library/Android/sdk/ndk/29.0.14206865/toolchains/llvm/prebuilt/darwin-x86_64/bin/clang --target=x86_64-none-linux-android26" RANLIB=/Users/zhanziyuan/Library/Android/sdk/ndk/29.0.14206865/toolchains/llvm/prebuilt/darwin-x86_64/bin/llvm-ranlib && /Users/zhanziyuan/Library/Android/sdk/cmake/3.22.1/bin/cmake -E touch /Users/zhanziyuan/Documents/GitHub/EhViewer/app/.cxx/Debug/1i5i5y2o/x86_64/nettle-prefix/src/nettle-stamp/nettle-configure
  ./.bootstrap: line 3: autoconf: command not found
  ninja: build stopped: subcommand failed.
  
  C++ build system [build] failed while executing:
      /Users/zhanziyuan/Library/Android/sdk/cmake/3.22.1/bin/ninja \
        -C \
        /Users/zhanziyuan/Documents/GitHub/EhViewer/app/.cxx/Debug/1i5i5y2o/x86_64 \
        ehviewer
    from /Users/zhanziyuan/Documents/GitHub/EhViewer/app
      Blocking waiting for file lock on package cache
      Blocking waiting for file lock on package cache
      Blocking waiting for file lock on package cache
     Compiling proc-macro2 v1.0.107
     Compiling quote v1.0.47
     Compiling unicode-ident v1.0.24
     Compiling autocfg v1.5.1
     Compiling memchr v2.8.3
     Compiling libc v0.2.189
     Compiling hashbrown v0.17.1
     Compiling equivalent v1.0.2
     Compiling winnow v1.0.4
     Compiling jni-sys v0.3.1
     Compiling serde_core v1.0.229
     Compiling toml_datetime v1.1.1+spec-1.1.0
     Compiling thiserror v1.0.69
     Compiling log v0.4.33
     Compiling rustversion v1.0.23
     Compiling num-traits v0.2.19
     Compiling aho-corasick v1.1.5
     Compiling zmij v1.0.23
     Compiling serde v1.0.229
     Compiling thiserror v2.0.20
     Compiling regex-syntax v0.8.11
     Compiling indexmap v2.14.0
     Compiling syn v2.0.119
     Compiling syn v3.0.3
     Compiling android_system_properties v0.1.6
     Compiling iana-time-zone v0.1.65
     Compiling bytes v1.12.1
     Compiling num-integer v0.1.47
     Compiling num-bigint v0.4.8
     Compiling num-iter v0.1.46
     Compiling num-complex v0.4.6
     Compiling cfg-if v1.0.4
     Compiling serde_json v1.0.151
     Compiling pxfm v0.1.30
     Compiling anyhow v1.0.104
     Compiling toml_parser v1.1.3+spec-1.1.0
     Compiling combine v4.6.7
     Compiling chrono v0.4.45
     Compiling toml_edit v0.25.13+spec-1.1.0
     Compiling env_filter v0.1.4
     Compiling regex-automata v0.4.18
     Compiling num-rational v0.4.2
     Compiling proc-macro-crate v3.5.0
     Compiling num v0.4.3
     Compiling unicode-segmentation v1.13.3
     Compiling bitflags v2.13.1
     Compiling cesu8 v1.1.0
     Compiling half v1.8.3
     Compiling serde_derive v1.0.229
     Compiling thiserror-impl v2.0.20
     Compiling byteorder-lite v0.1.0
     Compiling bytemuck v1.25.2
     Compiling itoa v1.0.18
     Compiling raw-window-handle v0.6.2
     Compiling android_log-sys v0.3.2
     Compiling once_cell v1.21.4
     Compiling android_logger v0.15.1
     Compiling moxcms v0.8.1
     Compiling libwebp-sys2 v0.2.0 (https://github.com/FooIbar/libwebp-sys2-rs.git#138c7114)
     Compiling quick-xml v0.41.0
     Compiling tl v0.7.8 (https://github.com/FooIbar/tl.git#051705e4)
     Compiling regex-lite v0.1.9
     Compiling regex v1.13.1
     Compiling rxing v0.9.2
     Compiling jni-sys-macros v0.4.1
     Compiling thiserror-impl v1.0.69
     Compiling num_enum_derive v0.7.6
     Compiling jni_fn v0.1.2
     Compiling jni-sys v0.4.1
     Compiling ndk-sys v0.6.0+11769913
     Compiling num_enum v0.7.6
     Compiling ndk v0.9.0
     Compiling serde_cbor v0.11.2
     Compiling image v0.25.10
     Compiling jni v0.21.1
     Compiling ehviewer_rust v0.0.0 (/Users/zhanziyuan/Documents/GitHub/EhViewer/app/src/main/rust)
      Finished `dev` profile [unoptimized + debuginfo] target(s) in 59.74s

* Try:
> Run with --stacktrace option to get the stack trace.
> Run with --info or --debug option to get more log output.
> Run with --scan to get full insights from a Build Scan (powered by Develocity).
> Get more help at https://help.gradle.org.
==============================================================================

3: Task failed with an exception.
-----------
* What went wrong:
Execution failed for task ':app:buildCMakeRelWithDebInfo[x86_64]' (registered by plugin 'com.android.internal.application').
> com.android.ide.common.process.ProcessException: ninja: Entering directory `/Users/zhanziyuan/Documents/GitHub/EhViewer/app/.cxx/RelWithDebInfo/56n3v2n2/x86_64'
  [0/340] cd /Users/zhanziyuan/Documents/GitHub/EhViewer/app/src/main/rust && /Users/zhanziyuan/Library/Android/sdk/cmake/3.22.1/bin/cmake -E env "RUSTFLAGS=-Z unstable-options -C panic=immediate-abort -Z location-detail=none -Z fmt-debug=none" CARGO_TARGET_X86_64_LINUX_ANDROID_LINKER=/Users/zhanziyuan/Library/Android/sdk/ndk/29.0.14206865/toolchains/llvm/prebuilt/darwin-x86_64/bin/clang CC_x86_64-linux-android=/Users/zhanziyuan/Library/Android/sdk/ndk/29.0.14206865/toolchains/llvm/prebuilt/darwin-x86_64/bin/clang CXX_x86_64-linux-android=/Users/zhanziyuan/Library/Android/sdk/ndk/29.0.14206865/toolchains/llvm/prebuilt/darwin-x86_64/bin/clang++ AR_x86_64-linux-android=/Users/zhanziyuan/Library/Android/sdk/ndk/29.0.14206865/toolchains/llvm/prebuilt/darwin-x86_64/bin/llvm-ar CORROSION_BUILD_DIR=/Users/zhanziyuan/Documents/GitHub/EhViewer/app/.cxx/RelWithDebInfo/56n3v2n2/x86_64 CARGO_BUILD_RUSTC=/Users/zhanziyuan/.rustup/toolchains/nightly-2026-08-22-aarch64-apple-darwin/bin/rustc /Users/zhanziyuan/.rustup/toolchains/nightly-2026-08-22-aarch64-apple-darwin/bin/cargo rustc --lib --target=x86_64-linux-android --features=android-26 --package ehviewer_rust --crate-type=staticlib --manifest-path /Users/zhanziyuan/Documents/GitHub/EhViewer/app/src/main/rust/Cargo.toml --target-dir /Users/zhanziyuan/Documents/GitHub/EhViewer/app/.cxx/RelWithDebInfo/56n3v2n2/x86_64/cargo/rust_7aef3 --release -Z build-std -Z build-std-features= --locked -- -Clink-args=--sysroot=/Users/zhanziyuan/Library/Android/sdk/ndk/29.0.14206865/toolchains/llvm/prebuilt/darwin-x86_64/sysroot -Cdefault-linker-libraries=yes -Clink-args=--target=x86_64-none-linux-android26
  [192/340] Performing download step (git clone) for 'nettle'
  Cloning into 'nettle'...
  HEAD is now at bf13ee9 Make tar file generation closer to reproducible
  [196/340] Performing configure step for 'nettle'
  FAILED: nettle-prefix/src/nettle-stamp/nettle-configure /Users/zhanziyuan/Documents/GitHub/EhViewer/app/.cxx/RelWithDebInfo/56n3v2n2/x86_64/nettle-prefix/src/nettle-stamp/nettle-configure 
  cd /Users/zhanziyuan/Documents/GitHub/EhViewer/app/.cxx/RelWithDebInfo/56n3v2n2/x86_64/nettle-prefix/src/nettle && ./.bootstrap && ./configure --disable-public-key --disable-dependency-tracking --host=x86_64-none-linux-android26 "CFLAGS=-g -DANDROID -fdata-sections -ffunction-sections -funwind-tables -fstack-protector-strong -no-canonical-prefixes -D_FORTIFY_SOURCE=2 -Wformat -Werror=format-security  -O3 -ffast-math -fvisibility=hidden -fvisibility-inlines-hidden -funroll-loops -flto -ffile-prefix-map=/Users/zhanziyuan/Library/Android/sdk/ndk/29.0.14206865/toolchains/llvm/prebuilt/darwin-x86_64= -ffile-prefix-map=/Users/zhanziyuan/Documents/GitHub/EhViewer/app/src/main/cpp= -ffile-prefix-map=/Users/zhanziyuan/Documents/GitHub/EhViewer/app/.cxx/RelWithDebInfo/56n3v2n2/x86_64= -mllvm -polly -mllvm -polly-run-dce -mllvm -polly-run-inliner -mllvm -polly-isl-arg=--no-schedule-serialize-sccs -mllvm -polly-ast-use-context -mllvm -polly-detect-keep-going -mllvm -polly-position=before-vectorizer -mllvm -polly-vectorizer=stripmine -mllvm -polly-detect-profitability-min-per-loop-insts=40 -mllvm -polly-invariant-load-hoisting -Qunused-arguments" AR=/Users/zhanziyuan/Library/Android/sdk/ndk/29.0.14206865/toolchains/llvm/prebuilt/darwin-x86_64/bin/llvm-ar "CC=/Users/zhanziyuan/Library/Android/sdk/ndk/29.0.14206865/toolchains/llvm/prebuilt/darwin-x86_64/bin/clang --target=x86_64-none-linux-android26" RANLIB=/Users/zhanziyuan/Library/Android/sdk/ndk/29.0.14206865/toolchains/llvm/prebuilt/darwin-x86_64/bin/llvm-ranlib && /Users/zhanziyuan/Library/Android/sdk/cmake/3.22.1/bin/cmake -E touch /Users/zhanziyuan/Documents/GitHub/EhViewer/app/.cxx/RelWithDebInfo/56n3v2n2/x86_64/nettle-prefix/src/nettle-stamp/nettle-configure
  ./.bootstrap: line 3: autoconf: command not found
  [204/340] Building C object _deps/libwebp-build/CMakeFiles/webpencode.dir/src/enc/picture_tools_enc.c.o
  ninja: build stopped: subcommand failed.
  
  C++ build system [build] failed while executing:
      /Users/zhanziyuan/Library/Android/sdk/cmake/3.22.1/bin/ninja \
        -C \
        /Users/zhanziyuan/Documents/GitHub/EhViewer/app/.cxx/RelWithDebInfo/56n3v2n2/x86_64 \
        ehviewer
    from /Users/zhanziyuan/Documents/GitHub/EhViewer/app
      Blocking waiting for file lock on package cache
     Compiling compiler_builtins v0.1.160 (/Users/zhanziyuan/.rustup/toolchains/nightly-2026-08-22-aarch64-apple-darwin/lib/rustlib/src/rust/library/compiler-builtins/compiler-builtins)
     Compiling core v0.0.0 (/Users/zhanziyuan/.rustup/toolchains/nightly-2026-08-22-aarch64-apple-darwin/lib/rustlib/src/rust/library/core)
     Compiling libc v0.2.189
     Compiling std v0.0.0 (/Users/zhanziyuan/.rustup/toolchains/nightly-2026-08-22-aarch64-apple-darwin/lib/rustlib/src/rust/library/std)
     Compiling proc-macro2 v1.0.107
     Compiling quote v1.0.47
     Compiling unicode-ident v1.0.24
     Compiling autocfg v1.5.1
     Compiling winnow v1.0.4
     Compiling equivalent v1.0.2
     Compiling hashbrown v0.17.1
     Compiling jni-sys v0.3.1
     Compiling serde_core v1.0.229
     Compiling toml_datetime v1.1.1+spec-1.1.0
     Compiling num-traits v0.2.19
     Compiling rustversion v1.0.23
     Compiling thiserror v1.0.69
     Compiling thiserror v2.0.20
     Compiling zmij v1.0.23
     Compiling serde v1.0.229
     Compiling anyhow v1.0.104
     Compiling serde_json v1.0.151
     Compiling indexmap v2.14.0
     Compiling syn v2.0.119
     Compiling syn v3.0.3
     Compiling toml_parser v1.1.3+spec-1.1.0
     Compiling toml_edit v0.25.13+spec-1.1.0
     Compiling proc-macro-crate v3.5.0
     Compiling serde_derive v1.0.229
     Compiling thiserror-impl v2.0.20
     Compiling jni-sys-macros v0.4.1
     Compiling thiserror-impl v1.0.69
     Compiling num_enum_derive v0.7.6
     Compiling jni_fn v0.1.2
     Compiling rustc-std-workspace-core v1.99.0 (/Users/zhanziyuan/.rustup/toolchains/nightly-2026-08-22-aarch64-apple-darwin/lib/rustlib/src/rust/library/rustc-std-workspace-core)
     Compiling alloc v0.0.0 (/Users/zhanziyuan/.rustup/toolchains/nightly-2026-08-22-aarch64-apple-darwin/lib/rustlib/src/rust/library/alloc)
     Compiling rustc-demangle v0.1.28
     Compiling cfg-if v1.0.4
     Compiling rustc-literal-escaper v0.0.8
     Compiling unwind v0.0.0 (/Users/zhanziyuan/.rustup/toolchains/nightly-2026-08-22-aarch64-apple-darwin/lib/rustlib/src/rust/library/unwind)
     Compiling rustc-std-workspace-alloc v1.99.0 (/Users/zhanziyuan/.rustup/toolchains/nightly-2026-08-22-aarch64-apple-darwin/lib/rustlib/src/rust/library/rustc-std-workspace-alloc)
     Compiling panic_abort v0.0.0 (/Users/zhanziyuan/.rustup/toolchains/nightly-2026-08-22-aarch64-apple-darwin/lib/rustlib/src/rust/library/panic_abort)
     Compiling panic_unwind v0.0.0 (/Users/zhanziyuan/.rustup/toolchains/nightly-2026-08-22-aarch64-apple-darwin/lib/rustlib/src/rust/library/panic_unwind)
     Compiling std_detect v0.1.5 (/Users/zhanziyuan/.rustup/toolchains/nightly-2026-08-22-aarch64-apple-darwin/lib/rustlib/src/rust/library/std_detect)
     Compiling proc_macro v0.0.0 (/Users/zhanziyuan/.rustup/toolchains/nightly-2026-08-22-aarch64-apple-darwin/lib/rustlib/src/rust/library/proc_macro)
     Compiling memchr v2.8.3
     Compiling jni-sys v0.4.1
     Compiling log v0.4.33
     Compiling regex-syntax v0.8.11
     Compiling bytes v1.12.1
     Compiling pxfm v0.1.30
     Compiling ndk-sys v0.6.0+11769913
     Compiling android_system_properties v0.1.6
     Compiling iana-time-zone v0.1.65
     Compiling env_filter v0.1.4
     Compiling aho-corasick v1.1.5
     Compiling num-integer v0.1.47
     Compiling num-complex v0.4.6
     Compiling chrono v0.4.45
     Compiling combine v4.6.7
     Compiling num-bigint v0.4.8
     Compiling num-iter v0.1.46
     Compiling itoa v1.0.18
     Compiling half v1.8.3
     Compiling num_enum v0.7.6
     Compiling cesu8 v1.1.0
     Compiling byteorder-lite v0.1.0
     Compiling bitflags v2.13.1
     Compiling android_log-sys v0.3.2
     Compiling once_cell v1.21.4
     Compiling regex-automata v0.4.18
     Compiling raw-window-handle v0.6.2
     Compiling unicode-segmentation v1.13.3
     Compiling num-rational v0.4.2
     Compiling num v0.4.3
     Compiling moxcms v0.8.1
     Compiling bytemuck v1.25.2
     Compiling serde_cbor v0.11.2
     Compiling ndk v0.9.0
     Compiling android_logger v0.15.1
     Compiling quick-xml v0.41.0
     Compiling libwebp-sys2 v0.2.0 (https://github.com/FooIbar/libwebp-sys2-rs.git#138c7114)
     Compiling regex-lite v0.1.9
     Compiling tl v0.7.8 (https://github.com/FooIbar/tl.git#051705e4)
     Compiling regex v1.13.1
     Compiling rxing v0.9.2
     Compiling image v0.25.10
     Compiling jni v0.21.1
     Compiling ehviewer_rust v0.0.0 (/Users/zhanziyuan/Documents/GitHub/EhViewer/app/src/main/rust)
      Finished `release` profile [optimized] target(s) in 1m 34s

* Try:
> Run with --stacktrace option to get the stack trace.
> Run with --info or --debug option to get more log output.
> Run with --scan to get full insights from a Build Scan (powered by Develocity).
> Get more help at https://help.gradle.org.
==============================================================================

4: Task failed with an exception.
-----------
* What went wrong:
Execution failed for task ':app:buildCMakeRelWithDebInfo[arm64-v8a]' (registered by plugin 'com.android.internal.application').
> com.android.ide.common.process.ProcessException: ninja: Entering directory `/Users/zhanziyuan/Documents/GitHub/EhViewer/app/.cxx/RelWithDebInfo/56n3v2n2/arm64-v8a'
  [1/340] Building C object _deps/liblzma-build/CMakeFiles/liblzma.dir/src/liblzma/common/easy_encoder_memusage.c.o
  [2/340] Building C object _deps/liblzma-build/CMakeFiles/liblzma.dir/src/liblzma/common/filter_flags_encoder.c.o
  [3/340] Building C object _deps/liblzma-build/CMakeFiles/liblzma.dir/src/liblzma/common/easy_encoder.c.o
  [4/340] Building C object _deps/liblzma-build/CMakeFiles/liblzma.dir/src/liblzma/common/stream_buffer_encoder.c.o
  [5/340] Building C object _deps/liblzma-build/CMakeFiles/liblzma.dir/src/liblzma/common/filter_buffer_encoder.c.o
  [6/340] Building C object _deps/liblzma-build/CMakeFiles/liblzma.dir/src/liblzma/common/stream_encoder.c.o
  [7/340] Building C object _deps/liblzma-build/CMakeFiles/liblzma.dir/src/liblzma/common/stream_flags_encoder.c.o
  [8/340] Building C object _deps/liblzma-build/CMakeFiles/liblzma.dir/src/liblzma/common/index_encoder.c.o
  [9/340] Building C object _deps/liblzma-build/CMakeFiles/liblzma.dir/src/liblzma/lz/lz_encoder.c.o
  [10/340] Building C object _deps/liblzma-build/CMakeFiles/liblzma.dir/src/liblzma/common/vli_encoder.c.o
  [11/340] Building C object _deps/liblzma-build/CMakeFiles/liblzma.dir/src/liblzma/lzma/fastpos_table.c.o
  [12/340] Building C object _deps/liblzma-build/CMakeFiles/liblzma.dir/src/liblzma/simple/simple_encoder.c.o
  [13/340] Building C object _deps/liblzma-build/CMakeFiles/liblzma.dir/src/liblzma/delta/delta_encoder.c.o
  [14/340] Building C object _deps/liblzma-build/CMakeFiles/liblzma.dir/src/liblzma/common/alone_decoder.c.o
  [15/340] Building C object _deps/liblzma-build/CMakeFiles/liblzma.dir/src/liblzma/common/block_buffer_decoder.c.o
  [16/340] Building C object _deps/liblzma-build/CMakeFiles/liblzma.dir/src/liblzma/common/auto_decoder.c.o
  [17/340] Building C object _deps/liblzma-build/CMakeFiles/liblzma.dir/src/liblzma/rangecoder/price_table.c.o
  [18/340] Building C object _deps/liblzma-build/CMakeFiles/liblzma.dir/src/liblzma/lzma/lzma_encoder_optimum_fast.c.o
  [19/340] Building C object _deps/liblzma-build/CMakeFiles/liblzma.dir/src/liblzma/common/easy_decoder_memusage.c.o
  [20/340] Building C object _deps/liblzma-build/CMakeFiles/liblzma.dir/src/liblzma/common/filter_encoder.c.o
  [21/340] Building C object _deps/liblzma-build/CMakeFiles/liblzma.dir/src/liblzma/lzma/lzma2_encoder.c.o
  [22/340] Building C object _deps/liblzma-build/CMakeFiles/liblzma.dir/src/liblzma/common/filter_decoder.c.o
  [23/340] Building C object _deps/liblzma-build/CMakeFiles/liblzma.dir/src/liblzma/common/filter_buffer_decoder.c.o
  [24/340] Building C object _deps/liblzma-build/CMakeFiles/liblzma.dir/src/liblzma/common/filter_flags_decoder.c.o
  [25/340] Building C object _deps/liblzma-build/CMakeFiles/liblzma.dir/src/liblzma/common/block_decoder.c.o
  [26/340] Building C object _deps/liblzma-build/CMakeFiles/liblzma.dir/src/liblzma/common/index_decoder.c.o
  [27/340] Building C object _deps/liblzma-build/CMakeFiles/liblzma.dir/src/liblzma/common/stream_buffer_decoder.c.o
  [28/340] Building C object _deps/liblzma-build/CMakeFiles/liblzma.dir/src/liblzma/common/block_header_decoder.c.o
  [29/340] Building C object _deps/liblzma-build/CMakeFiles/liblzma.dir/src/liblzma/common/stream_decoder.c.o
  [30/340] Building C object _deps/liblzma-build/CMakeFiles/liblzma.dir/src/liblzma/common/vli_decoder.c.o
  [31/340] Building C object _deps/liblzma-build/CMakeFiles/liblzma.dir/src/liblzma/common/stream_flags_decoder.c.o
  [32/340] Building C object _deps/liblzma-build/CMakeFiles/liblzma.dir/src/liblzma/simple/simple_decoder.c.o
  [33/340] Building C object _deps/liblzma-build/CMakeFiles/liblzma.dir/src/liblzma/delta/delta_decoder.c.o
  [34/340] Building C object _deps/liblzma-build/CMakeFiles/liblzma.dir/src/liblzma/lzma/lzma2_decoder.c.o
  [35/340] Building C object _deps/liblzma-build/CMakeFiles/liblzma.dir/src/liblzma/common/file_info.c.o
  [36/340] Building C object _deps/liblzma-build/CMakeFiles/liblzma.dir/src/liblzma/lz/lz_decoder.c.o
  [37/340] Building C object _deps/liblzma-build/CMakeFiles/liblzma.dir/src/liblzma/common/index_hash.c.o
  [38/340] Building C object _deps/liblzma-build/CMakeFiles/liblzma.dir/src/liblzma/lzma/lzma_encoder_presets.c.o
  [39/340] Building C object _deps/liblzma-build/CMakeFiles/liblzma.dir/src/liblzma/common/stream_encoder_mt.c.o
  [40/340] Building C object _deps/liblzma-build/CMakeFiles/liblzma.dir/src/liblzma/simple/arm64.c.o
  [41/340] Building C object _deps/liblzma-build/CMakeFiles/liblzma.dir/src/liblzma/simple/x86.c.o
  [42/340] Building C object _deps/liblzma-build/CMakeFiles/liblzma.dir/src/liblzma/delta/delta_common.c.o
  [43/340] Building C object _deps/liblzma-build/CMakeFiles/liblzma.dir/src/liblzma/simple/simple_coder.c.o
  [44/340] Building C object _deps/liblzma-build/CMakeFiles/liblzma.dir/src/liblzma/simple/armthumb.c.o
  [45/340] Creating directories for 'nettle'
  [46/340] Building C object _deps/liblzma-build/CMakeFiles/liblzma.dir/src/liblzma/simple/riscv.c.o
  [46/340] cd /Users/zhanziyuan/Documents/GitHub/EhViewer/app/src/main/rust && /Users/zhanziyuan/Library/Android/sdk/cmake/3.22.1/bin/cmake -E env "RUSTFLAGS=-Z unstable-options -C panic=immediate-abort -Z location-detail=none -Z fmt-debug=none" CARGO_TARGET_AARCH64_LINUX_ANDROID_LINKER=/Users/zhanziyuan/Library/Android/sdk/ndk/29.0.14206865/toolchains/llvm/prebuilt/darwin-x86_64/bin/clang CC_aarch64-linux-android=/Users/zhanziyuan/Library/Android/sdk/ndk/29.0.14206865/toolchains/llvm/prebuilt/darwin-x86_64/bin/clang CXX_aarch64-linux-android=/Users/zhanziyuan/Library/Android/sdk/ndk/29.0.14206865/toolchains/llvm/prebuilt/darwin-x86_64/bin/clang++ AR_aarch64-linux-android=/Users/zhanziyuan/Library/Android/sdk/ndk/29.0.14206865/toolchains/llvm/prebuilt/darwin-x86_64/bin/llvm-ar CORROSION_BUILD_DIR=/Users/zhanziyuan/Documents/GitHub/EhViewer/app/.cxx/RelWithDebInfo/56n3v2n2/arm64-v8a CARGO_BUILD_RUSTC=/Users/zhanziyuan/.rustup/toolchains/nightly-2026-08-22-aarch64-apple-darwin/bin/rustc /Users/zhanziyuan/.rustup/toolchains/nightly-2026-08-22-aarch64-apple-darwin/bin/cargo rustc --lib --target=aarch64-linux-android --features=android-26 --package ehviewer_rust --crate-type=staticlib --manifest-path /Users/zhanziyuan/Documents/GitHub/EhViewer/app/src/main/rust/Cargo.toml --target-dir /Users/zhanziyuan/Documents/GitHub/EhViewer/app/.cxx/RelWithDebInfo/56n3v2n2/arm64-v8a/cargo/rust_7aef3 --release -Z build-std -Z build-std-features= --locked -- -Clink-args=--sysroot=/Users/zhanziyuan/Library/Android/sdk/ndk/29.0.14206865/toolchains/llvm/prebuilt/darwin-x86_64/sysroot -Cdefault-linker-libraries=yes -Clink-args=--target=aarch64-none-linux-android26
  [199/340] Performing download step (git clone) for 'nettle'
  Cloning into 'nettle'...
  HEAD is now at bf13ee9 Make tar file generation closer to reproducible
  [202/340] Performing configure step for 'nettle'
  FAILED: nettle-prefix/src/nettle-stamp/nettle-configure /Users/zhanziyuan/Documents/GitHub/EhViewer/app/.cxx/RelWithDebInfo/56n3v2n2/arm64-v8a/nettle-prefix/src/nettle-stamp/nettle-configure 
  cd /Users/zhanziyuan/Documents/GitHub/EhViewer/app/.cxx/RelWithDebInfo/56n3v2n2/arm64-v8a/nettle-prefix/src/nettle && ./.bootstrap && ./configure --disable-public-key --disable-dependency-tracking --host=aarch64-none-linux-android26 "CFLAGS=-g -DANDROID -fdata-sections -ffunction-sections -funwind-tables -fstack-protector-strong -no-canonical-prefixes -D_FORTIFY_SOURCE=2 -Wformat -Werror=format-security  -O3 -ffast-math -fvisibility=hidden -fvisibility-inlines-hidden -funroll-loops -flto -ffile-prefix-map=/Users/zhanziyuan/Library/Android/sdk/ndk/29.0.14206865/toolchains/llvm/prebuilt/darwin-x86_64= -ffile-prefix-map=/Users/zhanziyuan/Documents/GitHub/EhViewer/app/src/main/cpp= -ffile-prefix-map=/Users/zhanziyuan/Documents/GitHub/EhViewer/app/.cxx/RelWithDebInfo/56n3v2n2/arm64-v8a= -mllvm -polly -mllvm -polly-run-dce -mllvm -polly-run-inliner -mllvm -polly-isl-arg=--no-schedule-serialize-sccs -mllvm -polly-ast-use-context -mllvm -polly-detect-keep-going -mllvm -polly-position=before-vectorizer -mllvm -polly-vectorizer=stripmine -mllvm -polly-detect-profitability-min-per-loop-insts=40 -mllvm -polly-invariant-load-hoisting -Qunused-arguments" AR=/Users/zhanziyuan/Library/Android/sdk/ndk/29.0.14206865/toolchains/llvm/prebuilt/darwin-x86_64/bin/llvm-ar "CC=/Users/zhanziyuan/Library/Android/sdk/ndk/29.0.14206865/toolchains/llvm/prebuilt/darwin-x86_64/bin/clang --target=aarch64-none-linux-android26" RANLIB=/Users/zhanziyuan/Library/Android/sdk/ndk/29.0.14206865/toolchains/llvm/prebuilt/darwin-x86_64/bin/llvm-ranlib && /Users/zhanziyuan/Library/Android/sdk/cmake/3.22.1/bin/cmake -E touch /Users/zhanziyuan/Documents/GitHub/EhViewer/app/.cxx/RelWithDebInfo/56n3v2n2/arm64-v8a/nettle-prefix/src/nettle-stamp/nettle-configure
  ./.bootstrap: line 3: autoconf: command not found
  [204/340] Building C object _deps/libwebp-build/CMakeFiles/webpencode.dir/src/enc/picture_tools_enc.c.o
  ninja: build stopped: subcommand failed.
  
  C++ build system [build] failed while executing:
      /Users/zhanziyuan/Library/Android/sdk/cmake/3.22.1/bin/ninja \
        -C \
        /Users/zhanziyuan/Documents/GitHub/EhViewer/app/.cxx/RelWithDebInfo/56n3v2n2/arm64-v8a \
        ehviewer
    from /Users/zhanziyuan/Documents/GitHub/EhViewer/app
      Updating crates.io index
   Downloading crates ...
    Downloaded foldhash v0.2.0
    Downloaded getopts v0.2.24
    Downloaded rustc-literal-escaper v0.0.8
    Downloaded rustc-demangle v0.1.28
      Blocking waiting for file lock on package cache
      Blocking waiting for file lock on package cache
     Compiling compiler_builtins v0.1.160 (/Users/zhanziyuan/.rustup/toolchains/nightly-2026-08-22-aarch64-apple-darwin/lib/rustlib/src/rust/library/compiler-builtins/compiler-builtins)
     Compiling core v0.0.0 (/Users/zhanziyuan/.rustup/toolchains/nightly-2026-08-22-aarch64-apple-darwin/lib/rustlib/src/rust/library/core)
     Compiling libc v0.2.189
     Compiling std v0.0.0 (/Users/zhanziyuan/.rustup/toolchains/nightly-2026-08-22-aarch64-apple-darwin/lib/rustlib/src/rust/library/std)
     Compiling proc-macro2 v1.0.107
     Compiling quote v1.0.47
     Compiling unicode-ident v1.0.24
     Compiling autocfg v1.5.1
     Compiling hashbrown v0.17.1
     Compiling winnow v1.0.4
     Compiling equivalent v1.0.2
     Compiling toml_datetime v1.1.1+spec-1.1.0
     Compiling jni-sys v0.3.1
     Compiling serde_core v1.0.229
     Compiling rustversion v1.0.23
     Compiling thiserror v1.0.69
     Compiling num-traits v0.2.19
     Compiling thiserror v2.0.20
     Compiling zmij v1.0.23
     Compiling serde v1.0.229
     Compiling anyhow v1.0.104
     Compiling serde_json v1.0.151
     Compiling syn v2.0.119
     Compiling syn v3.0.3
     Compiling indexmap v2.14.0
     Compiling toml_parser v1.1.3+spec-1.1.0
     Compiling toml_edit v0.25.13+spec-1.1.0
     Compiling serde_derive v1.0.229
     Compiling thiserror-impl v2.0.20
     Compiling proc-macro-crate v3.5.0
     Compiling jni-sys-macros v0.4.1
     Compiling thiserror-impl v1.0.69
     Compiling num_enum_derive v0.7.6
     Compiling jni_fn v0.1.2
     Compiling rustc-std-workspace-core v1.99.0 (/Users/zhanziyuan/.rustup/toolchains/nightly-2026-08-22-aarch64-apple-darwin/lib/rustlib/src/rust/library/rustc-std-workspace-core)
     Compiling alloc v0.0.0 (/Users/zhanziyuan/.rustup/toolchains/nightly-2026-08-22-aarch64-apple-darwin/lib/rustlib/src/rust/library/alloc)
     Compiling cfg-if v1.0.4
     Compiling rustc-demangle v0.1.28
     Compiling rustc-literal-escaper v0.0.8
     Compiling unwind v0.0.0 (/Users/zhanziyuan/.rustup/toolchains/nightly-2026-08-22-aarch64-apple-darwin/lib/rustlib/src/rust/library/unwind)
     Compiling rustc-std-workspace-alloc v1.99.0 (/Users/zhanziyuan/.rustup/toolchains/nightly-2026-08-22-aarch64-apple-darwin/lib/rustlib/src/rust/library/rustc-std-workspace-alloc)
     Compiling panic_abort v0.0.0 (/Users/zhanziyuan/.rustup/toolchains/nightly-2026-08-22-aarch64-apple-darwin/lib/rustlib/src/rust/library/panic_abort)
     Compiling panic_unwind v0.0.0 (/Users/zhanziyuan/.rustup/toolchains/nightly-2026-08-22-aarch64-apple-darwin/lib/rustlib/src/rust/library/panic_unwind)
     Compiling std_detect v0.1.5 (/Users/zhanziyuan/.rustup/toolchains/nightly-2026-08-22-aarch64-apple-darwin/lib/rustlib/src/rust/library/std_detect)
     Compiling proc_macro v0.0.0 (/Users/zhanziyuan/.rustup/toolchains/nightly-2026-08-22-aarch64-apple-darwin/lib/rustlib/src/rust/library/proc_macro)
     Compiling memchr v2.8.3
     Compiling jni-sys v0.4.1
     Compiling log v0.4.33
     Compiling regex-syntax v0.8.11
     Compiling bytes v1.12.1
     Compiling pxfm v0.1.30
     Compiling android_system_properties v0.1.6
     Compiling ndk-sys v0.6.0+11769913
     Compiling aho-corasick v1.1.5
     Compiling iana-time-zone v0.1.65
     Compiling env_filter v0.1.4
     Compiling combine v4.6.7
     Compiling num-integer v0.1.47
     Compiling num-complex v0.4.6
     Compiling chrono v0.4.45
     Compiling num-bigint v0.4.8
     Compiling num-iter v0.1.46
     Compiling cesu8 v1.1.0
     Compiling byteorder-lite v0.1.0
     Compiling once_cell v1.21.4
     Compiling itoa v1.0.18
     Compiling raw-window-handle v0.6.2
     Compiling half v1.8.3
     Compiling android_log-sys v0.3.2
     Compiling bytemuck v1.25.2
     Compiling regex-automata v0.4.18
     Compiling num_enum v0.7.6
     Compiling unicode-segmentation v1.13.3
     Compiling num-rational v0.4.2
     Compiling num v0.4.3
     Compiling moxcms v0.8.1
     Compiling bitflags v2.13.1
     Compiling ndk v0.9.0
     Compiling serde_cbor v0.11.2
     Compiling android_logger v0.15.1
     Compiling quick-xml v0.41.0
     Compiling libwebp-sys2 v0.2.0 (https://github.com/FooIbar/libwebp-sys2-rs.git#138c7114)
     Compiling tl v0.7.8 (https://github.com/FooIbar/tl.git#051705e4)
     Compiling regex-lite v0.1.9
     Compiling regex v1.13.1
     Compiling rxing v0.9.2
     Compiling jni v0.21.1
     Compiling image v0.25.10
     Compiling ehviewer_rust v0.0.0 (/Users/zhanziyuan/Documents/GitHub/EhViewer/app/src/main/rust)
      Finished `release` profile [optimized] target(s) in 1m 37s

* Try:
> Run with --stacktrace option to get the stack trace.
> Run with --info or --debug option to get more log output.
> Run with --scan to get full insights from a Build Scan (powered by Develocity).
> Get more help at https://help.gradle.org.
==============================================================================

BUILD FAILED in 1m 52s
140 actionable tasks: 61 executed, 3 from cache, 76 up-to-date
Configuration cache entry stored.
