To honour the JVM settings for this build a single-use Daemon process will be forked. For more on this, please refer to https://docs.gradle.org/9.7.1/userguide/gradle_daemon.html#sec:disabling_the_daemon in the Gradle documentation.
Daemon will be stopped at the end of the build 
Calculating task graph as no cached configuration is available for tasks: :app:lintMarshmallowRelease
Type-safe project accessors is an incubating feature.
> Task :build-logic:convention:checkKotlinGradlePluginConfigurationErrors SKIPPED
> Task :build-logic:convention:compileKotlin UP-TO-DATE
> Task :build-logic:convention:compileJava NO-SOURCE
> Task :build-logic:convention:pluginDescriptors UP-TO-DATE
> Task :build-logic:convention:processResources UP-TO-DATE
> Task :build-logic:convention:classes UP-TO-DATE
> Task :build-logic:convention:jar UP-TO-DATE
> Task :core:data:androidPreBuild UP-TO-DATE
> Task :app:preBuild UP-TO-DATE
> Task :core:ui:androidPreBuild UP-TO-DATE
> Task :core:common:androidPreBuild UP-TO-DATE
> Task :core:i18n:androidPreBuild UP-TO-DATE
> Task :core:common:preAndroidMainBuild UP-TO-DATE
> Task :core:ui:preAndroidMainBuild UP-TO-DATE
> Task :app:preMarshmallowReleaseBuild UP-TO-DATE
> Task :core:data:preAndroidMainBuild UP-TO-DATE
> Task :core:i18n:preAndroidMainBuild UP-TO-DATE
> Task :core:i18n:generateAndroidMainEmptyResourceFiles UP-TO-DATE
> Task :core:data:generateAndroidMainEmptyResourceFiles UP-TO-DATE
> Task :core:i18n:generateMRcommonTest UP-TO-DATE
> Task :core:common:generateAndroidMainEmptyResourceFiles UP-TO-DATE
> Task :core:ui:generateAndroidMainEmptyResourceFiles UP-TO-DATE
> Task :core:i18n:generateMRjvmTest UP-TO-DATE
> Task :core:ui:kmpPartiallyResolvedDependenciesChecker
> Task :core:data:kmpPartiallyResolvedDependenciesChecker
> Task :core:common:kmpPartiallyResolvedDependenciesChecker
> Task :core:i18n:kmpPartiallyResolvedDependenciesChecker
> Task :core:ui:checkKotlinGradlePluginConfigurationErrors SKIPPED
> Task :core:common:checkKotlinGradlePluginConfigurationErrors SKIPPED
> Task :core:data:checkKotlinGradlePluginConfigurationErrors SKIPPED
> Task :core:i18n:checkKotlinGradlePluginConfigurationErrors SKIPPED
> Task :core:i18n:generateMRandroidHostTest UP-TO-DATE
> Task :core:i18n:generateMRcommonMain UP-TO-DATE
> Task :core:i18n:generateMRjvmMain UP-TO-DATE
> Task :core:ui:copyNonXmlValueResourcesForAndroidMain NO-SOURCE
> Task :core:ui:generateComposeResClass SKIPPED
> Task :core:ui:copyNonXmlValueResourcesForCommonMain NO-SOURCE
> Task :core:ui:generateExpectResourceCollectorsForCommonMain SKIPPED
> Task :core:ui:copyNonXmlValueResourcesForJvmMain NO-SOURCE
> Task :core:ui:convertXmlValueResourcesForAndroidMain NO-SOURCE
> Task :core:ui:convertXmlValueResourcesForCommonMain NO-SOURCE
> Task :core:ui:convertXmlValueResourcesForJvmMain NO-SOURCE
> Task :core:ui:prepareComposeResourcesTaskForCommonMain NO-SOURCE
> Task :core:ui:prepareComposeResourcesTaskForAndroidMain NO-SOURCE
> Task :core:ui:generateResourceAccessorsForCommonMain SKIPPED
> Task :core:ui:prepareComposeResourcesTaskForJvmMain NO-SOURCE
> Task :core:ui:generateResourceAccessorsForJvmMain SKIPPED
> Task :core:ui:generateResourceAccessorsForAndroidMain SKIPPED
> Task :core:ui:generateActualResourceCollectorsForAndroidMain SKIPPED
> Task :app:extractProguardFiles UP-TO-DATE
> Task :core:common:processAndroidMainManifest UP-TO-DATE
> Task :core:data:processAndroidMainManifest UP-TO-DATE
> Task :core:i18n:processAndroidMainManifest UP-TO-DATE
> Task :core:i18n:generateMRandroidMain UP-TO-DATE
> Task :core:ui:processAndroidMainManifest UP-TO-DATE
> Task :core:i18n:packageAndroidMainResources UP-TO-DATE
> Task :core:i18n:parseAndroidMainLocalResources UP-TO-DATE
> Task :core:i18n:generateAndroidMainRFile UP-TO-DATE
> Task :core:common:extractProguardFiles
> Task :core:data:extractProguardFiles
> Task :core:common:prepareLintJarForPublish
> Task :core:data:prepareLintJarForPublish
> Task :app:javaPreCompileMarshmallowRelease FROM-CACHE
> Task :core:i18n:extractProguardFiles
> Task :app:generateMarshmallowReleaseResources
> Task :app:generateMarshmallowReleaseBuildConfig
> Task :core:i18n:prepareLintJarForPublish
> Task :core:ui:extractProguardFiles
> Task :core:common:writeAndroidMainAarMetadata UP-TO-DATE
> Task :core:data:writeAndroidMainAarMetadata UP-TO-DATE
> Task :core:ui:prepareLintJarForPublish
> Task :core:ui:writeAndroidMainAarMetadata UP-TO-DATE
> Task :core:i18n:writeAndroidMainAarMetadata UP-TO-DATE
> Task :core:i18n:compileAndroidMain UP-TO-DATE
> Task :core:i18n:bundleAndroidMainClassesToCompileJar UP-TO-DATE
> Task :core:i18n:bundleAndroidMainClassesToRuntimeJar UP-TO-DATE
> Task :core:i18n:processAndroidMainJavaRes UP-TO-DATE
> Task :core:common:compileAndroidMain UP-TO-DATE
> Task :core:common:bundleAndroidMainClassesToCompileJar UP-TO-DATE
> Task :core:i18n:createFullJarAndroidMain
> Task :core:common:checkAndroidMainAarMetadata
> Task :core:data:checkAndroidMainAarMetadata
> Task :core:common:bundleAndroidMainClassesToRuntimeJar UP-TO-DATE
> Task :core:common:processAndroidMainJavaRes UP-TO-DATE
> Task :core:common:createFullJarAndroidMain
> Task :core:i18n:checkAndroidMainAarMetadata
> Task :core:ui:compileAndroidMain UP-TO-DATE
> Task :core:data:kspAndroidMain UP-TO-DATE
> Task :core:data:copyRoomSchemas NO-SOURCE
> Task :core:ui:bundleAndroidMainClassesToCompileJar UP-TO-DATE
> Task :core:ui:bundleAndroidMainClassesToRuntimeJar UP-TO-DATE
> Task :core:ui:processAndroidMainJavaRes UP-TO-DATE
> Task :core:ui:createFullJarAndroidMain
> Task :core:data:compileAndroidMain UP-TO-DATE
> Task :core:data:bundleAndroidMainClassesToCompileJar UP-TO-DATE
> Task :core:i18n:mergeAndroidMainJavaResource
> Task :core:data:bundleAndroidMainClassesToRuntimeJar UP-TO-DATE
> Task :core:data:processAndroidMainJavaRes UP-TO-DATE
> Task :core:ui:checkAndroidMainAarMetadata
> Task :core:data:createFullJarAndroidMain
> Task :core:data:mergeAndroidMainJavaResource
> Task :core:ui:mergeAndroidMainJavaResource
> Task :core:common:mergeAndroidMainJavaResource
> Task :app:processMarshmallowReleaseNavigationResources
> Task :core:common:writeAndroidMainLintModelMetadata
> Task :core:data:writeAndroidMainLintModelMetadata
> Task :core:common:generateAndroidMainLintModel
> Task :core:i18n:generateAndroidMainLintModel
> Task :core:data:generateAndroidMainLintModel
> Task :core:i18n:writeAndroidMainLintModelMetadata
> Task :core:ui:writeAndroidMainLintModelMetadata
> Task :core:common:preAndroidHostTestBuild UP-TO-DATE
> Task :core:data:preAndroidHostTestBuild UP-TO-DATE
> Task :core:i18n:preAndroidHostTestBuild UP-TO-DATE
> Task :core:ui:preAndroidHostTestBuild UP-TO-DATE
> Task :app:prepareLibraryDefinitionsMarshmallowRelease
> Task :app:mapMarshmallowReleaseSourceSetPaths
> Task :app:extractMarshmallowReleaseSupportedLocales
> Task :app:extractDeepLinksMarshmallowRelease
> Task :app:generateMarshmallowReleaseLocaleConfig
> Task :app:packageMarshmallowReleaseResources
> Task :app:processMarshmallowReleaseMainManifest
> Task :app:parseMarshmallowReleaseLocalResources
> Task :app:generateMarshmallowReleaseRFile
> Task :core:data:extractAndroidMainAnnotations
> Task :core:i18n:extractAndroidMainAnnotations
> Task :core:common:extractAndroidMainAnnotations
> Task :core:ui:generateAndroidMainLintModel
> Task :core:ui:extractAndroidMainAnnotations
> Task :core:i18n:syncAndroidMainLibJars
> Task :core:common:syncAndroidMainLibJars
> Task :core:data:syncAndroidMainLibJars
> Task :core:data:bundleAndroidMainLocalLintAar
> Task :core:common:bundleAndroidMainLocalLintAar
> Task :core:ui:syncAndroidMainLibJars
> Task :core:i18n:bundleAndroidMainLocalLintAar
> Task :core:ui:bundleAndroidMainLocalLintAar
> Task :core:common:generateAndroidHostTestLintModel
> Task :core:data:generateAndroidHostTestLintModel
> Task :core:i18n:generateAndroidHostTestLintModel
> Task :core:ui:generateAndroidHostTestLintModel
> Task :core:data:lintAnalyzeAndroidHostTest
> Task :core:common:lintAnalyzeAndroidHostTest
> Task :core:i18n:lintAnalyzeAndroidHostTest
> Task :core:ui:lintAnalyzeAndroidHostTest
> Task :app:kspMarshmallowReleaseKotlin
> Task :core:i18n:lintAnalyzeAndroidMain
> Task :core:common:lintAnalyzeAndroidMain
> Task :core:data:lintAnalyzeAndroidMain
> Task :core:ui:lintAnalyzeAndroidMain
> Task :app:compileMarshmallowReleaseKotlin
w: file:///Users/zhanziyuan/Documents/GitHub/EhViewer/app/src/main/kotlin/com/hippo/ehviewer/spider/ComicInfo.kt:40:19 'constructor(serializersModule: SerializersModule = ..., configure: XmlConfig.CompatBuilder.() -> Unit = ...): XML' is deprecated. Update to the named factory functions.
w: file:///Users/zhanziyuan/Documents/GitHub/EhViewer/app/src/main/kotlin/com/hippo/ehviewer/ui/screen/DownloadsScreen.kt:336:17 'fun ListItem(headlineContent: ComposableFunction0<Unit>, modifier: Modifier = ..., overlineContent: ComposableFunction0<Unit>? = ..., supportingContent: ComposableFunction0<Unit>? = ..., leadingContent: ComposableFunction0<Unit>? = ..., trailingContent: ComposableFunction0<Unit>? = ..., colors: ListItemColors = ..., tonalElevation: Dp = ..., shadowElevation: Dp = ...): Unit' is deprecated. Use the overload where `headlineContent` is now a trailing `content` lambda.
w: file:///Users/zhanziyuan/Documents/GitHub/EhViewer/app/src/main/kotlin/com/hippo/ehviewer/ui/screen/DownloadsScreen.kt:349:17 'fun ListItem(headlineContent: ComposableFunction0<Unit>, modifier: Modifier = ..., overlineContent: ComposableFunction0<Unit>? = ..., supportingContent: ComposableFunction0<Unit>? = ..., leadingContent: ComposableFunction0<Unit>? = ..., trailingContent: ComposableFunction0<Unit>? = ..., colors: ListItemColors = ..., tonalElevation: Dp = ..., shadowElevation: Dp = ...): Unit' is deprecated. Use the overload where `headlineContent` is now a trailing `content` lambda.
w: file:///Users/zhanziyuan/Documents/GitHub/EhViewer/app/src/main/kotlin/com/hippo/ehviewer/ui/screen/DownloadsScreen.kt:403:25 'fun ListItem(headlineContent: ComposableFunction0<Unit>, modifier: Modifier = ..., overlineContent: ComposableFunction0<Unit>? = ..., supportingContent: ComposableFunction0<Unit>? = ..., leadingContent: ComposableFunction0<Unit>? = ..., trailingContent: ComposableFunction0<Unit>? = ..., colors: ListItemColors = ..., tonalElevation: Dp = ..., shadowElevation: Dp = ...): Unit' is deprecated. Use the overload where `headlineContent` is now a trailing `content` lambda.
w: file:///Users/zhanziyuan/Documents/GitHub/EhViewer/app/src/main/kotlin/com/hippo/ehviewer/ui/screen/GalleryListScreen.kt:367:33 'fun ListItem(headlineContent: ComposableFunction0<Unit>, modifier: Modifier = ..., overlineContent: ComposableFunction0<Unit>? = ..., supportingContent: ComposableFunction0<Unit>? = ..., leadingContent: ComposableFunction0<Unit>? = ..., trailingContent: ComposableFunction0<Unit>? = ..., colors: ListItemColors = ..., tonalElevation: Dp = ..., shadowElevation: Dp = ...): Unit' is deprecated. Use the overload where `headlineContent` is now a trailing `content` lambda.
w: file:///Users/zhanziyuan/Documents/GitHub/EhViewer/app/src/main/kotlin/com/hippo/ehviewer/ui/screen/SearchBarScreen.kt:233:9 'fun SearchBar(inputField: ComposableFunction0<Unit>, expanded: Boolean, onExpandedChange: (Boolean) -> Unit, modifier: Modifier = ..., shape: Shape = ..., colors: SearchBarColors = ..., tonalElevation: Dp = ..., shadowElevation: Dp = ..., windowInsets: WindowInsets = ..., content: ComposableFunction1<ColumnScope, Unit>): Unit' is deprecated. Use SearchBar with SearchBarState, and ExpandedFullScreenSearchBar or ExpandedDockedSearchBar to display results.
w: file:///Users/zhanziyuan/Documents/GitHub/EhViewer/app/src/main/kotlin/com/hippo/ehviewer/ui/screen/SearchBarScreen.kt:237:17 'fun InputField(state: TextFieldState, onSearch: (String) -> Unit, expanded: Boolean, onExpandedChange: (Boolean) -> Unit, modifier: Modifier = ..., enabled: Boolean = ..., readOnly: Boolean = ..., textStyle: TextStyle = ..., placeholder: ComposableFunction0<Unit>? = ..., leadingIcon: ComposableFunction0<Unit>? = ..., trailingIcon: ComposableFunction0<Unit>? = ..., prefix: ComposableFunction0<Unit>? = ..., suffix: ComposableFunction0<Unit>? = ..., inputTransformation: InputTransformation? = ..., outputTransformation: OutputTransformation? = ..., scrollState: ScrollState = ..., shape: Shape = ..., colors: TextFieldColors = ..., interactionSource: MutableInteractionSource? = ...): Unit' is deprecated. Use SearchBarDefaults.InputField with SearchBarState.

> Task :app:compileMarshmallowReleaseJavaWithJavac
> Task :app:generateMarshmallowReleaseLintReportModel
> Task :app:lintAnalyzeMarshmallowRelease

> Task :app:lintReportMarshmallowRelease
Wrote HTML report to file:///Users/zhanziyuan/Documents/GitHub/EhViewer/app/build/reports/lint-results-marshmallowRelease.html
Wrote SARIF report to file:///Users/zhanziyuan/Documents/GitHub/EhViewer/app/build/reports/lint-results-marshmallowRelease.sarif

> Task :app:lintMarshmallowRelease

[Incubating] Problems report is available at: file:///Users/zhanziyuan/Documents/GitHub/EhViewer/build/reports/problems/problems-report.html

BUILD SUCCESSFUL in 2m 13s
119 actionable tasks: 75 executed, 1 from cache, 43 up-to-date
Configuration cache entry stored.
