To honour the JVM settings for this build a single-use Daemon process will be forked. For more on this, please refer to https://docs.gradle.org/9.7.1/userguide/gradle_daemon.html#sec:disabling_the_daemon in the Gradle documentation.
Daemon will be stopped at the end of the build 
Calculating task graph as no cached configuration is available for tasks: :app:generateBaselineProfile
Type-safe project accessors is an incubating feature.
> Task :build-logic:convention:checkKotlinGradlePluginConfigurationErrors SKIPPED
> Task :build-logic:convention:pluginDescriptors UP-TO-DATE
> Task :build-logic:convention:processResources UP-TO-DATE
> Task :build-logic:convention:compileKotlin
> Task :build-logic:convention:compileJava NO-SOURCE
> Task :build-logic:convention:classes UP-TO-DATE
> Task :build-logic:convention:jar UP-TO-DATE
> Task :core:ui:androidPreBuild UP-TO-DATE
> Task :core:data:androidPreBuild UP-TO-DATE
> Task :core:i18n:androidPreBuild UP-TO-DATE
> Task :app:preBuild UP-TO-DATE
> Task :core:common:androidPreBuild UP-TO-DATE
> Task :core:ui:preAndroidMainBuild UP-TO-DATE
> Task :core:i18n:preAndroidMainBuild UP-TO-DATE
> Task :core:data:preAndroidMainBuild UP-TO-DATE
> Task :app:preNonMinifiedReleaseBuild UP-TO-DATE
> Task :core:common:preAndroidMainBuild UP-TO-DATE
> Task :core:data:kmpPartiallyResolvedDependenciesChecker
> Task :core:i18n:kmpPartiallyResolvedDependenciesChecker
> Task :core:common:kmpPartiallyResolvedDependenciesChecker
> Task :core:data:checkKotlinGradlePluginConfigurationErrors SKIPPED
> Task :core:common:checkKotlinGradlePluginConfigurationErrors SKIPPED
> Task :core:i18n:checkKotlinGradlePluginConfigurationErrors SKIPPED
> Task :core:ui:prepareAndroidMainArtProfile UP-TO-DATE
> Task :core:ui:kmpPartiallyResolvedDependenciesChecker
> Task :core:ui:checkKotlinGradlePluginConfigurationErrors SKIPPED
> Task :core:i18n:prepareAndroidMainArtProfile UP-TO-DATE
> Task :core:data:prepareAndroidMainArtProfile UP-TO-DATE
> Task :core:i18n:generateAndroidMainEmptyResourceFiles UP-TO-DATE
> Task :core:i18n:generateMRcommonTest UP-TO-DATE
> Task :core:common:prepareAndroidMainArtProfile UP-TO-DATE
> Task :core:i18n:generateMRjvmTest UP-TO-DATE
> Task :core:i18n:generateMRcommonMain UP-TO-DATE
> Task :core:i18n:generateMRandroidHostTest UP-TO-DATE
> Task :core:ui:generateComposeResClass SKIPPED
> Task :core:ui:convertXmlValueResourcesForAndroidMain NO-SOURCE
> Task :core:ui:generateExpectResourceCollectorsForCommonMain SKIPPED
> Task :core:ui:copyNonXmlValueResourcesForCommonMain NO-SOURCE
> Task :core:ui:copyNonXmlValueResourcesForAndroidMain NO-SOURCE
> Task :core:ui:convertXmlValueResourcesForJvmMain NO-SOURCE
> Task :core:i18n:generateMRjvmMain UP-TO-DATE
> Task :core:ui:convertXmlValueResourcesForCommonMain NO-SOURCE
> Task :core:ui:copyNonXmlValueResourcesForJvmMain NO-SOURCE
> Task :core:ui:prepareComposeResourcesTaskForJvmMain NO-SOURCE
> Task :core:ui:generateResourceAccessorsForJvmMain SKIPPED
> Task :core:ui:prepareComposeResourcesTaskForAndroidMain NO-SOURCE
> Task :core:ui:prepareComposeResourcesTaskForCommonMain NO-SOURCE
> Task :core:ui:generateResourceAccessorsForAndroidMain SKIPPED
> Task :core:ui:generateResourceAccessorsForCommonMain SKIPPED
> Task :core:ui:generateActualResourceCollectorsForAndroidMain SKIPPED
> Task :core:common:generateAndroidMainEmptyResourceFiles UP-TO-DATE
> Task :core:data:generateAndroidMainEmptyResourceFiles UP-TO-DATE
> Task :core:ui:generateAndroidMainEmptyResourceFiles UP-TO-DATE
> Task :core:common:writeAndroidMainAarMetadata UP-TO-DATE
> Task :core:i18n:generateMRandroidMain UP-TO-DATE
> Task :core:data:writeAndroidMainAarMetadata UP-TO-DATE
> Task :core:i18n:writeAndroidMainAarMetadata UP-TO-DATE
> Task :core:ui:writeAndroidMainAarMetadata UP-TO-DATE
> Task :app:javaPreCompileNonMinifiedRelease FROM-CACHE
> Task :app:generateNonMinifiedReleaseResources FROM-CACHE
> Task :core:common:processAndroidMainManifest UP-TO-DATE
> Task :core:i18n:packageAndroidMainResources UP-TO-DATE
> Task :core:data:processAndroidMainManifest UP-TO-DATE
> Task :core:i18n:parseAndroidMainLocalResources UP-TO-DATE
> Task :core:i18n:processAndroidMainManifest UP-TO-DATE
> Task :core:i18n:generateAndroidMainRFile UP-TO-DATE
> Task :core:ui:processAndroidMainManifest UP-TO-DATE
> Task :core:i18n:mapAndroidMainSourceSetPaths UP-TO-DATE
> Task :core:i18n:compileAndroidMainLibraryResources UP-TO-DATE
> Task :app:createNonMinifiedReleaseCompatibleScreenManifests
> Task :app:mergeNonMinifiedReleaseStartupProfile
> Task :app:desugarNonMinifiedReleaseFileDependencies
> Task :app:generateNonMinifiedReleaseAssets UP-TO-DATE
> Task :core:i18n:generateAndroidMainAssets UP-TO-DATE
> Task :app:generateNonMinifiedReleaseBuildConfig
> Task :core:i18n:mergeAndroidMainAssets UP-TO-DATE
> Task :core:i18n:compileAndroidMain UP-TO-DATE
> Task :core:i18n:bundleLibRuntimeToDirAndroidMain UP-TO-DATE
> Task :core:common:compileAndroidMain UP-TO-DATE
> Task :core:common:bundleAndroidMainClassesToCompileJar UP-TO-DATE
> Task :app:extractNonMinifiedReleaseVersionControlInfo
> Task :core:data:kspAndroidMain UP-TO-DATE
> Task :core:data:copyRoomSchemas NO-SOURCE
> Task :core:data:compileAndroidMain UP-TO-DATE
> Task :core:data:bundleLibRuntimeToDirAndroidMain UP-TO-DATE
> Task :core:ui:compileAndroidMain UP-TO-DATE
> Task :core:ui:bundleLibRuntimeToDirAndroidMain UP-TO-DATE
> Task :app:configureCMakeRelWithDebInfo[arm64-v8a]
> Task :core:common:bundleLibRuntimeToDirAndroidMain UP-TO-DATE
> Task :app:checkNonMinifiedReleaseDuplicateClasses
> Task :core:data:bundleAndroidMainClassesToCompileJar UP-TO-DATE
> Task :core:i18n:bundleAndroidMainClassesToCompileJar UP-TO-DATE
> Task :core:ui:bundleAndroidMainClassesToCompileJar UP-TO-DATE
> Task :app:processNonMinifiedReleaseNavigationResources FROM-CACHE
> Task :app:mergeNonMinifiedReleaseArtProfile
> Task :app:expandNonMinifiedReleaseL8ArtProfileWildcards FROM-CACHE
> Task :core:data:bundleAndroidMainClassesToRuntimeJar UP-TO-DATE
> Task :app:checkNonMinifiedReleaseAarMetadata
> Task :app:mergeNonMinifiedReleaseAssets
> Task :core:ui:bundleAndroidMainClassesToRuntimeJar UP-TO-DATE
> Task :core:i18n:bundleAndroidMainClassesToRuntimeJar UP-TO-DATE
> Task :app:prepareLibraryDefinitionsNonMinifiedRelease
> Task :app:extractNonMinifiedReleaseSupportedLocales FROM-CACHE
> Task :app:mapNonMinifiedReleaseSourceSetPaths
> Task :app:generateNonMinifiedReleaseLocaleConfig FROM-CACHE
> Task :app:compileNonMinifiedReleaseNavigationResources FROM-CACHE
> Task :app:extractDeepLinksNonMinifiedRelease FROM-CACHE
> Task :app:packageNonMinifiedReleaseResources
> Task :app:parseNonMinifiedReleaseLocalResources FROM-CACHE
> Task :app:generateNonMinifiedReleaseRFile FROM-CACHE
> Task :core:common:bundleAndroidMainClassesToRuntimeJar UP-TO-DATE
> Task :app:compressNonMinifiedReleaseAssets FROM-CACHE
> Task :core:common:processAndroidMainJavaRes UP-TO-DATE
> Task :core:data:processAndroidMainJavaRes UP-TO-DATE
> Task :core:i18n:processAndroidMainJavaRes UP-TO-DATE
> Task :core:ui:processAndroidMainJavaRes UP-TO-DATE
> Task :app:processNonMinifiedReleaseMainManifest
> Task :app:configureCMakeRelWithDebInfo[armeabi-v7a]
> Task :app:processNonMinifiedReleaseManifest
> Task :app:processNonMinifiedReleaseManifestForPackage
> Task :app:configureCMakeRelWithDebInfo[x86_64]
> Task :app:mergeNonMinifiedReleaseJniLibFolders
> Task :core:common:mergeAndroidMainJniLibFolders UP-TO-DATE
> Task :core:common:mergeAndroidMainNativeLibs NO-SOURCE
> Task :core:common:copyAndroidMainJniLibsProjectOnly UP-TO-DATE
> Task :core:data:mergeAndroidMainJniLibFolders UP-TO-DATE
> Task :core:data:mergeAndroidMainNativeLibs NO-SOURCE
> Task :core:data:copyAndroidMainJniLibsProjectOnly UP-TO-DATE
> Task :core:i18n:mergeAndroidMainJniLibFolders UP-TO-DATE
> Task :core:i18n:mergeAndroidMainNativeLibs NO-SOURCE
> Task :core:i18n:copyAndroidMainJniLibsProjectOnly UP-TO-DATE
> Task :core:ui:mergeAndroidMainJniLibFolders UP-TO-DATE
> Task :core:ui:mergeAndroidMainNativeLibs NO-SOURCE
> Task :core:ui:copyAndroidMainJniLibsProjectOnly UP-TO-DATE
> Task :app:validateSigningNonMinifiedRelease
> Task :app:writeNonMinifiedReleaseAppMetadata
> Task :app:writeNonMinifiedReleaseSigningConfigVersions
> Task :benchmark:preBuild UP-TO-DATE
> Task :benchmark:preNonMinifiedReleaseBuild UP-TO-DATE
> Task :benchmark:checkTestedAppObfuscationNonMinifiedRelease UP-TO-DATE
> Task :benchmark:generateNonMinifiedReleaseResources UP-TO-DATE
> Task :benchmark:packageNonMinifiedReleaseResources UP-TO-DATE
> Task :benchmark:processNonMinifiedReleaseNavigationResources UP-TO-DATE
> Task :benchmark:javaPreCompileNonMinifiedRelease UP-TO-DATE
> Task :benchmark:generateNonMinifiedReleaseAssets UP-TO-DATE
> Task :benchmark:mergeNonMinifiedReleaseAssets UP-TO-DATE
> Task :benchmark:compressNonMinifiedReleaseAssets UP-TO-DATE
> Task :benchmark:generateNonMinifiedReleaseGlobalSynthetics UP-TO-DATE
> Task :benchmark:parseNonMinifiedReleaseLocalResources UP-TO-DATE
> Task :benchmark:generateNonMinifiedReleaseRFile UP-TO-DATE
> Task :benchmark:compileNonMinifiedReleaseKotlin UP-TO-DATE
> Task :benchmark:compileNonMinifiedReleaseJavaWithJavac NO-SOURCE
> Task :benchmark:desugarNonMinifiedReleaseFileDependencies UP-TO-DATE
> Task :benchmark:processNonMinifiedReleaseJavaRes UP-TO-DATE
> Task :benchmark:checkNonMinifiedReleaseDuplicateClasses UP-TO-DATE
> Task :benchmark:mergeNonMinifiedReleaseJavaResource UP-TO-DATE
> Task :benchmark:mergeLibDexNonMinifiedRelease UP-TO-DATE
> Task :benchmark:checkNonMinifiedReleaseAarMetadata UP-TO-DATE
> Task :benchmark:mapNonMinifiedReleaseSourceSetPaths UP-TO-DATE
> Task :benchmark:compileNonMinifiedReleaseNavigationResources UP-TO-DATE
> Task :benchmark:mergeNonMinifiedReleaseResources UP-TO-DATE
> Task :benchmark:mergeExtDexNonMinifiedRelease UP-TO-DATE
> Task :benchmark:mergeNonMinifiedReleaseJniLibFolders UP-TO-DATE
> Task :benchmark:mergeNonMinifiedReleaseManifest UP-TO-DATE
> Task :benchmark:processNonMinifiedReleaseManifest UP-TO-DATE
> Task :benchmark:mergeNonMinifiedReleaseNativeLibs UP-TO-DATE
> Task :benchmark:stripNonMinifiedReleaseDebugSymbols UP-TO-DATE
> Task :benchmark:validateSigningNonMinifiedRelease UP-TO-DATE
> Task :benchmark:writeNonMinifiedReleaseSigningConfigVersions UP-TO-DATE
> Task :benchmark:processNonMinifiedReleaseResources UP-TO-DATE
> Task :benchmark:dexBuilderNonMinifiedRelease UP-TO-DATE
> Task :benchmark:mergeProjectDexNonMinifiedRelease UP-TO-DATE
> Task :benchmark:packageNonMinifiedRelease UP-TO-DATE
> Task :benchmark:createNonMinifiedReleaseApkListingFileRedirect UP-TO-DATE

> Task :app:buildCMakeRelWithDebInfo[arm64-v8a]
C/C++:     Blocking waiting for file lock on package cache
C/C++:     Blocking waiting for file lock on package cache
C/C++:     Blocking waiting for file lock on package cache
C/C++:     Finished `release` profile [optimized] target(s) in 0.64s

> Task :app:mergeNonMinifiedReleaseResources

> Task :app:buildCMakeRelWithDebInfo[armeabi-v7a]
C/C++:     Blocking waiting for file lock on package cache
C/C++:     Blocking waiting for file lock on package cache
C/C++:     Blocking waiting for file lock on package cache
C/C++:     Blocking waiting for file lock on package cache
C/C++:     Blocking waiting for file lock on package cache
C/C++:     Blocking waiting for file lock on package cache
C/C++:     Finished `release` profile [optimized] target(s) in 0.53s

> Task :app:processNonMinifiedReleaseResources

> Task :app:buildCMakeRelWithDebInfo[x86_64]
C/C++:     Blocking waiting for file lock on package cache
C/C++:     Blocking waiting for file lock on package cache
C/C++:     Blocking waiting for file lock on package cache
C/C++:     Blocking waiting for file lock on package cache
C/C++:     Blocking waiting for file lock on package cache
C/C++:     Finished `release` profile [optimized] target(s) in 0.32s

> Task :app:optimizeNonMinifiedReleaseResources

> Task :app:buildCMakeRelWithDebInfo[armeabi-v7a]
C/C++: ninja: Entering directory `/Users/zhanziyuan/Documents/GitHub/EhViewer/app/.cxx/RelWithDebInfo/56n3v2n2/armeabi-v7a'
C/C++: checking if we should use a .note.GNU-stack section... /Applications/Xcode.app/Contents/Developer/Toolchains/XcodeDefault.xctoolchain/usr/bin/objdump: error: 'conftest.o': The file was not recognized as a valid object file
C/C++: rm: conftest.exe.dSYM: is a directory
C/C++: no
C/C++: checking if .align assembly directive is logarithmic... rm: conftest,ff8.dSYM: is a directory
C/C++: rm: conftest.exe.dSYM: is a directory
C/C++: yes
C/C++: checking if Intel CET is enabled... no
C/C++: checking for m4... /usr/bin/m4
C/C++: checking for makeinfo... not-found
C/C++: checking for library containing clock_gettime... none required
C/C++: configure: creating ./config.status
C/C++: config.status: creating config.make
C/C++: config.status: creating config.m4
C/C++: config.status: creating Makefile
C/C++: config.status: creating version.h
C/C++: config.status: creating tools/Makefile
C/C++: config.status: creating testsuite/Makefile
C/C++: config.status: creating examples/Makefile
C/C++: config.status: creating nettle.pc
C/C++: config.status: creating hogweed.pc
C/C++: config.status: creating libnettle.map
C/C++: config.status: creating libhogweed.map
C/C++: config.status: creating config.h
C/C++: config.status: config.h is unchanged
C/C++: config.status: linking arm/fat/aes-encrypt-internal.asm to aes-encrypt-internal.asm
C/C++: config.status: linking arm/fat/aes-decrypt-internal.asm to aes-decrypt-internal.asm
C/C++: config.status: linking arm/memxor.asm to memxor.asm
C/C++: config.status: linking arm/memxor3.asm to memxor3.asm
C/C++: config.status: linking arm/machine.m4 to machine.m4
C/C++: config.status: linking arm/fat/aes-encrypt-internal-2.asm to aes-encrypt-internal-2.asm
C/C++: config.status: linking arm/fat/aes-decrypt-internal-2.asm to aes-decrypt-internal-2.asm
C/C++: config.status: linking arm/fat/chacha-3core.asm to chacha-3core.asm
C/C++: config.status: linking arm/fat/salsa20-2core.asm to salsa20-2core.asm
C/C++: config.status: linking arm/fat/sha1-compress-2.asm to sha1-compress-2.asm
C/C++: config.status: linking arm/fat/sha256-compress-n-2.asm to sha256-compress-n-2.asm
C/C++: config.status: linking arm/fat/sha3-permute-2.asm to sha3-permute-2.asm
C/C++: config.status: linking arm/fat/sha512-compress-2.asm to sha512-compress-2.asm
C/C++: config.status: linking arm/fat/umac-nh-n-2.asm to umac-nh-n-2.asm
C/C++: config.status: linking arm/fat/umac-nh-2.asm to umac-nh-2.asm
C/C++: configure: summary of build options:
C/C++:   Version:           nettle 4.0
C/C++:   Host type:         armv7-none-linux-androideabi26
C/C++:   ABI:               standard
C/C++:   Assembly files:    arm/fat arm
C/C++:   Install prefix:    /usr/local
C/C++:   Library directory: ${exec_prefix}/lib

> Task :app:kspNonMinifiedReleaseKotlin

> Task :app:buildCMakeRelWithDebInfo[arm64-v8a]
C/C++: ninja: Entering directory `/Users/zhanziyuan/Documents/GitHub/EhViewer/app/.cxx/RelWithDebInfo/56n3v2n2/arm64-v8a'
C/C++: checking if we should use a .note.GNU-stack section... /Applications/Xcode.app/Contents/Developer/Toolchains/XcodeDefault.xctoolchain/usr/bin/objdump: error: 'conftest.o': The file was not recognized as a valid object file
C/C++: rm: conftest.exe.dSYM: is a directory
C/C++: no
C/C++: checking if .align assembly directive is logarithmic... rm: conftest,ff8.dSYM: is a directory
C/C++: rm: conftest.exe.dSYM: is a directory
C/C++: yes
C/C++: checking if Intel CET is enabled... no
C/C++: checking for m4... /usr/bin/m4
C/C++: checking for makeinfo... not-found
C/C++: checking for library containing clock_gettime... none required
C/C++: configure: creating ./config.status
C/C++: config.status: creating config.make
C/C++: config.status: creating config.m4
C/C++: config.status: creating Makefile
C/C++: config.status: creating version.h
C/C++: config.status: creating tools/Makefile
C/C++: config.status: creating testsuite/Makefile
C/C++: config.status: creating examples/Makefile
C/C++: config.status: creating nettle.pc
C/C++: config.status: creating hogweed.pc
C/C++: config.status: creating libnettle.map
C/C++: config.status: creating libhogweed.map
C/C++: config.status: creating config.h
C/C++: config.status: config.h is unchanged
C/C++: config.status: linking arm64/chacha-core-internal.asm to chacha-core-internal.asm
C/C++: config.status: linking arm64/machine.m4 to machine.m4
C/C++: config.status: linking arm64/fat/aes128-encrypt-2.asm to aes128-encrypt-2.asm
C/C++: config.status: linking arm64/fat/aes128-decrypt-2.asm to aes128-decrypt-2.asm
C/C++: config.status: linking arm64/fat/aes192-encrypt-2.asm to aes192-encrypt-2.asm
C/C++: config.status: linking arm64/fat/aes192-decrypt-2.asm to aes192-decrypt-2.asm
C/C++: config.status: linking arm64/fat/aes256-encrypt-2.asm to aes256-encrypt-2.asm
C/C++: config.status: linking arm64/fat/aes256-decrypt-2.asm to aes256-decrypt-2.asm
C/C++: config.status: linking arm64/chacha-2core.asm to chacha-2core.asm
C/C++: config.status: linking arm64/chacha-4core.asm to chacha-4core.asm
C/C++: config.status: linking arm64/fat/ghash-set-key-2.asm to ghash-set-key-2.asm
C/C++: config.status: linking arm64/fat/ghash-update-2.asm to ghash-update-2.asm
C/C++: config.status: linking arm64/fat/sha1-compress-2.asm to sha1-compress-2.asm
C/C++: config.status: linking arm64/fat/sha256-compress-n-2.asm to sha256-compress-n-2.asm
C/C++: configure: summary of build options:
C/C++:   Version:           nettle 4.0
C/C++:   Host type:         aarch64-none-linux-android26
C/C++:   ABI:               64
C/C++:   Assembly files:    arm64/fat arm64
C/C++:   Install prefix:    /usr/local
C/C++:   Library directory: ${exec_prefix}/lib

> Task :app:buildCMakeRelWithDebInfo[x86_64]
C/C++: ninja: Entering directory `/Users/zhanziyuan/Documents/GitHub/EhViewer/app/.cxx/RelWithDebInfo/56n3v2n2/x86_64'
C/C++: checking if we should use a .note.GNU-stack section... /Applications/Xcode.app/Contents/Developer/Toolchains/XcodeDefault.xctoolchain/usr/bin/objdump: error: 'conftest.o': The file was not recognized as a valid object file
C/C++: rm: conftest.exe.dSYM: is a directory
C/C++: no
C/C++: checking if .align assembly directive is logarithmic... rm: conftest,ff8.dSYM: is a directory
C/C++: rm: conftest.exe.dSYM: is a directory
C/C++: no
C/C++: checking if Intel CET is enabled... no
C/C++: checking for m4... /usr/bin/m4
C/C++: checking for makeinfo... not-found
C/C++: checking for library containing clock_gettime... none required
C/C++: configure: creating ./config.status
C/C++: config.status: creating config.make
C/C++: config.status: creating config.m4
C/C++: config.status: creating Makefile
C/C++: config.status: creating version.h
C/C++: config.status: creating tools/Makefile
C/C++: config.status: creating testsuite/Makefile
C/C++: config.status: creating examples/Makefile
C/C++: config.status: creating nettle.pc
C/C++: config.status: creating hogweed.pc
C/C++: config.status: creating libnettle.map
C/C++: config.status: creating libhogweed.map
C/C++: config.status: creating config.h
C/C++: config.status: config.h is unchanged
C/C++: config.status: linking x86_64/aes-encrypt-internal.asm to aes-encrypt-internal.asm
C/C++: config.status: linking x86_64/aes-decrypt-internal.asm to aes-decrypt-internal.asm
C/C++: config.status: linking x86_64/camellia-crypt-internal.asm to camellia-crypt-internal.asm
C/C++: config.status: linking x86_64/fat/memxor.asm to memxor.asm
C/C++: config.status: linking x86_64/memxor3.asm to memxor3.asm
C/C++: config.status: linking x86_64/fat/ghash-update.asm to ghash-update.asm
C/C++: config.status: linking x86_64/poly1305-internal.asm to poly1305-internal.asm
C/C++: config.status: linking x86_64/chacha-core-internal.asm to chacha-core-internal.asm
C/C++: config.status: linking x86_64/salsa20-core-internal.asm to salsa20-core-internal.asm
C/C++: config.status: linking x86_64/serpent-encrypt.asm to serpent-encrypt.asm
C/C++: config.status: linking x86_64/serpent-decrypt.asm to serpent-decrypt.asm
C/C++: config.status: linking x86_64/fat/sha1-compress.asm to sha1-compress.asm
C/C++: config.status: linking x86_64/fat/sha256-compress-n.asm to sha256-compress-n.asm
C/C++: config.status: linking x86_64/sha512-compress.asm to sha512-compress.asm
C/C++: config.status: linking x86_64/sha3-permute.asm to sha3-permute.asm
C/C++: config.status: linking x86_64/umac-nh.asm to umac-nh.asm
C/C++: config.status: linking x86_64/umac-nh-n.asm to umac-nh-n.asm
C/C++: config.status: linking x86_64/machine.m4 to machine.m4
C/C++: config.status: linking x86_64/fat/cpuid.asm to cpuid.asm
C/C++: config.status: linking x86_64/fat/memxor-2.asm to memxor-2.asm
C/C++: config.status: linking x86_64/fat/aes128-encrypt-2.asm to aes128-encrypt-2.asm
C/C++: config.status: linking x86_64/fat/aes128-decrypt-2.asm to aes128-decrypt-2.asm
C/C++: config.status: linking x86_64/fat/aes192-encrypt-2.asm to aes192-encrypt-2.asm
C/C++: config.status: linking x86_64/fat/aes192-decrypt-2.asm to aes192-decrypt-2.asm
C/C++: config.status: linking x86_64/fat/aes256-encrypt-2.asm to aes256-encrypt-2.asm
C/C++: config.status: linking x86_64/fat/aes256-decrypt-2.asm to aes256-decrypt-2.asm
C/C++: config.status: linking x86_64/fat/cbc-aes128-encrypt-2.asm to cbc-aes128-encrypt-2.asm
C/C++: config.status: linking x86_64/fat/cbc-aes192-encrypt-2.asm to cbc-aes192-encrypt-2.asm
C/C++: config.status: linking x86_64/fat/cbc-aes256-encrypt-2.asm to cbc-aes256-encrypt-2.asm
C/C++: config.status: linking x86_64/poly1305-blocks.asm to poly1305-blocks.asm
C/C++: config.status: linking x86_64/fat/ghash-set-key-2.asm to ghash-set-key-2.asm
C/C++: config.status: linking x86_64/fat/ghash-update-2.asm to ghash-update-2.asm
C/C++: config.status: linking x86_64/salsa20-2core.asm to salsa20-2core.asm
C/C++: config.status: linking x86_64/fat/sha1-compress-2.asm to sha1-compress-2.asm
C/C++: config.status: linking x86_64/fat/sha256-compress-n-2.asm to sha256-compress-n-2.asm
C/C++: configure: summary of build options:
C/C++:   Version:           nettle 4.0
C/C++:   Host type:         x86_64-none-linux-android26
C/C++:   ABI:               64
C/C++:   Assembly files:    x86_64/fat x86_64
C/C++:   Install prefix:    /usr/local
C/C++:   Library directory: ${exec_prefix}/lib

> Task :app:mergeNonMinifiedReleaseNativeLibs
> Task :app:stripNonMinifiedReleaseDebugSymbols
> Task :app:mergeExtDexNonMinifiedRelease
> Task :app:compileNonMinifiedReleaseKotlin
w: file:///Users/zhanziyuan/Documents/GitHub/EhViewer/app/src/main/kotlin/com/hippo/ehviewer/spider/ComicInfo.kt:40:19 'constructor(serializersModule: SerializersModule = ..., configure: XmlConfig.CompatBuilder.() -> Unit = ...): XML' is deprecated. Update to the named factory functions.
w: file:///Users/zhanziyuan/Documents/GitHub/EhViewer/app/src/main/kotlin/com/hippo/ehviewer/ui/screen/DownloadsScreen.kt:336:17 'fun ListItem(headlineContent: ComposableFunction0<Unit>, modifier: Modifier = ..., overlineContent: ComposableFunction0<Unit>? = ..., supportingContent: ComposableFunction0<Unit>? = ..., leadingContent: ComposableFunction0<Unit>? = ..., trailingContent: ComposableFunction0<Unit>? = ..., colors: ListItemColors = ..., tonalElevation: Dp = ..., shadowElevation: Dp = ...): Unit' is deprecated. Use the overload where `headlineContent` is now a trailing `content` lambda.
w: file:///Users/zhanziyuan/Documents/GitHub/EhViewer/app/src/main/kotlin/com/hippo/ehviewer/ui/screen/DownloadsScreen.kt:349:17 'fun ListItem(headlineContent: ComposableFunction0<Unit>, modifier: Modifier = ..., overlineContent: ComposableFunction0<Unit>? = ..., supportingContent: ComposableFunction0<Unit>? = ..., leadingContent: ComposableFunction0<Unit>? = ..., trailingContent: ComposableFunction0<Unit>? = ..., colors: ListItemColors = ..., tonalElevation: Dp = ..., shadowElevation: Dp = ...): Unit' is deprecated. Use the overload where `headlineContent` is now a trailing `content` lambda.
w: file:///Users/zhanziyuan/Documents/GitHub/EhViewer/app/src/main/kotlin/com/hippo/ehviewer/ui/screen/DownloadsScreen.kt:403:25 'fun ListItem(headlineContent: ComposableFunction0<Unit>, modifier: Modifier = ..., overlineContent: ComposableFunction0<Unit>? = ..., supportingContent: ComposableFunction0<Unit>? = ..., leadingContent: ComposableFunction0<Unit>? = ..., trailingContent: ComposableFunction0<Unit>? = ..., colors: ListItemColors = ..., tonalElevation: Dp = ..., shadowElevation: Dp = ...): Unit' is deprecated. Use the overload where `headlineContent` is now a trailing `content` lambda.
w: file:///Users/zhanziyuan/Documents/GitHub/EhViewer/app/src/main/kotlin/com/hippo/ehviewer/ui/screen/GalleryListScreen.kt:367:33 'fun ListItem(headlineContent: ComposableFunction0<Unit>, modifier: Modifier = ..., overlineContent: ComposableFunction0<Unit>? = ..., supportingContent: ComposableFunction0<Unit>? = ..., leadingContent: ComposableFunction0<Unit>? = ..., trailingContent: ComposableFunction0<Unit>? = ..., colors: ListItemColors = ..., tonalElevation: Dp = ..., shadowElevation: Dp = ...): Unit' is deprecated. Use the overload where `headlineContent` is now a trailing `content` lambda.
w: file:///Users/zhanziyuan/Documents/GitHub/EhViewer/app/src/main/kotlin/com/hippo/ehviewer/ui/screen/SearchBarScreen.kt:233:9 'fun SearchBar(inputField: ComposableFunction0<Unit>, expanded: Boolean, onExpandedChange: (Boolean) -> Unit, modifier: Modifier = ..., shape: Shape = ..., colors: SearchBarColors = ..., tonalElevation: Dp = ..., shadowElevation: Dp = ..., windowInsets: WindowInsets = ..., content: ComposableFunction1<ColumnScope, Unit>): Unit' is deprecated. Use SearchBar with SearchBarState, and ExpandedFullScreenSearchBar or ExpandedDockedSearchBar to display results.
w: file:///Users/zhanziyuan/Documents/GitHub/EhViewer/app/src/main/kotlin/com/hippo/ehviewer/ui/screen/SearchBarScreen.kt:237:17 'fun InputField(state: TextFieldState, onSearch: (String) -> Unit, expanded: Boolean, onExpandedChange: (Boolean) -> Unit, modifier: Modifier = ..., enabled: Boolean = ..., readOnly: Boolean = ..., textStyle: TextStyle = ..., placeholder: ComposableFunction0<Unit>? = ..., leadingIcon: ComposableFunction0<Unit>? = ..., trailingIcon: ComposableFunction0<Unit>? = ..., prefix: ComposableFunction0<Unit>? = ..., suffix: ComposableFunction0<Unit>? = ..., inputTransformation: InputTransformation? = ..., outputTransformation: OutputTransformation? = ..., scrollState: ScrollState = ..., shape: Shape = ..., colors: TextFieldColors = ..., interactionSource: MutableInteractionSource? = ...): Unit' is deprecated. Use SearchBarDefaults.InputField with SearchBarState.

> Task :app:processNonMinifiedReleaseJavaRes
> Task :app:compileNonMinifiedReleaseJavaWithJavac
> Task :app:mergeNonMinifiedReleaseJavaResource
> Task :app:dexBuilderNonMinifiedRelease
> Task :app:mergeNonMinifiedReleaseGlobalSynthetics
> Task :app:mergeDexNonMinifiedRelease
> Task :app:l8DexDesugarLibNonMinifiedRelease
> Task :app:compileNonMinifiedReleaseArtProfile
> Task :app:packageNonMinifiedRelease
> Task :app:createNonMinifiedReleaseApkListingFileRedirect
Starting 3 tests on ehviewer-p35(AVD) - 15
ehviewer-p35(AVD) - 15 Tests 0/3 completed. (0 skipped) (0 failed)
> Task :benchmark:connectedNonMinifiedReleaseAndroidTest


com.ehviewer.baselineprofile.StartupBenchmarks > startupCompilationBaselineProfiles[ehviewer-p35(AVD) - 15] [33mSKIPPED [0m

com.ehviewer.baselineprofile.StartupBenchmarks > startupCompilationNone[ehviewer-p35(AVD) - 15] [33mSKIPPED [0m
Finished 5 tests on ehviewer-p35(AVD) - 15

> Task :benchmark:collectNonMinifiedReleaseBaselineProfile
> Task :app:mergeBaselineProfile

> Task :app:copyBaselineProfileIntoSrc

A baseline profile was generated for the variant `release`:
file:///Users/zhanziyuan/Documents/GitHub/EhViewer/app/src/main/generated/baselineProfiles/baseline-prof.txt

A startup profile was generated for the variant `release`:
file:///Users/zhanziyuan/Documents/GitHub/EhViewer/app/src/main/generated/baselineProfiles/startup-prof.txt

> Task :app:generateBaselineProfile

[Incubating] Problems report is available at: file:///Users/zhanziyuan/Documents/GitHub/EhViewer/build/reports/problems/problems-report.html

BUILD SUCCESSFUL in 9m 38s
156 actionable tasks: 52 executed, 11 from cache, 93 up-to-date
Configuration cache entry stored.
