Performing Streamed Install
Success
Performing Streamed Install
Success
INSTRUMENTATION_STATUS: class=com.hippo.ehviewer.PlatformRegressionTest
INSTRUMENTATION_STATUS: current=1
INSTRUMENTATION_STATUS: id=AndroidJUnitRunner
INSTRUMENTATION_STATUS: numtests=8
INSTRUMENTATION_STATUS: stream=
com.hippo.ehviewer.PlatformRegressionTest:
INSTRUMENTATION_STATUS: test=webViewUsesMobileUserAgentAndStoresCookies
INSTRUMENTATION_STATUS_CODE: 1
INSTRUMENTATION_STATUS: class=com.hippo.ehviewer.PlatformRegressionTest
INSTRUMENTATION_STATUS: current=1
INSTRUMENTATION_STATUS: id=AndroidJUnitRunner
INSTRUMENTATION_STATUS: numtests=8
INSTRUMENTATION_STATUS: stream=.
INSTRUMENTATION_STATUS: test=webViewUsesMobileUserAgentAndStoresCookies
INSTRUMENTATION_STATUS_CODE: 0
INSTRUMENTATION_STATUS: class=com.hippo.ehviewer.PlatformRegressionTest
INSTRUMENTATION_STATUS: current=2
INSTRUMENTATION_STATUS: id=AndroidJUnitRunner
INSTRUMENTATION_STATUS: numtests=8
INSTRUMENTATION_STATUS: stream=
INSTRUMENTATION_STATUS: test=updaterAcceptsDefaultAndStandardNamesButRejectsMarshmallow
INSTRUMENTATION_STATUS_CODE: 1
INSTRUMENTATION_STATUS: class=com.hippo.ehviewer.PlatformRegressionTest
INSTRUMENTATION_STATUS: current=2
INSTRUMENTATION_STATUS: id=AndroidJUnitRunner
INSTRUMENTATION_STATUS: numtests=8
INSTRUMENTATION_STATUS: stream=.
INSTRUMENTATION_STATUS: test=updaterAcceptsDefaultAndStandardNamesButRejectsMarshmallow
INSTRUMENTATION_STATUS_CODE: 0
INSTRUMENTATION_STATUS: class=com.hippo.ehviewer.PlatformRegressionTest
INSTRUMENTATION_STATUS: current=3
INSTRUMENTATION_STATUS: id=AndroidJUnitRunner
INSTRUMENTATION_STATUS: numtests=8
INSTRUMENTATION_STATUS: stream=
INSTRUMENTATION_STATUS: test=mainActivityLaunchesAndRecreatesAcrossRotation
INSTRUMENTATION_STATUS_CODE: 1
INSTRUMENTATION_STATUS: class=com.hippo.ehviewer.PlatformRegressionTest
INSTRUMENTATION_STATUS: current=3
INSTRUMENTATION_STATUS: id=AndroidJUnitRunner
INSTRUMENTATION_STATUS: numtests=8
INSTRUMENTATION_STATUS: stream=.
INSTRUMENTATION_STATUS: test=mainActivityLaunchesAndRecreatesAcrossRotation
INSTRUMENTATION_STATUS_CODE: 0
INSTRUMENTATION_STATUS: class=com.hippo.ehviewer.jni.NativeRegressionTest
INSTRUMENTATION_STATUS: current=4
INSTRUMENTATION_STATUS: id=AndroidJUnitRunner
INSTRUMENTATION_STATUS: numtests=8
INSTRUMENTATION_STATUS: stream=
com.hippo.ehviewer.jni.NativeRegressionTest:
INSTRUMENTATION_STATUS: test=gifMappingAndRewrite
INSTRUMENTATION_STATUS_CODE: 1
INSTRUMENTATION_STATUS: class=com.hippo.ehviewer.jni.NativeRegressionTest
INSTRUMENTATION_STATUS: current=4
INSTRUMENTATION_STATUS: id=AndroidJUnitRunner
INSTRUMENTATION_STATUS: numtests=8
INSTRUMENTATION_STATUS: stream=.
INSTRUMENTATION_STATUS: test=gifMappingAndRewrite
INSTRUMENTATION_STATUS_CODE: 0
INSTRUMENTATION_STATUS: class=com.hippo.ehviewer.jni.NativeRegressionTest
INSTRUMENTATION_STATUS: current=5
INSTRUMENTATION_STATUS: id=AndroidJUnitRunner
INSTRUMENTATION_STATUS: numtests=8
INSTRUMENTATION_STATUS: stream=
INSTRUMENTATION_STATUS: test=malformedArchiveHasNoEntries
INSTRUMENTATION_STATUS_CODE: 1
INSTRUMENTATION_STATUS: class=com.hippo.ehviewer.jni.NativeRegressionTest
INSTRUMENTATION_STATUS: current=5
INSTRUMENTATION_STATUS: id=AndroidJUnitRunner
INSTRUMENTATION_STATUS: numtests=8
INSTRUMENTATION_STATUS: stream=.
INSTRUMENTATION_STATUS: test=malformedArchiveHasNoEntries
INSTRUMENTATION_STATUS_CODE: 0
INSTRUMENTATION_STATUS: class=com.hippo.ehviewer.jni.NativeRegressionTest
INSTRUMENTATION_STATUS: current=6
INSTRUMENTATION_STATUS: id=AndroidJUnitRunner
INSTRUMENTATION_STATUS: numtests=8
INSTRUMENTATION_STATUS: stream=
INSTRUMENTATION_STATUS: test=aesAndZipCryptoPasswords
INSTRUMENTATION_STATUS_CODE: 1
INSTRUMENTATION_STATUS: class=com.hippo.ehviewer.jni.NativeRegressionTest
INSTRUMENTATION_STATUS: current=6
INSTRUMENTATION_STATUS: id=AndroidJUnitRunner
INSTRUMENTATION_STATUS: numtests=8
INSTRUMENTATION_STATUS: stream=.
INSTRUMENTATION_STATUS: test=aesAndZipCryptoPasswords
INSTRUMENTATION_STATUS_CODE: 0
INSTRUMENTATION_STATUS: class=com.hippo.ehviewer.jni.NativeRegressionTest
INSTRUMENTATION_STATUS: current=7
INSTRUMENTATION_STATUS: id=AndroidJUnitRunner
INSTRUMENTATION_STATUS: numtests=8
INSTRUMENTATION_STATUS: stream=
INSTRUMENTATION_STATUS: test=hashPreservesCallerDescriptorAndReadsFromOffset
INSTRUMENTATION_STATUS_CODE: 1
INSTRUMENTATION_STATUS: class=com.hippo.ehviewer.jni.NativeRegressionTest
INSTRUMENTATION_STATUS: current=7
INSTRUMENTATION_STATUS: id=AndroidJUnitRunner
INSTRUMENTATION_STATUS: numtests=8
INSTRUMENTATION_STATUS: stream=.
INSTRUMENTATION_STATUS: test=hashPreservesCallerDescriptorAndReadsFromOffset
INSTRUMENTATION_STATUS_CODE: 0
INSTRUMENTATION_STATUS: class=com.hippo.ehviewer.jni.NativeRegressionTest
INSTRUMENTATION_STATUS: current=8
INSTRUMENTATION_STATUS: id=AndroidJUnitRunner
INSTRUMENTATION_STATUS: numtests=8
INSTRUMENTATION_STATUS: stream=
INSTRUMENTATION_STATUS: test=zipTarAndSevenZipRandomAccessAndNaturalSort
INSTRUMENTATION_STATUS_CODE: 1
INSTRUMENTATION_STATUS: class=com.hippo.ehviewer.jni.NativeRegressionTest
INSTRUMENTATION_STATUS: current=8
INSTRUMENTATION_STATUS: id=AndroidJUnitRunner
INSTRUMENTATION_STATUS: numtests=8
INSTRUMENTATION_STATUS: stream=.
INSTRUMENTATION_STATUS: test=zipTarAndSevenZipRandomAccessAndNaturalSort
INSTRUMENTATION_STATUS_CODE: 0
INSTRUMENTATION_RESULT: stream=

Time: 4.09

OK (8 tests)


INSTRUMENTATION_CODE: -1
