To honour the JVM settings for this build a single-use Daemon process will be forked. For more on this, please refer to https://docs.gradle.org/9.7.1/userguide/gradle_daemon.html#sec:disabling_the_daemon in the Gradle documentation.
Daemon will be stopped at the end of the build 
Calculating task graph as no cached configuration is available for tasks: spotlessApply :build-logic:convention:check spotlessCheck :app:lintRelease :app:assembleDebug :app:assembleDebugAndroidTest :app:assembleRelease :benchmark:assembleNonMinifiedRelease
Type-safe project accessors is an incubating feature.
> Task :build-logic:convention:checkKotlinGradlePluginConfigurationErrors SKIPPED
> Task :build-logic:convention:compileKotlin UP-TO-DATE
> Task :build-logic:convention:compileJava NO-SOURCE
> Task :build-logic:convention:pluginDescriptors UP-TO-DATE
> Task :build-logic:convention:processResources UP-TO-DATE
> Task :build-logic:convention:classes UP-TO-DATE
> Task :build-logic:convention:jar UP-TO-DATE
> Task :build-logic:convention:processTestResources NO-SOURCE
> Task :build-logic:convention:compileTestKotlin NO-SOURCE
> Task :build-logic:convention:pluginUnderTestMetadata UP-TO-DATE
> Task :build-logic:convention:validatePlugins UP-TO-DATE
> Task :build-logic:convention:spotlessKotlinGradle UP-TO-DATE
> Task :core:common:spotlessKotlinGradle UP-TO-DATE
> Task :core:common:spotlessKotlin UP-TO-DATE
> Task :core:data:spotlessKotlinGradle UP-TO-DATE
> Task :core:data:spotlessKotlin UP-TO-DATE
> Task :core:i18n:spotlessKotlinGradle UP-TO-DATE
> Task :core:i18n:spotlessKotlin UP-TO-DATE
> Task :core:ui:spotlessKotlin UP-TO-DATE
> Task :app:spotlessKotlinGradle UP-TO-DATE
> Task :core:i18n:spotlessKotlinGradleApply UP-TO-DATE
> Task :app:spotlessKotlinGradleApply UP-TO-DATE
> Task :core:data:spotlessKotlinApply UP-TO-DATE
> Task :core:common:spotlessKotlinApply UP-TO-DATE
> Task :core:i18n:spotlessKotlinApply UP-TO-DATE
> Task :core:ui:spotlessKotlinApply UP-TO-DATE
> Task :core:common:spotlessKotlinGradleApply UP-TO-DATE
> Task :core:data:spotlessKotlinGradleApply UP-TO-DATE
> Task :core:common:spotlessApply UP-TO-DATE
> Task :core:common:spotlessKotlinGradleCheck UP-TO-DATE
> Task :core:data:spotlessKotlinCheck UP-TO-DATE
> Task :core:common:spotlessKotlinCheck UP-TO-DATE
> Task :core:i18n:spotlessKotlinGradleCheck UP-TO-DATE
> Task :core:common:spotlessCheck UP-TO-DATE
> Task :core:data:spotlessApply UP-TO-DATE
> Task :core:i18n:spotlessKotlinCheck UP-TO-DATE
> Task :core:i18n:spotlessApply UP-TO-DATE
> Task :core:data:spotlessKotlinGradleCheck UP-TO-DATE
> Task :app:preBuild UP-TO-DATE
> Task :app:spotlessKotlinGradleCheck UP-TO-DATE
> Task :app:preReleaseBuild UP-TO-DATE
> Task :core:data:androidPreBuild UP-TO-DATE
> Task :core:data:preAndroidMainBuild UP-TO-DATE
> Task :core:i18n:androidPreBuild UP-TO-DATE
> Task :core:i18n:preAndroidMainBuild UP-TO-DATE
> Task :core:ui:spotlessKotlinCheck UP-TO-DATE
> Task :core:ui:spotlessKotlinGradle UP-TO-DATE
> Task :core:data:spotlessCheck UP-TO-DATE
> Task :core:i18n:spotlessCheck UP-TO-DATE
> Task :core:common:androidPreBuild UP-TO-DATE
> Task :core:ui:androidPreBuild UP-TO-DATE
> Task :core:ui:preAndroidMainBuild UP-TO-DATE
> Task :core:common:preAndroidMainBuild UP-TO-DATE
> Task :core:ui:spotlessKotlinGradleApply UP-TO-DATE
> Task :core:ui:spotlessApply UP-TO-DATE
> Task :core:ui:spotlessKotlinGradleCheck UP-TO-DATE
> Task :core:ui:spotlessCheck UP-TO-DATE
> Task :app:generateReleaseBuildConfig UP-TO-DATE
> Task :core:common:kmpPartiallyResolvedDependenciesChecker
> Task :core:common:checkKotlinGradlePluginConfigurationErrors SKIPPED
> Task :core:data:kmpPartiallyResolvedDependenciesChecker
> Task :core:data:checkKotlinGradlePluginConfigurationErrors SKIPPED
> Task :core:i18n:kmpPartiallyResolvedDependenciesChecker
> Task :core:i18n:checkKotlinGradlePluginConfigurationErrors SKIPPED
> Task :core:i18n:generateAndroidMainEmptyResourceFiles UP-TO-DATE
> Task :core:common:generateAndroidMainEmptyResourceFiles UP-TO-DATE
> Task :core:ui:kmpPartiallyResolvedDependenciesChecker
> Task :core:ui:checkKotlinGradlePluginConfigurationErrors SKIPPED
> Task :core:ui:generateAndroidMainEmptyResourceFiles UP-TO-DATE
> Task :core:data:generateAndroidMainEmptyResourceFiles UP-TO-DATE
> Task :app:prepareLibraryDefinitionsRelease UP-TO-DATE
> Task :core:i18n:generateMRcommonTest UP-TO-DATE
> Task :core:ui:convertXmlValueResourcesForAndroidMain NO-SOURCE
> Task :core:ui:copyNonXmlValueResourcesForAndroidMain NO-SOURCE
> Task :core:ui:prepareComposeResourcesTaskForAndroidMain NO-SOURCE
> Task :core:ui:generateResourceAccessorsForAndroidMain SKIPPED
> Task :core:i18n:generateMRjvmTest UP-TO-DATE
> Task :core:ui:convertXmlValueResourcesForCommonMain NO-SOURCE
> Task :core:ui:copyNonXmlValueResourcesForCommonMain NO-SOURCE
> Task :core:i18n:generateMRcommonMain UP-TO-DATE
> Task :core:ui:prepareComposeResourcesTaskForCommonMain NO-SOURCE
> Task :core:ui:generateResourceAccessorsForCommonMain SKIPPED
> Task :core:ui:convertXmlValueResourcesForJvmMain NO-SOURCE
> Task :core:i18n:generateMRandroidHostTest UP-TO-DATE
> Task :core:ui:generateComposeResClass SKIPPED
> Task :core:i18n:generateMRjvmMain UP-TO-DATE
> Task :core:ui:generateExpectResourceCollectorsForCommonMain SKIPPED
> Task :core:ui:copyNonXmlValueResourcesForJvmMain NO-SOURCE
> Task :core:ui:prepareComposeResourcesTaskForJvmMain NO-SOURCE
> Task :core:ui:generateResourceAccessorsForJvmMain SKIPPED
> Task :core:ui:generateActualResourceCollectorsForAndroidMain SKIPPED
> Task :app:javaPreCompileRelease UP-TO-DATE
> Task :app:extractProguardFiles UP-TO-DATE
> Task :app:extractDeepLinksRelease UP-TO-DATE
> Task :core:common:processAndroidMainManifest UP-TO-DATE
> Task :core:data:processAndroidMainManifest UP-TO-DATE
> Task :core:i18n:generateMRandroidMain UP-TO-DATE
> Task :core:ui:processAndroidMainManifest UP-TO-DATE
> Task :core:i18n:processAndroidMainManifest UP-TO-DATE
> Task :core:common:extractProguardFiles UP-TO-DATE
> Task :core:common:prepareLintJarForPublish UP-TO-DATE
> Task :core:data:extractProguardFiles UP-TO-DATE
> Task :core:data:prepareLintJarForPublish UP-TO-DATE
> Task :core:i18n:packageAndroidMainResources UP-TO-DATE
> Task :core:i18n:extractProguardFiles UP-TO-DATE
> Task :core:i18n:prepareLintJarForPublish UP-TO-DATE
> Task :core:i18n:parseAndroidMainLocalResources UP-TO-DATE
> Task :core:ui:extractProguardFiles UP-TO-DATE
> Task :core:ui:prepareLintJarForPublish UP-TO-DATE
> Task :core:i18n:generateAndroidMainRFile UP-TO-DATE
> Task :app:mapReleaseSourceSetPaths
> Task :core:common:writeAndroidMainAarMetadata UP-TO-DATE
> Task :core:data:writeAndroidMainAarMetadata UP-TO-DATE
> Task :app:generateReleaseResources
> Task :app:extractReleaseSupportedLocales
> Task :core:i18n:compileAndroidMain UP-TO-DATE
> Task :core:i18n:bundleAndroidMainClassesToCompileJar UP-TO-DATE
> Task :core:i18n:bundleAndroidMainClassesToRuntimeJar UP-TO-DATE
> Task :core:i18n:processAndroidMainJavaRes UP-TO-DATE
> Task :core:i18n:extractAndroidMainAnnotations UP-TO-DATE
> Task :app:generateReleaseLocaleConfig UP-TO-DATE
> Task :core:i18n:createFullJarAndroidMain UP-TO-DATE
> Task :core:i18n:mergeAndroidMainJavaResource UP-TO-DATE
> Task :core:i18n:syncAndroidMainLibJars UP-TO-DATE
> Task :core:i18n:writeAndroidMainAarMetadata UP-TO-DATE
> Task :core:common:compileAndroidMain UP-TO-DATE
> Task :core:common:bundleAndroidMainClassesToCompileJar UP-TO-DATE
> Task :core:i18n:checkAndroidMainAarMetadata UP-TO-DATE
> Task :core:i18n:generateAndroidMainLintModel UP-TO-DATE
> Task :core:common:bundleAndroidMainClassesToRuntimeJar UP-TO-DATE
> Task :core:common:processAndroidMainJavaRes UP-TO-DATE
> Task :core:common:createFullJarAndroidMain UP-TO-DATE
> Task :core:data:checkAndroidMainAarMetadata UP-TO-DATE
> Task :core:data:extractAndroidMainAnnotations UP-TO-DATE
> Task :core:i18n:bundleAndroidMainLocalLintAar UP-TO-DATE
> Task :core:common:generateAndroidMainLintModel UP-TO-DATE
> Task :core:ui:writeAndroidMainAarMetadata UP-TO-DATE
> Task :core:common:checkAndroidMainAarMetadata UP-TO-DATE
> Task :core:common:extractAndroidMainAnnotations UP-TO-DATE
> Task :core:ui:extractAndroidMainAnnotations UP-TO-DATE
> Task :core:common:mergeAndroidMainJavaResource UP-TO-DATE
> Task :core:common:syncAndroidMainLibJars UP-TO-DATE
> Task :core:data:kspAndroidMain UP-TO-DATE
> Task :core:data:copyRoomSchemas NO-SOURCE
> Task :core:common:bundleAndroidMainLocalLintAar UP-TO-DATE
> Task :core:common:writeAndroidMainLintModelMetadata UP-TO-DATE
> Task :core:data:writeAndroidMainLintModelMetadata UP-TO-DATE
> Task :core:common:lintAnalyzeAndroidMain UP-TO-DATE
> Task :core:i18n:lintAnalyzeAndroidMain UP-TO-DATE
> Task :core:i18n:writeAndroidMainLintModelMetadata UP-TO-DATE
> Task :core:ui:writeAndroidMainLintModelMetadata UP-TO-DATE
> Task :core:common:preAndroidHostTestBuild UP-TO-DATE
> Task :core:common:lintAnalyzeAndroidHostTest UP-TO-DATE
> Task :core:common:generateAndroidHostTestLintModel UP-TO-DATE
> Task :core:data:preAndroidHostTestBuild UP-TO-DATE
> Task :core:i18n:preAndroidHostTestBuild UP-TO-DATE
> Task :core:i18n:generateAndroidHostTestLintModel UP-TO-DATE
> Task :core:ui:preAndroidHostTestBuild UP-TO-DATE
> Task :app:preDebugBuild UP-TO-DATE
> Task :core:i18n:lintAnalyzeAndroidHostTest UP-TO-DATE
> Task :core:ui:compileAndroidMain UP-TO-DATE
> Task :core:ui:bundleAndroidMainClassesToCompileJar UP-TO-DATE
> Task :core:ui:bundleAndroidMainClassesToRuntimeJar UP-TO-DATE
> Task :core:data:compileAndroidMain UP-TO-DATE
> Task :core:ui:processAndroidMainJavaRes UP-TO-DATE
> Task :core:data:bundleAndroidMainClassesToRuntimeJar UP-TO-DATE
> Task :core:data:bundleAndroidMainClassesToCompileJar UP-TO-DATE
> Task :core:data:processAndroidMainJavaRes UP-TO-DATE
> Task :core:data:createFullJarAndroidMain UP-TO-DATE
> Task :core:ui:checkAndroidMainAarMetadata UP-TO-DATE
> Task :core:ui:createFullJarAndroidMain UP-TO-DATE
> Task :app:packageReleaseResources
> Task :core:data:mergeAndroidMainJavaResource UP-TO-DATE
> Task :core:data:syncAndroidMainLibJars UP-TO-DATE
> Task :core:data:bundleAndroidMainLocalLintAar UP-TO-DATE
> Task :core:ui:mergeAndroidMainJavaResource UP-TO-DATE
> Task :core:data:generateAndroidMainLintModel UP-TO-DATE
> Task :core:ui:syncAndroidMainLibJars UP-TO-DATE
> Task :core:ui:bundleAndroidMainLocalLintAar UP-TO-DATE
> Task :core:data:lintAnalyzeAndroidMain UP-TO-DATE
> Task :core:data:generateAndroidHostTestLintModel UP-TO-DATE
> Task :core:data:lintAnalyzeAndroidHostTest UP-TO-DATE
> Task :app:processReleaseNavigationResources
> Task :core:ui:lintAnalyzeAndroidHostTest UP-TO-DATE
> Task :core:ui:generateAndroidHostTestLintModel UP-TO-DATE
> Task :core:ui:lintAnalyzeAndroidMain UP-TO-DATE
> Task :core:ui:generateAndroidMainLintModel UP-TO-DATE
> Task :app:mergeDebugJniLibFolders UP-TO-DATE
> Task :core:i18n:mergeAndroidMainJniLibFolders UP-TO-DATE
> Task :core:data:mergeAndroidMainJniLibFolders UP-TO-DATE
> Task :core:common:mergeAndroidMainJniLibFolders UP-TO-DATE
> Task :core:data:mergeAndroidMainNativeLibs NO-SOURCE
> Task :core:i18n:mergeAndroidMainNativeLibs NO-SOURCE
> Task :core:data:copyAndroidMainJniLibsProjectOnly UP-TO-DATE
> Task :core:i18n:copyAndroidMainJniLibsProjectOnly UP-TO-DATE
> Task :core:common:mergeAndroidMainNativeLibs NO-SOURCE
> Task :core:ui:mergeAndroidMainJniLibFolders UP-TO-DATE
> Task :core:common:copyAndroidMainJniLibsProjectOnly UP-TO-DATE
> Task :core:ui:mergeAndroidMainNativeLibs NO-SOURCE
> Task :app:generateDebugBuildConfig UP-TO-DATE
> Task :core:ui:copyAndroidMainJniLibsProjectOnly UP-TO-DATE
> Task :app:generateDebugResources
> Task :app:prepareLibraryDefinitionsDebug UP-TO-DATE
> Task :app:extractDebugSupportedLocales
> Task :app:mapDebugSourceSetPaths
> Task :app:generateDebugLocaleConfig UP-TO-DATE
> Task :app:processReleaseMainManifest UP-TO-DATE
> Task :app:javaPreCompileDebug UP-TO-DATE
> Task :app:generateDebugAssets UP-TO-DATE
> Task :core:i18n:generateAndroidMainAssets UP-TO-DATE
> Task :core:i18n:mergeAndroidMainAssets UP-TO-DATE
> Task :app:processDebugNavigationResources
> Task :app:generateDebugGlobalSynthetics UP-TO-DATE
> Task :app:l8DexDesugarLibDebug UP-TO-DATE
> Task :app:packageDebugResources
> Task :app:mergeDebugAssets UP-TO-DATE
> Task :app:compressDebugAssets UP-TO-DATE
> Task :app:desugarDebugFileDependencies UP-TO-DATE
> Task :core:data:bundleLibRuntimeToDirAndroidMain UP-TO-DATE
> Task :app:parseDebugLocalResources
> Task :app:parseReleaseLocalResources
> Task :core:i18n:bundleLibRuntimeToDirAndroidMain UP-TO-DATE
> Task :core:ui:bundleLibRuntimeToDirAndroidMain UP-TO-DATE
> Task :core:common:bundleLibRuntimeToDirAndroidMain UP-TO-DATE
> Task :app:generateDebugRFile
> Task :app:compileDebugNavigationResources UP-TO-DATE
> Task :app:checkDebugDuplicateClasses UP-TO-DATE
> Task :app:generateReleaseRFile
> Task :app:mergeLibDexDebug UP-TO-DATE
> Task :app:createDebugCompatibleScreenManifests UP-TO-DATE
> Task :app:extractDeepLinksDebug UP-TO-DATE
> Task :app:processDebugMainManifest UP-TO-DATE
> Task :app:processDebugManifest UP-TO-DATE
> Task :app:processDebugManifestForPackage UP-TO-DATE
> Task :core:i18n:mapAndroidMainSourceSetPaths UP-TO-DATE
> Task :core:i18n:compileAndroidMainLibraryResources UP-TO-DATE
> Task :app:validateSigningDebug UP-TO-DATE
> Task :app:writeDebugAppMetadata UP-TO-DATE
> Task :app:writeDebugSigningConfigVersions UP-TO-DATE
> Task :app:preDebugAndroidTestBuild SKIPPED
> Task :app:checkDebugAarMetadata UP-TO-DATE
> Task :app:generateDebugAndroidTestResources UP-TO-DATE
> Task :app:mergeDebugAndroidTestManifest UP-TO-DATE
> Task :app:processDebugAndroidTestManifest UP-TO-DATE
> Task :app:packageDebugAndroidTestResources UP-TO-DATE
> Task :app:processDebugAndroidTestNavigationResources UP-TO-DATE
> Task :app:generateDebugAndroidTestBuildConfig UP-TO-DATE
> Task :app:javaPreCompileDebugAndroidTest UP-TO-DATE
> Task :app:parseDebugAndroidTestLocalResources UP-TO-DATE
> Task :app:generateDebugAndroidTestAssets UP-TO-DATE
> Task :app:generateDebugAndroidTestRFile UP-TO-DATE
> Task :app:generateDebugAndroidTestGlobalSynthetics UP-TO-DATE
> Task :app:mergeDebugAndroidTestAssets UP-TO-DATE
> Task :app:compressDebugAndroidTestAssets UP-TO-DATE
> Task :app:desugarDebugAndroidTestFileDependencies UP-TO-DATE
> Task :app:checkDebugAndroidTestAarMetadata UP-TO-DATE
> Task :app:checkDebugAndroidTestDuplicateClasses UP-TO-DATE
> Task :app:mapDebugAndroidTestSourceSetPaths UP-TO-DATE
> Task :app:mergeLibDexDebugAndroidTest UP-TO-DATE
> Task :app:compileDebugAndroidTestNavigationResources UP-TO-DATE
> Task :app:mergeDebugAndroidTestResources UP-TO-DATE
> Task :app:processDebugAndroidTestResources UP-TO-DATE
> Task :app:mergeDebugAndroidTestJniLibFolders UP-TO-DATE
> Task :app:validateSigningDebugAndroidTest UP-TO-DATE
> Task :app:writeDebugAndroidTestSigningConfigVersions UP-TO-DATE
> Task :app:preNonMinifiedReleaseBuild UP-TO-DATE
> Task :app:mergeExtDexDebug UP-TO-DATE
> Task :app:mergeExtDexDebugAndroidTest UP-TO-DATE
> Task :build-logic:convention:spotlessKotlin
> Task :build-logic:convention:spotlessKotlinCheck
> Task :build-logic:convention:spotlessKotlinGradleCheck UP-TO-DATE
> Task :build-logic:convention:spotlessCheck
> Task :build-logic:convention:compileTestJava NO-SOURCE
> Task :build-logic:convention:testClasses UP-TO-DATE
> Task :build-logic:convention:test NO-SOURCE
> Task :build-logic:convention:check
> Task :app:spotlessKotlin
> Task :app:spotlessKotlinApply
> Task :app:spotlessApply
> Task :app:spotlessKotlinCheck UP-TO-DATE
> Task :app:spotlessCheck UP-TO-DATE
> Task :app:mergeReleaseJniLibFolders UP-TO-DATE
> Task :core:common:prepareAndroidMainArtProfile UP-TO-DATE
> Task :core:data:prepareAndroidMainArtProfile UP-TO-DATE
> Task :core:i18n:prepareAndroidMainArtProfile UP-TO-DATE
> Task :core:ui:prepareAndroidMainArtProfile UP-TO-DATE
> Task :app:mergeDebugResources
> Task :app:mergeReleaseArtProfile UP-TO-DATE
> Task :app:expandReleaseL8ArtProfileWildcards UP-TO-DATE
> Task :core:data:mergeAndroidMainGeneratedProguardFiles UP-TO-DATE
> Task :core:data:exportAndroidMainConsumerProguardFiles UP-TO-DATE
> Task :core:i18n:mergeAndroidMainGeneratedProguardFiles UP-TO-DATE
> Task :core:i18n:exportAndroidMainConsumerProguardFiles UP-TO-DATE
> Task :core:ui:mergeAndroidMainGeneratedProguardFiles UP-TO-DATE
> Task :core:ui:exportAndroidMainConsumerProguardFiles UP-TO-DATE
> Task :core:common:mergeAndroidMainGeneratedProguardFiles UP-TO-DATE
> Task :core:common:exportAndroidMainConsumerProguardFiles UP-TO-DATE
> Task :app:checkReleaseDuplicateClasses UP-TO-DATE
> Task :app:checkReleaseAarMetadata UP-TO-DATE
> Task :app:compileReleaseNavigationResources UP-TO-DATE
> Task :app:processDebugResources FAILED
> Task :app:mergeReleaseResources
> Task :app:configureCMakeDebug[x86_64]
> Task :app:configureCMakeDebug[armeabi-v7a]
> Task :app:configureCMakeDebug[arm64-v8a]
> Task :app:configureCMakeRelWithDebInfo[x86_64]
> Task :app:configureCMakeRelWithDebInfo[armeabi-v7a]
> Task :app:configureCMakeRelWithDebInfo[arm64-v8a]
> Task :app:kspDebugKotlin
> Task :app:kspReleaseKotlin

FAILURE: Build failed with an exception.

* What went wrong:
Execution failed for task ':app:processDebugResources' (registered by plugin 'com.android.internal.application').
> A failure occurred while executing com.android.build.gradle.internal.res.LinkApplicationAndroidResourcesTask$TaskAction
   > Android resource linking failed
     ERROR: /Users/zhanziyuan/Documents/GitHub/EhViewer/app/src/main/AndroidManifest.xml:58:13-60:53: AAPT: error: resource xml/shortcuts (aka moe.tarsin.ehviewer.debug:xml/shortcuts) not found.
         

* Try:
> Run with --stacktrace option to get the stack trace.
> Run with --info or --debug option to get more log output.
> Run with --scan to get full insights from a Build Scan (powered by Develocity).
> Get more help at https://help.gradle.org.

BUILD FAILED in 18s
246 actionable tasks: 33 executed, 213 up-to-date
Configuration cache entry stored.
