COMMAND clang -g -O0 -I/Users/zhanziyuan/Documents/GitHub/EhViewer/app/src/main/cpp -I/private/tmp/ehviewer-p1-p4/native/include -I/Applications/Android Studio.app/Contents/jbr/Contents/Home/include -I/Applications/Android Studio.app/Contents/jbr/Contents/Home/include/darwin -I/opt/homebrew/opt/libarchive/include -I/opt/homebrew/opt/nettle/include -Dstat64=stat -Dfstat64=fstat -Dmmap64=mmap -include unistd.h -dynamiclib /Users/zhanziyuan/Documents/GitHub/EhViewer/app/src/main/cpp/archive.c /Users/zhanziyuan/Documents/GitHub/EhViewer/app/src/main/cpp/hash.c /private/tmp/ehviewer-p1-p4/native/helper.c /Users/zhanziyuan/Documents/GitHub/EhViewer/app/src/main/cpp/natsort/strnatcmp.c -L/opt/homebrew/opt/libarchive/lib -L/opt/homebrew/opt/nettle/lib -larchive -lnettle -o /private/tmp/ehviewer-p1-p4/native/libp0.dylib EXIT 0

PASS natural sort: 22 inputs, 484 pairs, antisymmetry and transitivity
PASS GIF: 5 safe byte vectors
COMMAND clang -g -O0 -I/Users/zhanziyuan/Documents/GitHub/EhViewer/app/src/main/cpp -I/private/tmp/ehviewer-p1-p4/native/include -I/Applications/Android Studio.app/Contents/jbr/Contents/Home/include -I/Applications/Android Studio.app/Contents/jbr/Contents/Home/include/darwin -I/opt/homebrew/opt/libarchive/include -I/opt/homebrew/opt/nettle/include -Dstat64=stat -Dfstat64=fstat -Dmmap64=mmap -include unistd.h -fsanitize=address,undefined /private/tmp/ehviewer-p1-p4/native/gif_short.c -o /private/tmp/ehviewer-p1-p4/native/gif_short EXIT 0

COMMAND /private/tmp/ehviewer-p1-p4/native/gif_short EXIT -6
=================================================================
==77321==ERROR: AddressSanitizer: heap-buffer-overflow on address 0x602000000af7 at pc 0x000102a70f5c bp 0x00016d38db30 sp 0x00016d38db28
READ of size 1 at 0x602000000af7 thread T0
==77321==WARNING: external symbolizer didn't start up correctly!
==77321==WARNING: Can't read from symbolizer at fd 3
==77321==WARNING: atos failed to symbolize address "0x102a70f58"
==77321==WARNING: Can't read from symbolizer at fd 3
==77321==WARNING: atos failed to symbolize address "0x102a722ac"
==77321==WARNING: Can't read from symbolizer at fd 3
==77321==WARNING: atos failed to symbolize address "0x1973abe7c"
    #0 0x000102a70f58 in doRewrite+0x1e8 (/private/tmp/ehviewer-p1-p4/native/gif_short:arm64+0x100000f58)
    #1 0x000102a722ac in main+0x44 (/private/tmp/ehviewer-p1-p4/native/gif_short:arm64+0x1000022ac)
    #2 0x0001973abe7c in start+0x1a1c (/usr/lib/dyld:arm64e+0x31e7c)

0x602000000af7 is located 0 bytes after 7-byte region [0x602000000af0,0x602000000af7)
allocated by thread T0 here:
==77321==WARNING: Can't read from symbolizer at fd 3
==77321==WARNING: atos failed to symbolize address "0x103461274"
==77321==WARNING: Can't read from symbolizer at fd 3
==77321==WARNING: atos failed to symbolize address "0x102a72288"
==77321==WARNING: Can't read from symbolizer at fd 3
==77321==WARNING: atos failed to symbolize address "0x1973abe7c"
    #0 0x000103461274 in malloc+0x78 (/Applications/Xcode.app/Contents/Developer/Toolchains/XcodeDefault.xctoolchain/usr/lib/clang/21/lib/darwin/libclang_rt.asan_osx_dynamic.dylib:arm64e+0x41274)
    #1 0x000102a72288 in main+0x20 (/private/tmp/ehviewer-p1-p4/native/gif_short:arm64+0x100002288)
    #2 0x0001973abe7c in start+0x1a1c (/usr/lib/dyld:arm64e+0x31e7c)

==77321==WARNING: Can't read from symbolizer at fd 3
==77321==WARNING: atos failed to symbolize address "0x102a70f58"
SUMMARY: AddressSanitizer: heap-buffer-overflow (/private/tmp/ehviewer-p1-p4/native/gif_short:arm64+0x100000f58) in doRewrite+0x1e8
Shadow bytes around the buggy address:
  0x602000000800: fa fa 00 00 fa fa 00 00 fa fa 00 00 fa fa 00 00
  0x602000000880: fa fa 00 00 fa fa 00 00 fa fa 00 00 fa fa 00 00
  0x602000000900: fa fa fd fa fa fa fd fa fa fa fd fa fa fa fd fd
  0x602000000980: fa fa fd fa fa fa fd fa fa fa fd fa fa fa fd fa
  0x602000000a00: fa fa fd fd fa fa fd fa fa fa fd fa fa fa fd fa
=>0x602000000a80: fa fa fd fa fa fa 00 00 fa fa 00 04 fa fa[07]fa
  0x602000000b00: fa fa fa fa fa fa fa fa fa fa fa fa fa fa fa fa
  0x602000000b80: fa fa fa fa fa fa fa fa fa fa fa fa fa fa fa fa
  0x602000000c00: fa fa fa fa fa fa fa fa fa fa fa fa fa fa fa fa
  0x602000000c80: fa fa fa fa fa fa fa fa fa fa fa fa fa fa fa fa
  0x602000000d00: fa fa fa fa fa fa fa fa fa fa fa fa fa fa fa fa
Shadow byte legend (one shadow byte represents 8 application bytes):
  Addressable:           00
  Partially addressable: 01 02 03 04 05 06 07 
  Heap left redzone:       fa
  Freed heap region:       fd
  Stack left redzone:      f1
  Stack mid redzone:       f2
  Stack right redzone:     f3
  Stack after return:      f5
  Stack use after scope:   f8
  Global redzone:          f9
  Global init order:       f6
  Poisoned by user:        f7
  Container overflow:      fc
  Array cookie:            ac
  Intra object redzone:    bb
  ASan internal:           fe
  Left alloca redzone:     ca
  Right alloca redzone:    cb
==77321==ABORTING

CONFIRMED existing defect: seven-byte GIF heap-buffer-overflow (ASan)
COMMAND /Applications/Android Studio.app/Contents/jbr/Contents/Home/bin/javac -d /private/tmp/ehviewer-p1-p4/native/classes /private/tmp/ehviewer-p1-p4/native/java/com/hippo/ehviewer/jni/ArchiveKt.java /private/tmp/ehviewer-p1-p4/native/java/com/hippo/ehviewer/jni/Baseline.java /private/tmp/ehviewer-p1-p4/native/java/com/hippo/ehviewer/jni/GifUtilsKt.java /private/tmp/ehviewer-p1-p4/native/java/com/hippo/ehviewer/jni/HashKt.java EXIT 0

COMMAND /Applications/Android Studio.app/Contents/jbr/Contents/Home/bin/java -Xcheck:jni --add-opens=java.base/java.io=ALL-UNNAMED -cp /private/tmp/ehviewer-p1-p4/native/classes com.hippo.ehviewer.jni.Baseline /private/tmp/ehviewer-p1-p4/native/libp0.dylib /private/tmp/ehviewer-p1-p4/native/fixtures EXIT 0
WARNING: A restricted method in java.lang.System has been called
WARNING: java.lang.System::load has been called by com.hippo.ehviewer.jni.Baseline in an unnamed module (file:/private/tmp/ehviewer-p1-p4/native/classes/)
WARNING: Use --enable-native-access=ALL-UNNAMED to avoid a warning for callers in this module
WARNING: Restricted methods will be blocked in a future release unless native access is enabled

PASS host JNI: 210 checks

COMMAND /Applications/Android Studio.app/Contents/jbr/Contents/Home/bin/java -Xcheck:jni --add-opens=java.base/java.io=ALL-UNNAMED -cp /private/tmp/ehviewer-p1-p4/native/classes com.hippo.ehviewer.jni.Baseline /private/tmp/ehviewer-p1-p4/native/libp0.dylib /private/tmp/ehviewer-p1-p4/native/fixtures unicode EXIT 1
WARNING: A restricted method in java.lang.System has been called
WARNING: java.lang.System::load has been called by com.hippo.ehviewer.jni.Baseline in an unnamed module (file:/private/tmp/ehviewer-p1-p4/native/classes/)
WARNING: Use --enable-native-access=ALL-UNNAMED to avoid a warning for callers in this module
WARNING: Restricted methods will be blocked in a future release unless native access is enabled

Exception in thread "main" java.lang.StringIndexOutOfBoundsException
	at com.hippo.ehviewer.jni.ArchiveKt.providePassword(Native Method)
	at com.hippo.ehviewer.jni.Baseline.main(Baseline.java:32)

CONFIRMED existing defect: UTF-8 byte count used as UTF-16 region length
Host libraries differ from Android CMake pins; Android ABI/16KB/RAR5/concurrency remain unverified.
