To honour the JVM settings for this build a single-use Daemon process will be forked. For more on this, please refer to https://docs.gradle.org/9.7.1/userguide/gradle_daemon.html#sec:disabling_the_daemon in the Gradle documentation.
Daemon will be stopped at the end of the build 
Calculating task graph as configuration cache cannot be reused because file 'gradle/libs.versions.toml' has changed.
Type-safe project accessors is an incubating feature.
> Task :build-logic:convention:checkKotlinGradlePluginConfigurationErrors SKIPPED
> Task :build-logic:convention:pluginDescriptors UP-TO-DATE
> Task :build-logic:convention:processResources UP-TO-DATE
> Task :build-logic:convention:compileKotlin
> Task :build-logic:convention:compileJava NO-SOURCE
> Task :build-logic:convention:classes UP-TO-DATE
> Task :build-logic:convention:jar

FAILURE: Build failed with an exception.

* Where:
Build file '/Users/zhanziyuan/Documents/GitHub/EhViewer/app/build.gradle.kts' line: 8

* What went wrong:
An exception occurred applying plugin request [id: 'ehviewer.android.application']
> Failed to apply plugin 'ehviewer.android.application'.
   > sourceCompatibility is not yet finalized

* Try:
> Run with --stacktrace option to get the stack trace.
> Run with --info or --debug option to get more log output.
> Run with --scan to get full insights from a Build Scan (powered by Develocity).
> Get more help at https://help.gradle.org.

BUILD FAILED in 13s
4 actionable tasks: 2 executed, 2 up-to-date
Configuration cache entry stored.
