To honour the JVM settings for this build a single-use Daemon process will be forked. For more on this, please refer to https://docs.gradle.org/9.7.1/userguide/gradle_daemon.html#sec:disabling_the_daemon in the Gradle documentation.
Daemon will be stopped at the end of the build 
Calculating task graph as configuration cache cannot be reused because file 'gradle/libs.versions.toml' has changed.
Type-safe project accessors is an incubating feature.
> Task :build-logic:convention:checkKotlinGradlePluginConfigurationErrors SKIPPED
> Task :build-logic:convention:pluginDescriptors UP-TO-DATE
> Task :build-logic:convention:processResources UP-TO-DATE
> Task :build-logic:convention:compileKotlin
> Task :build-logic:convention:compileJava NO-SOURCE
> Task :build-logic:convention:classes UP-TO-DATE
> Task :build-logic:convention:jar
> Task :core:common:androidPreBuild UP-TO-DATE
> Task :app:preBuild UP-TO-DATE
> Task :core:data:androidPreBuild UP-TO-DATE
> Task :core:i18n:androidPreBuild UP-TO-DATE
> Task :core:i18n:preAndroidMainBuild UP-TO-DATE
> Task :core:ui:androidPreBuild UP-TO-DATE
> Task :app:preDefaultDebugBuild UP-TO-DATE
> Task :core:common:preAndroidMainBuild UP-TO-DATE
> Task :core:data:preAndroidMainBuild UP-TO-DATE
> Task :core:ui:preAndroidMainBuild UP-TO-DATE
> Task :core:common:kmpPartiallyResolvedDependenciesChecker
> Task :core:i18n:kmpPartiallyResolvedDependenciesChecker
> Task :core:data:kmpPartiallyResolvedDependenciesChecker
> Task :app:mergeDefaultDebugJniLibFolders
> Task :core:common:mergeAndroidMainJniLibFolders
> Task :core:data:mergeAndroidMainJniLibFolders
> Task :core:ui:mergeAndroidMainJniLibFolders
> Task :core:i18n:mergeAndroidMainJniLibFolders
> Task :core:common:mergeAndroidMainNativeLibs NO-SOURCE
> Task :core:data:mergeAndroidMainNativeLibs NO-SOURCE
> Task :core:i18n:mergeAndroidMainNativeLibs NO-SOURCE
> Task :core:ui:mergeAndroidMainNativeLibs NO-SOURCE
> Task :core:data:copyAndroidMainJniLibsProjectOnly
> Task :core:common:copyAndroidMainJniLibsProjectOnly
> Task :core:ui:copyAndroidMainJniLibsProjectOnly
> Task :core:i18n:copyAndroidMainJniLibsProjectOnly
> Task :app:generateDefaultDebugBuildConfig
> Task :core:common:generateAndroidMainEmptyResourceFiles
> Task :core:common:checkKotlinGradlePluginConfigurationErrors SKIPPED
> Task :core:data:generateAndroidMainEmptyResourceFiles
> Task :core:data:checkKotlinGradlePluginConfigurationErrors SKIPPED
> Task :core:i18n:checkKotlinGradlePluginConfigurationErrors SKIPPED
> Task :core:ui:generateAndroidMainEmptyResourceFiles
> Task :core:ui:kmpPartiallyResolvedDependenciesChecker
> Task :core:ui:checkKotlinGradlePluginConfigurationErrors SKIPPED
> Task :core:i18n:generateAndroidMainEmptyResourceFiles
> Task :core:ui:convertXmlValueResourcesForAndroidMain NO-SOURCE
> Task :core:ui:copyNonXmlValueResourcesForAndroidMain NO-SOURCE
> Task :core:ui:prepareComposeResourcesTaskForAndroidMain NO-SOURCE
> Task :core:ui:generateResourceAccessorsForAndroidMain SKIPPED
> Task :core:ui:convertXmlValueResourcesForCommonMain NO-SOURCE
> Task :core:ui:copyNonXmlValueResourcesForCommonMain NO-SOURCE
> Task :core:ui:prepareComposeResourcesTaskForCommonMain NO-SOURCE
> Task :app:generateDefaultDebugResources
> Task :core:ui:generateResourceAccessorsForCommonMain SKIPPED
> Task :core:i18n:generateMRcommonTest
> Task :core:ui:generateComposeResClass SKIPPED
> Task :core:ui:convertXmlValueResourcesForJvmMain NO-SOURCE
> Task :core:ui:copyNonXmlValueResourcesForJvmMain NO-SOURCE
> Task :core:ui:prepareComposeResourcesTaskForJvmMain NO-SOURCE
> Task :core:ui:generateResourceAccessorsForJvmMain SKIPPED
> Task :core:ui:generateExpectResourceCollectorsForCommonMain SKIPPED
> Task :core:ui:generateActualResourceCollectorsForAndroidMain SKIPPED
> Task :app:generateDefaultDebugAssets UP-TO-DATE
> Task :core:i18n:generateAndroidMainAssets UP-TO-DATE
> Task :app:javaPreCompileDefaultDebug
> Task :core:i18n:generateMRjvmTest
> Task :core:i18n:generateMRandroidHostTest
> Task :app:configureCMakeDebug[armeabi-v7a]
> Task :app:configureCMakeDebug[arm64-v8a]
> Task :app:configureCMakeDebug[x86_64]
> Task :core:i18n:generateMRcommonMain
> Task :core:i18n:generateMRjvmMain

> Task :app:buildCMakeDebug[armeabi-v7a]
C/C++:    Compiling proc-macro2 v1.0.107
C/C++:    Compiling quote v1.0.47
C/C++:    Compiling unicode-ident v1.0.24
C/C++:    Compiling autocfg v1.5.1
C/C++:    Compiling memchr v2.8.3
C/C++:    Compiling libc v0.2.189
C/C++:    Compiling winnow v1.0.4
C/C++:    Compiling hashbrown v0.17.1
C/C++:    Compiling equivalent v1.0.2
C/C++:    Compiling toml_datetime v1.1.1+spec-1.1.0
C/C++:    Compiling jni-sys v0.3.1
C/C++:    Compiling serde_core v1.0.229
C/C++:    Compiling rustversion v1.0.23
C/C++:    Compiling thiserror v1.0.69
C/C++:    Compiling log v0.4.33

> Task :core:i18n:generateMRandroidMain

> Task :app:buildCMakeDebug[arm64-v8a]
C/C++:     Blocking waiting for file lock on package cache
C/C++:     Finished `dev` profile [unoptimized + debuginfo] target(s) in 0.68s

> Task :core:i18n:packageAndroidMainResources

> Task :app:buildCMakeDebug[x86_64]
C/C++:     Blocking waiting for file lock on package cache
C/C++:     Finished `dev` profile [unoptimized + debuginfo] target(s) in 0.56s

> Task :core:i18n:parseAndroidMainLocalResources

> Task :app:buildCMakeDebug[armeabi-v7a]
C/C++:    Compiling num-traits v0.2.19
C/C++:    Compiling aho-corasick v1.1.5
C/C++:    Compiling zmij v1.0.23
C/C++:    Compiling thiserror v2.0.20
C/C++:    Compiling regex-syntax v0.8.11
C/C++:    Compiling serde v1.0.229
C/C++:    Compiling syn v2.0.119
C/C++:    Compiling syn v3.0.3
C/C++:    Compiling indexmap v2.14.0
C/C++:    Compiling android_system_properties v0.1.6
C/C++:    Compiling iana-time-zone v0.1.65

> Task :core:i18n:generateAndroidMainRFile
> Task :app:prepareLibraryDefinitionsDefaultDebug
> Task :app:extractDefaultDebugSupportedLocales
> Task :app:mapDefaultDebugSourceSetPaths
> Task :app:generateDefaultDebugGlobalSynthetics
> Task :core:i18n:mergeAndroidMainAssets

> Task :app:buildCMakeDebug[armeabi-v7a]
C/C++:    Compiling bytes v1.12.1
C/C++:    Compiling num-integer v0.1.47
C/C++:    Compiling num-complex v0.4.6
C/C++:    Compiling num-bigint v0.4.8
C/C++:    Compiling toml_parser v1.1.3+spec-1.1.0
C/C++:    Compiling num-iter v0.1.46
C/C++:    Compiling cfg-if v1.0.4
C/C++:    Compiling pxfm v0.1.30
C/C++:    Compiling serde_json v1.0.151

> Task :app:generateDefaultDebugLocaleConfig
> Task :app:packageDefaultDebugResources
> Task :app:desugarDefaultDebugFileDependencies
> Task :core:common:writeAndroidMainAarMetadata
> Task :core:data:writeAndroidMainAarMetadata
> Task :core:i18n:writeAndroidMainAarMetadata
> Task :core:ui:writeAndroidMainAarMetadata

> Task :app:buildCMakeDebug[armeabi-v7a]
C/C++:    Compiling anyhow v1.0.104
C/C++:    Compiling combine v4.6.7
C/C++:    Compiling chrono v0.4.45
C/C++:    Compiling toml_edit v0.25.13+spec-1.1.0
C/C++:    Compiling env_filter v0.1.4

> Task :app:l8DexDesugarLibDefaultDebug

> Task :app:buildCMakeDebug[armeabi-v7a]
C/C++:    Compiling regex-automata v0.4.18

> Task :app:processDefaultDebugNavigationResources
> Task :app:parseDefaultDebugLocalResources
> Task :app:checkDefaultDebugAarMetadata
> Task :app:generateDefaultDebugRFile
> Task :app:mergeDefaultDebugAssets
> Task :app:compressDefaultDebugAssets
> Task :app:extractDeepLinksDefaultDebug
> Task :app:createDefaultDebugCompatibleScreenManifests
> Task :app:compileDefaultDebugNavigationResources
> Task :core:i18n:processAndroidMainManifest
> Task :core:common:processAndroidMainManifest
> Task :core:data:processAndroidMainManifest
> Task :core:i18n:mapAndroidMainSourceSetPaths
> Task :core:ui:processAndroidMainManifest
> Task :core:i18n:compileAndroidMainLibraryResources
> Task :app:writeDefaultDebugAppMetadata
> Task :app:writeDefaultDebugSigningConfigVersions
> Task :app:preDefaultNonMinifiedReleaseBuild UP-TO-DATE
> Task :app:checkDefaultDebugDuplicateClasses
> Task :app:configureCMakeRelWithDebInfo[arm64-v8a]
> Task :app:validateSigningDefaultDebug
> Task :app:configureCMakeRelWithDebInfo[armeabi-v7a]

> Task :app:buildCMakeDebug[armeabi-v7a]
C/C++:    Compiling proc-macro-crate v3.5.0
C/C++:    Compiling num-rational v0.4.2
C/C++:    Compiling thiserror-impl v2.0.20
C/C++:    Compiling serde_derive v1.0.229
C/C++:    Compiling num v0.4.3
C/C++:    Compiling bitflags v2.13.1
C/C++:    Compiling unicode-segmentation v1.13.3
C/C++:    Compiling cesu8 v1.1.0
C/C++:    Compiling moxcms v0.8.1
C/C++:    Compiling itoa v1.0.18

> Task :app:processDefaultDebugMainManifest

> Task :app:buildCMakeRelWithDebInfo[arm64-v8a]
C/C++:     Finished `release` profile [optimized] target(s) in 0.84s

> Task :app:processDefaultDebugManifest

> Task :app:buildCMakeRelWithDebInfo[armeabi-v7a]
C/C++:    Compiling compiler_builtins v0.1.160 (/Users/zhanziyuan/.rustup/toolchains/nightly-2026-08-22-aarch64-apple-darwin/lib/rustlib/src/rust/library/compiler-builtins/compiler-builtins)
C/C++:    Compiling core v0.0.0 (/Users/zhanziyuan/.rustup/toolchains/nightly-2026-08-22-aarch64-apple-darwin/lib/rustlib/src/rust/library/core)
C/C++:    Compiling libc v0.2.189
C/C++:    Compiling std v0.0.0 (/Users/zhanziyuan/.rustup/toolchains/nightly-2026-08-22-aarch64-apple-darwin/lib/rustlib/src/rust/library/std)
C/C++:    Compiling proc-macro2 v1.0.107
C/C++:    Compiling quote v1.0.47
C/C++:    Compiling unicode-ident v1.0.24
C/C++:    Compiling autocfg v1.5.1
C/C++:    Compiling winnow v1.0.4
C/C++:    Compiling equivalent v1.0.2
C/C++:    Compiling hashbrown v0.17.1
C/C++:    Compiling num-traits v0.2.19
C/C++:    Compiling serde_core v1.0.229
C/C++:    Compiling toml_datetime v1.1.1+spec-1.1.0
C/C++:    Compiling jni-sys v0.3.1
C/C++:    Compiling thiserror v1.0.69
C/C++:    Compiling rustversion v1.0.23
C/C++:    Compiling thiserror v2.0.20
C/C++:    Compiling zmij v1.0.23
C/C++:    Compiling serde v1.0.229
C/C++:    Compiling anyhow v1.0.104
C/C++:    Compiling serde_json v1.0.151
C/C++:    Compiling syn v2.0.119
C/C++:    Compiling syn v3.0.3
C/C++:    Compiling indexmap v2.14.0

> Task :app:processDefaultDebugManifestForPackage
> Task :app:configureCMakeRelWithDebInfo[x86_64]

> Task :app:buildCMakeDebug[armeabi-v7a]
C/C++:    Compiling half v1.8.3
C/C++:    Compiling byteorder-lite v0.1.0
C/C++:    Compiling bytemuck v1.25.2
C/C++:    Compiling android_log-sys v0.3.2
C/C++:    Compiling once_cell v1.21.4
C/C++:    Compiling raw-window-handle v0.6.2
C/C++:    Compiling android_logger v0.15.1
C/C++:    Compiling libwebp-sys2 v0.2.0 (https://github.com/FooIbar/libwebp-sys2-rs.git#138c7114)
C/C++:    Compiling quick-xml v0.41.0
C/C++:    Compiling tl v0.7.8 (https://github.com/FooIbar/tl.git#051705e4)
C/C++:    Compiling regex-lite v0.1.9

> Task :core:common:compileAndroidMain
> Task :app:mergeDefaultDebugResources

> Task :app:buildCMakeDebug[armeabi-v7a]
C/C++:    Compiling regex v1.13.1

> Task :core:i18n:compileAndroidMain
> Task :app:mergeExtDexDefaultDebug
> Task :app:processDefaultDebugResources
> Task :app:preDefaultReleaseBuild UP-TO-DATE

> Task :app:buildCMakeDebug[armeabi-v7a]
C/C++:    Compiling rxing v0.9.2
C/C++:    Compiling jni-sys-macros v0.4.1
C/C++:    Compiling thiserror-impl v1.0.69
C/C++:    Compiling num_enum_derive v0.7.6
C/C++:    Compiling jni_fn v0.1.2
C/C++:    Compiling jni-sys v0.4.1
C/C++:    Compiling ndk-sys v0.6.0+11769913
C/C++:    Compiling serde_cbor v0.11.2
C/C++:    Compiling num_enum v0.7.6
C/C++:    Compiling image v0.25.10
C/C++:    Compiling ndk v0.9.0

> Task :app:mergeDefaultReleaseJniLibFolders

> Task :app:buildCMakeRelWithDebInfo[arm64-v8a]
C/C++: ninja: Entering directory `/Users/zhanziyuan/Documents/GitHub/EhViewer/app/.cxx/RelWithDebInfo/56n3v2n2/arm64-v8a'
C/C++: checking if we should use a .note.GNU-stack section... /Applications/Xcode.app/Contents/Developer/Toolchains/XcodeDefault.xctoolchain/usr/bin/objdump: error: 'conftest.o': The file was not recognized as a valid object file
C/C++: rm: conftest.exe.dSYM: is a directory
C/C++: no
C/C++: checking if .align assembly directive is logarithmic... rm: conftest,ff8.dSYM: is a directory
C/C++: rm: conftest.exe.dSYM: is a directory
C/C++: yes
C/C++: checking if Intel CET is enabled... no
C/C++: checking for m4... /usr/bin/m4
C/C++: checking for makeinfo... not-found
C/C++: checking for library containing clock_gettime... none required
C/C++: configure: creating ./config.status
C/C++: config.status: creating config.make
C/C++: config.status: creating config.m4
C/C++: config.status: creating Makefile
C/C++: config.status: creating version.h
C/C++: config.status: creating tools/Makefile
C/C++: config.status: creating testsuite/Makefile
C/C++: config.status: creating examples/Makefile
C/C++: config.status: creating nettle.pc
C/C++: config.status: creating hogweed.pc
C/C++: config.status: creating libnettle.map
C/C++: config.status: creating libhogweed.map
C/C++: config.status: creating config.h
C/C++: config.status: linking arm64/chacha-core-internal.asm to chacha-core-internal.asm
C/C++: config.status: linking arm64/machine.m4 to machine.m4
C/C++: config.status: linking arm64/fat/aes128-encrypt-2.asm to aes128-encrypt-2.asm
C/C++: config.status: linking arm64/fat/aes128-decrypt-2.asm to aes128-decrypt-2.asm
C/C++: config.status: linking arm64/fat/aes192-encrypt-2.asm to aes192-encrypt-2.asm
C/C++: config.status: linking arm64/fat/aes192-decrypt-2.asm to aes192-decrypt-2.asm
C/C++: config.status: linking arm64/fat/aes256-encrypt-2.asm to aes256-encrypt-2.asm
C/C++: config.status: linking arm64/fat/aes256-decrypt-2.asm to aes256-decrypt-2.asm
C/C++: config.status: linking arm64/chacha-2core.asm to chacha-2core.asm
C/C++: config.status: linking arm64/chacha-4core.asm to chacha-4core.asm
C/C++: config.status: linking arm64/fat/ghash-set-key-2.asm to ghash-set-key-2.asm
C/C++: config.status: linking arm64/fat/ghash-update-2.asm to ghash-update-2.asm
C/C++: config.status: linking arm64/fat/sha1-compress-2.asm to sha1-compress-2.asm
C/C++: config.status: linking arm64/fat/sha256-compress-n-2.asm to sha256-compress-n-2.asm
C/C++: configure: summary of build options:
C/C++:   Version:           nettle 4.0
C/C++:   Host type:         aarch64-none-linux-android26
C/C++:   ABI:               64
C/C++:   Assembly files:    arm64/fat arm64
C/C++:   Install prefix:    /usr/local
C/C++:   Library directory: ${exec_prefix}/lib

> Task :core:common:prepareAndroidMainArtProfile

> Task :app:buildCMakeRelWithDebInfo[armeabi-v7a]
C/C++:    Compiling toml_parser v1.1.3+spec-1.1.0
C/C++:    Compiling toml_edit v0.25.13+spec-1.1.0
C/C++:    Compiling proc-macro-crate v3.5.0
C/C++:    Compiling serde_derive v1.0.229
C/C++:    Compiling thiserror-impl v2.0.20

> Task :core:data:prepareAndroidMainArtProfile
> Task :core:i18n:prepareAndroidMainArtProfile
> Task :core:ui:prepareAndroidMainArtProfile

> Task :app:buildCMakeRelWithDebInfo[x86_64]
C/C++:     Finished `release` profile [optimized] target(s) in 0.51s
C/C++: ninja: Entering directory `/Users/zhanziyuan/Documents/GitHub/EhViewer/app/.cxx/RelWithDebInfo/56n3v2n2/x86_64'
C/C++: checking if we should use a .note.GNU-stack section... /Applications/Xcode.app/Contents/Developer/Toolchains/XcodeDefault.xctoolchain/usr/bin/objdump: error: 'conftest.o': The file was not recognized as a valid object file
C/C++: rm: conftest.exe.dSYM: is a directory
C/C++: no
C/C++: checking if .align assembly directive is logarithmic... rm: conftest,ff8.dSYM: is a directory
C/C++: rm: conftest.exe.dSYM: is a directory
C/C++: no
C/C++: checking if Intel CET is enabled... no
C/C++: checking for m4... /usr/bin/m4
C/C++: checking for makeinfo... not-found
C/C++: checking for library containing clock_gettime... none required
C/C++: configure: creating ./config.status
C/C++: config.status: creating config.make
C/C++: config.status: creating config.m4
C/C++: config.status: creating Makefile
C/C++: config.status: creating version.h
C/C++: config.status: creating tools/Makefile
C/C++: config.status: creating testsuite/Makefile
C/C++: config.status: creating examples/Makefile
C/C++: config.status: creating nettle.pc
C/C++: config.status: creating hogweed.pc
C/C++: config.status: creating libnettle.map
C/C++: config.status: creating libhogweed.map
C/C++: config.status: creating config.h
C/C++: config.status: linking x86_64/aes-encrypt-internal.asm to aes-encrypt-internal.asm
C/C++: config.status: linking x86_64/aes-decrypt-internal.asm to aes-decrypt-internal.asm
C/C++: config.status: linking x86_64/camellia-crypt-internal.asm to camellia-crypt-internal.asm
C/C++: config.status: linking x86_64/fat/memxor.asm to memxor.asm
C/C++: config.status: linking x86_64/memxor3.asm to memxor3.asm
C/C++: config.status: linking x86_64/fat/ghash-update.asm to ghash-update.asm
C/C++: config.status: linking x86_64/poly1305-internal.asm to poly1305-internal.asm
C/C++: config.status: linking x86_64/chacha-core-internal.asm to chacha-core-internal.asm
C/C++: config.status: linking x86_64/salsa20-core-internal.asm to salsa20-core-internal.asm
C/C++: config.status: linking x86_64/serpent-encrypt.asm to serpent-encrypt.asm
C/C++: config.status: linking x86_64/serpent-decrypt.asm to serpent-decrypt.asm
C/C++: config.status: linking x86_64/fat/sha1-compress.asm to sha1-compress.asm
C/C++: config.status: linking x86_64/fat/sha256-compress-n.asm to sha256-compress-n.asm
C/C++: config.status: linking x86_64/sha512-compress.asm to sha512-compress.asm
C/C++: config.status: linking x86_64/sha3-permute.asm to sha3-permute.asm
C/C++: config.status: linking x86_64/umac-nh.asm to umac-nh.asm
C/C++: config.status: linking x86_64/umac-nh-n.asm to umac-nh-n.asm
C/C++: config.status: linking x86_64/machine.m4 to machine.m4
C/C++: config.status: linking x86_64/fat/cpuid.asm to cpuid.asm
C/C++: config.status: linking x86_64/fat/memxor-2.asm to memxor-2.asm
C/C++: config.status: linking x86_64/fat/aes128-encrypt-2.asm to aes128-encrypt-2.asm
C/C++: config.status: linking x86_64/fat/aes128-decrypt-2.asm to aes128-decrypt-2.asm
C/C++: config.status: linking x86_64/fat/aes192-encrypt-2.asm to aes192-encrypt-2.asm
C/C++: config.status: linking x86_64/fat/aes192-decrypt-2.asm to aes192-decrypt-2.asm
C/C++: config.status: linking x86_64/fat/aes256-encrypt-2.asm to aes256-encrypt-2.asm
C/C++: config.status: linking x86_64/fat/aes256-decrypt-2.asm to aes256-decrypt-2.asm
C/C++: config.status: linking x86_64/fat/cbc-aes128-encrypt-2.asm to cbc-aes128-encrypt-2.asm
C/C++: config.status: linking x86_64/fat/cbc-aes192-encrypt-2.asm to cbc-aes192-encrypt-2.asm
C/C++: config.status: linking x86_64/fat/cbc-aes256-encrypt-2.asm to cbc-aes256-encrypt-2.asm
C/C++: config.status: linking x86_64/poly1305-blocks.asm to poly1305-blocks.asm
C/C++: config.status: linking x86_64/fat/ghash-set-key-2.asm to ghash-set-key-2.asm
C/C++: config.status: linking x86_64/fat/ghash-update-2.asm to ghash-update-2.asm
C/C++: config.status: linking x86_64/salsa20-2core.asm to salsa20-2core.asm
C/C++: config.status: linking x86_64/fat/sha1-compress-2.asm to sha1-compress-2.asm
C/C++: config.status: linking x86_64/fat/sha256-compress-n-2.asm to sha256-compress-n-2.asm
C/C++: configure: summary of build options:
C/C++:   Version:           nettle 4.0
C/C++:   Host type:         x86_64-none-linux-android26
C/C++:   ABI:               64
C/C++:   Assembly files:    x86_64/fat x86_64
C/C++:   Install prefix:    /usr/local
C/C++:   Library directory: ${exec_prefix}/lib

> Task :app:mergeDefaultReleaseArtProfile

> Task :app:buildCMakeDebug[armeabi-v7a]
C/C++:    Compiling jni v0.21.1

> Task :app:expandDefaultReleaseL8ArtProfileWildcards

> Task :app:buildCMakeRelWithDebInfo[armeabi-v7a]
C/C++:    Compiling jni-sys-macros v0.4.1
C/C++:    Compiling thiserror-impl v1.0.69
C/C++:    Compiling num_enum_derive v0.7.6
C/C++:    Compiling jni_fn v0.1.2

> Task :app:checkDefaultReleaseDuplicateClasses
> Task :app:generateDefaultReleaseBuildConfig
> Task :app:prepareLibraryDefinitionsDefaultRelease
> Task :app:extractDefaultReleaseSupportedLocales
> Task :app:mapDefaultReleaseSourceSetPaths
> Task :app:generateDefaultReleaseLocaleConfig FROM-CACHE
> Task :app:generateDefaultReleaseResources
> Task :app:packageDefaultReleaseResources
> Task :app:processDefaultReleaseNavigationResources
> Task :app:javaPreCompileDefaultRelease FROM-CACHE
> Task :app:checkDefaultReleaseAarMetadata
> Task :app:compileDefaultReleaseNavigationResources FROM-CACHE
> Task :app:createDefaultReleaseCompatibleScreenManifests
> Task :app:extractDeepLinksDefaultRelease
> Task :app:processDefaultReleaseMainManifest
> Task :app:processDefaultReleaseManifest
> Task :app:parseDefaultReleaseLocalResources
> Task :app:generateDefaultReleaseRFile
> Task :app:extractProguardFiles
> Task :app:mergeDefaultReleaseStartupProfile
> Task :app:generateDefaultReleaseAssets UP-TO-DATE
> Task :app:mergeDefaultReleaseAssets
> Task :app:compressDefaultReleaseAssets
> Task :app:processDefaultReleaseManifestForPackage
> Task :app:extractDefaultReleaseVersionControlInfo
> Task :app:validateSigningDefaultRelease
> Task :app:writeDefaultReleaseAppMetadata
> Task :app:writeDefaultReleaseSigningConfigVersions
> Task :app:mergeDefaultReleaseResources

> Task :core:i18n:compileAndroidMain
w: `-Xwhen-expressions=indy` does nothing with JVM target `17`.

> Task :core:i18n:processAndroidMainJavaRes
> Task :core:i18n:bundleLibRuntimeToDirAndroidMain

> Task :app:buildCMakeDebug[armeabi-v7a]
C/C++:    Compiling ehviewer_rust v0.0.0 (/Users/zhanziyuan/Documents/GitHub/EhViewer/app/src/main/rust)

> Task :core:i18n:mergeAndroidMainGeneratedProguardFiles

> Task :core:common:compileAndroidMain
w: `-Xwhen-expressions=indy` does nothing with JVM target `17`.

> Task :core:i18n:bundleAndroidMainClassesToCompileJar
> Task :core:i18n:bundleAndroidMainClassesToRuntimeJar
> Task :core:common:processAndroidMainJavaRes
> Task :core:common:mergeAndroidMainGeneratedProguardFiles
> Task :core:common:bundleLibRuntimeToDirAndroidMain
> Task :core:i18n:exportAndroidMainConsumerProguardFiles
> Task :core:common:exportAndroidMainConsumerProguardFiles
> Task :core:common:bundleAndroidMainClassesToCompileJar
> Task :app:processDefaultReleaseResources
> Task :core:common:bundleAndroidMainClassesToRuntimeJar

> Task :app:buildCMakeDebug[armeabi-v7a]
C/C++:     Finished `dev` profile [unoptimized + debuginfo] target(s) in 1m 20s

> Task :app:mergeDefaultDebugNativeLibs
> Task :app:stripDefaultDebugDebugSymbols
> Task :app:extractDefaultDebugNativeDebugMetadata

> Task :app:buildCMakeRelWithDebInfo[armeabi-v7a]
C/C++:    Compiling rustc-std-workspace-core v1.99.0 (/Users/zhanziyuan/.rustup/toolchains/nightly-2026-08-22-aarch64-apple-darwin/lib/rustlib/src/rust/library/rustc-std-workspace-core)
C/C++:    Compiling alloc v0.0.0 (/Users/zhanziyuan/.rustup/toolchains/nightly-2026-08-22-aarch64-apple-darwin/lib/rustlib/src/rust/library/alloc)
C/C++:    Compiling rustc-demangle v0.1.28
C/C++:    Compiling cfg-if v1.0.4
C/C++:    Compiling rustc-literal-escaper v0.0.8
C/C++:    Compiling unwind v0.0.0 (/Users/zhanziyuan/.rustup/toolchains/nightly-2026-08-22-aarch64-apple-darwin/lib/rustlib/src/rust/library/unwind)

> Task :app:mergeDefaultDebugNativeDebugMetadata

> Task :app:buildCMakeRelWithDebInfo[armeabi-v7a]
C/C++:    Compiling rustc-std-workspace-alloc v1.99.0 (/Users/zhanziyuan/.rustup/toolchains/nightly-2026-08-22-aarch64-apple-darwin/lib/rustlib/src/rust/library/rustc-std-workspace-alloc)
C/C++:    Compiling panic_abort v0.0.0 (/Users/zhanziyuan/.rustup/toolchains/nightly-2026-08-22-aarch64-apple-darwin/lib/rustlib/src/rust/library/panic_abort)
C/C++:    Compiling panic_unwind v0.0.0 (/Users/zhanziyuan/.rustup/toolchains/nightly-2026-08-22-aarch64-apple-darwin/lib/rustlib/src/rust/library/panic_unwind)
C/C++:    Compiling std_detect v0.1.5 (/Users/zhanziyuan/.rustup/toolchains/nightly-2026-08-22-aarch64-apple-darwin/lib/rustlib/src/rust/library/std_detect)

> Task :core:data:kspAndroidMain
> Task :core:ui:compileAndroidMain
w: `-Xwhen-expressions=indy` does nothing with JVM target `17`.

> Task :core:ui:processAndroidMainJavaRes
> Task :core:ui:mergeAndroidMainGeneratedProguardFiles
> Task :core:ui:bundleAndroidMainClassesToRuntimeJar
> Task :core:ui:bundleAndroidMainClassesToCompileJar
> Task :core:ui:bundleLibRuntimeToDirAndroidMain
> Task :core:ui:exportAndroidMainConsumerProguardFiles
> Task :core:data:copyRoomSchemas NO-SOURCE

> Task :app:buildCMakeRelWithDebInfo[armeabi-v7a]
C/C++:    Compiling proc_macro v0.0.0 (/Users/zhanziyuan/.rustup/toolchains/nightly-2026-08-22-aarch64-apple-darwin/lib/rustlib/src/rust/library/proc_macro)
C/C++:    Compiling memchr v2.8.3
C/C++:    Compiling jni-sys v0.4.1
C/C++:    Compiling log v0.4.33
C/C++:    Compiling regex-syntax v0.8.11
C/C++:    Compiling pxfm v0.1.30
C/C++:    Compiling bytes v1.12.1
C/C++:    Compiling android_system_properties v0.1.6
C/C++:    Compiling ndk-sys v0.6.0+11769913
C/C++:    Compiling aho-corasick v1.1.5
C/C++:    Compiling iana-time-zone v0.1.65
C/C++:    Compiling env_filter v0.1.4
C/C++:    Compiling num-integer v0.1.47
C/C++:    Compiling num-complex v0.4.6
C/C++:    Compiling chrono v0.4.45
C/C++:    Compiling num-bigint v0.4.8
C/C++:    Compiling num-iter v0.1.46
C/C++:    Compiling combine v4.6.7
C/C++:    Compiling bytemuck v1.25.2
C/C++:    Compiling itoa v1.0.18
C/C++:    Compiling half v1.8.3
C/C++:    Compiling num_enum v0.7.6
C/C++:    Compiling bitflags v2.13.1
C/C++:    Compiling regex-automata v0.4.18
C/C++:    Compiling cesu8 v1.1.0
C/C++:    Compiling byteorder-lite v0.1.0
C/C++:    Compiling once_cell v1.21.4
C/C++:    Compiling moxcms v0.8.1
C/C++:    Compiling num-rational v0.4.2

> Task :core:data:compileAndroidMain
w: `-Xwhen-expressions=indy` does nothing with JVM target `17`.

> Task :core:data:mergeAndroidMainGeneratedProguardFiles
> Task :core:data:exportAndroidMainConsumerProguardFiles
> Task :core:data:processAndroidMainJavaRes
> Task :core:data:bundleAndroidMainClassesToCompileJar
> Task :core:data:bundleAndroidMainClassesToRuntimeJar
> Task :core:data:bundleLibRuntimeToDirAndroidMain

> Task :app:buildCMakeRelWithDebInfo[armeabi-v7a]
C/C++:    Compiling num v0.4.3
C/C++:    Compiling android_log-sys v0.3.2
C/C++:    Compiling raw-window-handle v0.6.2
C/C++:    Compiling unicode-segmentation v1.13.3
C/C++:    Compiling android_logger v0.15.1
C/C++:    Compiling ndk v0.9.0

> Task :app:mergeLibDexDefaultDebug

> Task :app:buildCMakeRelWithDebInfo[armeabi-v7a]
C/C++:    Compiling serde_cbor v0.11.2
C/C++:    Compiling quick-xml v0.41.0
C/C++:    Compiling libwebp-sys2 v0.2.0 (https://github.com/FooIbar/libwebp-sys2-rs.git#138c7114)
C/C++:    Compiling regex-lite v0.1.9
C/C++:    Compiling tl v0.7.8 (https://github.com/FooIbar/tl.git#051705e4)
C/C++:    Compiling regex v1.13.1
C/C++:    Compiling rxing v0.9.2
C/C++:    Compiling image v0.25.10
C/C++:    Compiling jni v0.21.1

> Task :app:kspDefaultDebugKotlin
> Task :app:kspDefaultReleaseKotlin

> Task :app:buildCMakeRelWithDebInfo[armeabi-v7a]
C/C++:    Compiling ehviewer_rust v0.0.0 (/Users/zhanziyuan/Documents/GitHub/EhViewer/app/src/main/rust)
C/C++:     Finished `release` profile [optimized] target(s) in 2m 32s
C/C++: ninja: Entering directory `/Users/zhanziyuan/Documents/GitHub/EhViewer/app/.cxx/RelWithDebInfo/56n3v2n2/armeabi-v7a'
C/C++: checking if we should use a .note.GNU-stack section... /Applications/Xcode.app/Contents/Developer/Toolchains/XcodeDefault.xctoolchain/usr/bin/objdump: error: 'conftest.o': The file was not recognized as a valid object file
C/C++: rm: conftest.exe.dSYM: is a directory
C/C++: no
C/C++: checking if .align assembly directive is logarithmic... rm: conftest,ff8.dSYM: is a directory
C/C++: rm: conftest.exe.dSYM: is a directory
C/C++: yes
C/C++: checking if Intel CET is enabled... no
C/C++: checking for m4... /usr/bin/m4
C/C++: checking for makeinfo... not-found
C/C++: checking for library containing clock_gettime... none required
C/C++: configure: creating ./config.status
C/C++: config.status: creating config.make
C/C++: config.status: creating config.m4
C/C++: config.status: creating Makefile
C/C++: config.status: creating version.h
C/C++: config.status: creating tools/Makefile
C/C++: config.status: creating testsuite/Makefile
C/C++: config.status: creating examples/Makefile
C/C++: config.status: creating nettle.pc
C/C++: config.status: creating hogweed.pc
C/C++: config.status: creating libnettle.map
C/C++: config.status: creating libhogweed.map
C/C++: config.status: creating config.h
C/C++: config.status: linking arm/fat/aes-encrypt-internal.asm to aes-encrypt-internal.asm
C/C++: config.status: linking arm/fat/aes-decrypt-internal.asm to aes-decrypt-internal.asm
C/C++: config.status: linking arm/memxor.asm to memxor.asm
C/C++: config.status: linking arm/memxor3.asm to memxor3.asm
C/C++: config.status: linking arm/machine.m4 to machine.m4
C/C++: config.status: linking arm/fat/aes-encrypt-internal-2.asm to aes-encrypt-internal-2.asm
C/C++: config.status: linking arm/fat/aes-decrypt-internal-2.asm to aes-decrypt-internal-2.asm
C/C++: config.status: linking arm/fat/chacha-3core.asm to chacha-3core.asm
C/C++: config.status: linking arm/fat/salsa20-2core.asm to salsa20-2core.asm
C/C++: config.status: linking arm/fat/sha1-compress-2.asm to sha1-compress-2.asm
C/C++: config.status: linking arm/fat/sha256-compress-n-2.asm to sha256-compress-n-2.asm
C/C++: config.status: linking arm/fat/sha3-permute-2.asm to sha3-permute-2.asm
C/C++: config.status: linking arm/fat/sha512-compress-2.asm to sha512-compress-2.asm
C/C++: config.status: linking arm/fat/umac-nh-n-2.asm to umac-nh-n-2.asm
C/C++: config.status: linking arm/fat/umac-nh-2.asm to umac-nh-2.asm
C/C++: configure: summary of build options:
C/C++:   Version:           nettle 4.0
C/C++:   Host type:         armv7-none-linux-androideabi26
C/C++:   ABI:               standard
C/C++:   Assembly files:    arm/fat arm
C/C++:   Install prefix:    /usr/local
C/C++:   Library directory: ${exec_prefix}/lib

> Task :app:compileDefaultDebugKotlin
w: `-Xwhen-expressions=indy` does nothing with JVM target `17`.
w: file:///Users/zhanziyuan/Documents/GitHub/EhViewer/app/src/main/kotlin/com/hippo/ehviewer/spider/ComicInfo.kt:40:19 'constructor(serializersModule: SerializersModule = ..., configure: XmlConfig.CompatBuilder.() -> Unit = ...): XML' is deprecated. Update to the named factory functions.
w: file:///Users/zhanziyuan/Documents/GitHub/EhViewer/app/src/main/kotlin/com/hippo/ehviewer/ui/screen/DownloadsScreen.kt:336:17 'fun ListItem(headlineContent: ComposableFunction0<Unit>, modifier: Modifier = ..., overlineContent: ComposableFunction0<Unit>? = ..., supportingContent: ComposableFunction0<Unit>? = ..., leadingContent: ComposableFunction0<Unit>? = ..., trailingContent: ComposableFunction0<Unit>? = ..., colors: ListItemColors = ..., tonalElevation: Dp = ..., shadowElevation: Dp = ...): Unit' is deprecated. Use the overload where `headlineContent` is now a trailing `content` lambda.
w: file:///Users/zhanziyuan/Documents/GitHub/EhViewer/app/src/main/kotlin/com/hippo/ehviewer/ui/screen/DownloadsScreen.kt:349:17 'fun ListItem(headlineContent: ComposableFunction0<Unit>, modifier: Modifier = ..., overlineContent: ComposableFunction0<Unit>? = ..., supportingContent: ComposableFunction0<Unit>? = ..., leadingContent: ComposableFunction0<Unit>? = ..., trailingContent: ComposableFunction0<Unit>? = ..., colors: ListItemColors = ..., tonalElevation: Dp = ..., shadowElevation: Dp = ...): Unit' is deprecated. Use the overload where `headlineContent` is now a trailing `content` lambda.
w: file:///Users/zhanziyuan/Documents/GitHub/EhViewer/app/src/main/kotlin/com/hippo/ehviewer/ui/screen/DownloadsScreen.kt:403:25 'fun ListItem(headlineContent: ComposableFunction0<Unit>, modifier: Modifier = ..., overlineContent: ComposableFunction0<Unit>? = ..., supportingContent: ComposableFunction0<Unit>? = ..., leadingContent: ComposableFunction0<Unit>? = ..., trailingContent: ComposableFunction0<Unit>? = ..., colors: ListItemColors = ..., tonalElevation: Dp = ..., shadowElevation: Dp = ...): Unit' is deprecated. Use the overload where `headlineContent` is now a trailing `content` lambda.
w: file:///Users/zhanziyuan/Documents/GitHub/EhViewer/app/src/main/kotlin/com/hippo/ehviewer/ui/screen/GalleryListScreen.kt:367:33 'fun ListItem(headlineContent: ComposableFunction0<Unit>, modifier: Modifier = ..., overlineContent: ComposableFunction0<Unit>? = ..., supportingContent: ComposableFunction0<Unit>? = ..., leadingContent: ComposableFunction0<Unit>? = ..., trailingContent: ComposableFunction0<Unit>? = ..., colors: ListItemColors = ..., tonalElevation: Dp = ..., shadowElevation: Dp = ...): Unit' is deprecated. Use the overload where `headlineContent` is now a trailing `content` lambda.
w: file:///Users/zhanziyuan/Documents/GitHub/EhViewer/app/src/main/kotlin/com/hippo/ehviewer/ui/screen/SearchBarScreen.kt:233:9 'fun SearchBar(inputField: ComposableFunction0<Unit>, expanded: Boolean, onExpandedChange: (Boolean) -> Unit, modifier: Modifier = ..., shape: Shape = ..., colors: SearchBarColors = ..., tonalElevation: Dp = ..., shadowElevation: Dp = ..., windowInsets: WindowInsets = ..., content: ComposableFunction1<ColumnScope, Unit>): Unit' is deprecated. Use SearchBar with SearchBarState, and ExpandedFullScreenSearchBar or ExpandedDockedSearchBar to display results.
w: file:///Users/zhanziyuan/Documents/GitHub/EhViewer/app/src/main/kotlin/com/hippo/ehviewer/ui/screen/SearchBarScreen.kt:237:17 'fun InputField(state: TextFieldState, onSearch: (String) -> Unit, expanded: Boolean, onExpandedChange: (Boolean) -> Unit, modifier: Modifier = ..., enabled: Boolean = ..., readOnly: Boolean = ..., textStyle: TextStyle = ..., placeholder: ComposableFunction0<Unit>? = ..., leadingIcon: ComposableFunction0<Unit>? = ..., trailingIcon: ComposableFunction0<Unit>? = ..., prefix: ComposableFunction0<Unit>? = ..., suffix: ComposableFunction0<Unit>? = ..., inputTransformation: InputTransformation? = ..., outputTransformation: OutputTransformation? = ..., scrollState: ScrollState = ..., shape: Shape = ..., colors: TextFieldColors = ..., interactionSource: MutableInteractionSource? = ...): Unit' is deprecated. Use SearchBarDefaults.InputField with SearchBarState.

> Task :app:compileDefaultReleaseKotlin
w: `-Xwhen-expressions=indy` does nothing with JVM target `17`.
w: file:///Users/zhanziyuan/Documents/GitHub/EhViewer/app/src/main/kotlin/com/hippo/ehviewer/spider/ComicInfo.kt:40:19 'constructor(serializersModule: SerializersModule = ..., configure: XmlConfig.CompatBuilder.() -> Unit = ...): XML' is deprecated. Update to the named factory functions.
w: file:///Users/zhanziyuan/Documents/GitHub/EhViewer/app/src/main/kotlin/com/hippo/ehviewer/ui/screen/DownloadsScreen.kt:336:17 'fun ListItem(headlineContent: ComposableFunction0<Unit>, modifier: Modifier = ..., overlineContent: ComposableFunction0<Unit>? = ..., supportingContent: ComposableFunction0<Unit>? = ..., leadingContent: ComposableFunction0<Unit>? = ..., trailingContent: ComposableFunction0<Unit>? = ..., colors: ListItemColors = ..., tonalElevation: Dp = ..., shadowElevation: Dp = ...): Unit' is deprecated. Use the overload where `headlineContent` is now a trailing `content` lambda.
w: file:///Users/zhanziyuan/Documents/GitHub/EhViewer/app/src/main/kotlin/com/hippo/ehviewer/ui/screen/DownloadsScreen.kt:349:17 'fun ListItem(headlineContent: ComposableFunction0<Unit>, modifier: Modifier = ..., overlineContent: ComposableFunction0<Unit>? = ..., supportingContent: ComposableFunction0<Unit>? = ..., leadingContent: ComposableFunction0<Unit>? = ..., trailingContent: ComposableFunction0<Unit>? = ..., colors: ListItemColors = ..., tonalElevation: Dp = ..., shadowElevation: Dp = ...): Unit' is deprecated. Use the overload where `headlineContent` is now a trailing `content` lambda.
w: file:///Users/zhanziyuan/Documents/GitHub/EhViewer/app/src/main/kotlin/com/hippo/ehviewer/ui/screen/DownloadsScreen.kt:403:25 'fun ListItem(headlineContent: ComposableFunction0<Unit>, modifier: Modifier = ..., overlineContent: ComposableFunction0<Unit>? = ..., supportingContent: ComposableFunction0<Unit>? = ..., leadingContent: ComposableFunction0<Unit>? = ..., trailingContent: ComposableFunction0<Unit>? = ..., colors: ListItemColors = ..., tonalElevation: Dp = ..., shadowElevation: Dp = ...): Unit' is deprecated. Use the overload where `headlineContent` is now a trailing `content` lambda.
w: file:///Users/zhanziyuan/Documents/GitHub/EhViewer/app/src/main/kotlin/com/hippo/ehviewer/ui/screen/GalleryListScreen.kt:367:33 'fun ListItem(headlineContent: ComposableFunction0<Unit>, modifier: Modifier = ..., overlineContent: ComposableFunction0<Unit>? = ..., supportingContent: ComposableFunction0<Unit>? = ..., leadingContent: ComposableFunction0<Unit>? = ..., trailingContent: ComposableFunction0<Unit>? = ..., colors: ListItemColors = ..., tonalElevation: Dp = ..., shadowElevation: Dp = ...): Unit' is deprecated. Use the overload where `headlineContent` is now a trailing `content` lambda.
w: file:///Users/zhanziyuan/Documents/GitHub/EhViewer/app/src/main/kotlin/com/hippo/ehviewer/ui/screen/SearchBarScreen.kt:233:9 'fun SearchBar(inputField: ComposableFunction0<Unit>, expanded: Boolean, onExpandedChange: (Boolean) -> Unit, modifier: Modifier = ..., shape: Shape = ..., colors: SearchBarColors = ..., tonalElevation: Dp = ..., shadowElevation: Dp = ..., windowInsets: WindowInsets = ..., content: ComposableFunction1<ColumnScope, Unit>): Unit' is deprecated. Use SearchBar with SearchBarState, and ExpandedFullScreenSearchBar or ExpandedDockedSearchBar to display results.
w: file:///Users/zhanziyuan/Documents/GitHub/EhViewer/app/src/main/kotlin/com/hippo/ehviewer/ui/screen/SearchBarScreen.kt:237:17 'fun InputField(state: TextFieldState, onSearch: (String) -> Unit, expanded: Boolean, onExpandedChange: (Boolean) -> Unit, modifier: Modifier = ..., enabled: Boolean = ..., readOnly: Boolean = ..., textStyle: TextStyle = ..., placeholder: ComposableFunction0<Unit>? = ..., leadingIcon: ComposableFunction0<Unit>? = ..., trailingIcon: ComposableFunction0<Unit>? = ..., prefix: ComposableFunction0<Unit>? = ..., suffix: ComposableFunction0<Unit>? = ..., inputTransformation: InputTransformation? = ..., outputTransformation: OutputTransformation? = ..., scrollState: ScrollState = ..., shape: Shape = ..., colors: TextFieldColors = ..., interactionSource: MutableInteractionSource? = ...): Unit' is deprecated. Use SearchBarDefaults.InputField with SearchBarState.

> Task :app:processDefaultDebugJavaRes
> Task :app:processDefaultReleaseJavaRes
> Task :app:mergeDefaultReleaseNativeLibs
> Task :app:stripDefaultReleaseDebugSymbols
> Task :app:mergeDefaultDebugJavaResource
> Task :app:mergeDefaultReleaseJavaResource
> Task :app:extractDefaultReleaseNativeDebugMetadata
> Task :app:mergeDefaultReleaseNativeDebugMetadata
> Task :app:compileDefaultReleaseJavaWithJavac
> Task :app:compileDefaultDebugJavaWithJavac
> Task :app:mergeDefaultReleaseGeneratedProguardFiles
> Task :app:expandDefaultReleaseArtProfileWildcards
> Task :app:dexBuilderDefaultDebug
> Task :app:produceDefaultReleaseComposeMapping
> Task :app:reportDefaultReleaseComposeMappingErrors
> Task :app:mergeProjectDexDefaultDebug
> Task :app:packageDefaultDebug
> Task :app:assembleDefaultDebug
> Task :app:createDefaultDebugApkListingFileRedirect
> Task :app:minifyDefaultReleaseWithR8
> Task :app:convertShrunkResourcesToBinaryDefaultRelease
> Task :app:optimizeDefaultReleaseResources
> Task :app:mergeDefaultReleaseComposeMapping
> Task :app:l8DexDesugarLibDefaultRelease
> Task :app:compileDefaultReleaseArtProfile
> Task :app:packageDefaultRelease
> Task :app:assembleDefaultRelease
> Task :app:createDefaultReleaseApkListingFileRedirect

[Incubating] Problems report is available at: file:///Users/zhanziyuan/Documents/GitHub/EhViewer/build/reports/problems/problems-report.html

BUILD SUCCESSFUL in 4m 26s
183 actionable tasks: 178 executed, 3 from cache, 2 up-to-date
Configuration cache entry stored.
