To honour the JVM settings for this build a single-use Daemon process will be forked. For more on this, please refer to https://docs.gradle.org/9.7.1/userguide/gradle_daemon.html#sec:disabling_the_daemon in the Gradle documentation.
Daemon will be stopped at the end of the build 
Calculating task graph as no cached configuration is available for tasks: :app:assembleDebug :app:assembleRelease :benchmark:assembleNonMinifiedRelease
Type-safe project accessors is an incubating feature.
> Task :build-logic:convention:checkKotlinGradlePluginConfigurationErrors SKIPPED
> Task :build-logic:convention:compileKotlin UP-TO-DATE
> Task :build-logic:convention:compileJava NO-SOURCE
> Task :build-logic:convention:pluginDescriptors UP-TO-DATE
> Task :build-logic:convention:processResources UP-TO-DATE
> Task :build-logic:convention:classes UP-TO-DATE
> Task :build-logic:convention:jar UP-TO-DATE
> Task :core:data:androidPreBuild UP-TO-DATE
> Task :core:ui:androidPreBuild UP-TO-DATE
> Task :app:preBuild UP-TO-DATE
> Task :core:common:androidPreBuild UP-TO-DATE
> Task :core:i18n:androidPreBuild UP-TO-DATE
> Task :core:data:preAndroidMainBuild UP-TO-DATE
> Task :app:preDebugBuild UP-TO-DATE
> Task :core:ui:preAndroidMainBuild UP-TO-DATE
> Task :core:common:preAndroidMainBuild UP-TO-DATE
> Task :core:data:mergeAndroidMainJniLibFolders UP-TO-DATE
> Task :core:ui:mergeAndroidMainJniLibFolders UP-TO-DATE
> Task :core:common:kmpPartiallyResolvedDependenciesChecker
> Task :core:data:kmpPartiallyResolvedDependenciesChecker
> Task :core:i18n:kmpPartiallyResolvedDependenciesChecker
> Task :core:i18n:generateMRcommonTest UP-TO-DATE
> Task :core:i18n:preAndroidMainBuild UP-TO-DATE
> Task :core:i18n:mergeAndroidMainJniLibFolders UP-TO-DATE
> Task :core:ui:mergeAndroidMainNativeLibs NO-SOURCE
> Task :core:common:mergeAndroidMainJniLibFolders UP-TO-DATE
> Task :core:data:mergeAndroidMainNativeLibs NO-SOURCE
> Task :core:ui:copyAndroidMainJniLibsProjectOnly UP-TO-DATE
> Task :core:data:copyAndroidMainJniLibsProjectOnly UP-TO-DATE
> Task :core:i18n:mergeAndroidMainNativeLibs NO-SOURCE
> Task :core:common:mergeAndroidMainNativeLibs NO-SOURCE
> Task :core:common:generateAndroidMainEmptyResourceFiles UP-TO-DATE
> Task :core:common:copyAndroidMainJniLibsProjectOnly UP-TO-DATE
> Task :core:i18n:copyAndroidMainJniLibsProjectOnly UP-TO-DATE
> Task :core:i18n:generateAndroidMainEmptyResourceFiles UP-TO-DATE
> Task :core:data:generateAndroidMainEmptyResourceFiles UP-TO-DATE
> Task :core:ui:generateAndroidMainEmptyResourceFiles UP-TO-DATE
> Task :core:common:checkKotlinGradlePluginConfigurationErrors SKIPPED
> Task :core:data:checkKotlinGradlePluginConfigurationErrors SKIPPED
> Task :core:i18n:checkKotlinGradlePluginConfigurationErrors SKIPPED
> Task :core:i18n:generateMRjvmTest UP-TO-DATE
> Task :core:i18n:generateMRandroidHostTest UP-TO-DATE
> Task :core:i18n:generateMRcommonMain UP-TO-DATE
> Task :core:i18n:generateMRjvmMain UP-TO-DATE
> Task :core:i18n:generateMRandroidMain UP-TO-DATE
> Task :app:generateDebugBuildConfig
> Task :app:generateDebugResources
> Task :core:ui:kmpPartiallyResolvedDependenciesChecker
> Task :core:ui:checkKotlinGradlePluginConfigurationErrors SKIPPED
> Task :core:ui:copyNonXmlValueResourcesForAndroidMain NO-SOURCE
> Task :core:ui:convertXmlValueResourcesForAndroidMain NO-SOURCE
> Task :core:ui:convertXmlValueResourcesForCommonMain NO-SOURCE
> Task :core:ui:prepareComposeResourcesTaskForAndroidMain NO-SOURCE
> Task :core:ui:copyNonXmlValueResourcesForCommonMain NO-SOURCE
> Task :core:ui:generateResourceAccessorsForAndroidMain SKIPPED
> Task :core:ui:convertXmlValueResourcesForJvmMain NO-SOURCE
> Task :core:ui:prepareComposeResourcesTaskForCommonMain NO-SOURCE
> Task :core:ui:generateResourceAccessorsForCommonMain SKIPPED
> Task :core:ui:copyNonXmlValueResourcesForJvmMain NO-SOURCE
> Task :core:ui:generateComposeResClass SKIPPED
> Task :core:ui:generateExpectResourceCollectorsForCommonMain SKIPPED
> Task :core:ui:prepareComposeResourcesTaskForJvmMain NO-SOURCE
> Task :core:ui:generateResourceAccessorsForJvmMain SKIPPED
> Task :core:ui:generateActualResourceCollectorsForAndroidMain SKIPPED
> Task :app:generateDebugAssets UP-TO-DATE
> Task :core:i18n:generateAndroidMainAssets UP-TO-DATE
> Task :app:mergeDebugJniLibFolders
> Task :core:i18n:mergeAndroidMainAssets UP-TO-DATE
> Task :app:javaPreCompileDebug FROM-CACHE
> Task :app:generateDebugGlobalSynthetics FROM-CACHE
> Task :app:l8DexDesugarLibDebug FROM-CACHE
> Task :app:desugarDebugFileDependencies FROM-CACHE
> Task :core:common:writeAndroidMainAarMetadata UP-TO-DATE
> Task :core:data:writeAndroidMainAarMetadata UP-TO-DATE
> Task :core:i18n:writeAndroidMainAarMetadata UP-TO-DATE
> Task :core:ui:writeAndroidMainAarMetadata UP-TO-DATE
> Task :core:i18n:packageAndroidMainResources
> Task :core:i18n:parseAndroidMainLocalResources UP-TO-DATE
> Task :core:i18n:generateAndroidMainRFile UP-TO-DATE
> Task :core:i18n:compileAndroidMain UP-TO-DATE
> Task :core:i18n:bundleAndroidMainClassesToCompileJar UP-TO-DATE
> Task :core:i18n:processAndroidMainJavaRes UP-TO-DATE
> Task :core:i18n:bundleLibRuntimeToDirAndroidMain UP-TO-DATE
> Task :app:createDebugCompatibleScreenManifests
> Task :app:configureCMakeDebug[armeabi-v7a]
> Task :app:configureCMakeDebug[arm64-v8a]
> Task :app:configureCMakeDebug[x86_64]
> Task :core:common:processAndroidMainManifest
> Task :core:data:processAndroidMainManifest
> Task :core:i18n:processAndroidMainManifest
> Task :core:ui:processAndroidMainManifest
> Task :core:i18n:mapAndroidMainSourceSetPaths UP-TO-DATE
> Task :core:i18n:compileAndroidMainLibraryResources UP-TO-DATE
> Task :app:validateSigningDebug
> Task :app:writeDebugAppMetadata
> Task :app:writeDebugSigningConfigVersions
> Task :app:preNonMinifiedReleaseBuild UP-TO-DATE
> Task :app:configureCMakeRelWithDebInfo[arm64-v8a]
> Task :app:checkDebugDuplicateClasses
> Task :app:mergeDebugAssets
> Task :app:processDebugNavigationResources
> Task :app:compressDebugAssets FROM-CACHE
> Task :app:configureCMakeRelWithDebInfo[armeabi-v7a]
> Task :app:configureCMakeRelWithDebInfo[x86_64]
> Task :app:checkDebugAarMetadata
> Task :app:preReleaseBuild UP-TO-DATE
> Task :app:mergeReleaseJniLibFolders
> Task :core:common:prepareAndroidMainArtProfile UP-TO-DATE
> Task :core:data:prepareAndroidMainArtProfile UP-TO-DATE
> Task :core:i18n:prepareAndroidMainArtProfile UP-TO-DATE
> Task :core:ui:prepareAndroidMainArtProfile UP-TO-DATE
> Task :app:mergeReleaseArtProfile
> Task :app:expandReleaseL8ArtProfileWildcards FROM-CACHE
> Task :core:i18n:mergeAndroidMainGeneratedProguardFiles UP-TO-DATE
> Task :core:i18n:exportAndroidMainConsumerProguardFiles UP-TO-DATE
> Task :app:checkReleaseDuplicateClasses
> Task :app:generateReleaseBuildConfig

> Task :app:prepareLibraryDefinitionsDebug
GitHub `rate_limit` exhausted. Won't be able to use the GitHub API. Please check if the token is provided, or enable `offlineMode`.

> Task :app:extractDebugSupportedLocales FROM-CACHE
> Task :app:mapDebugSourceSetPaths
> Task :app:generateDebugLocaleConfig FROM-CACHE
> Task :app:packageDebugResources
> Task :app:parseDebugLocalResources FROM-CACHE
> Task :app:generateDebugRFile FROM-CACHE
> Task :app:compileDebugNavigationResources FROM-CACHE

> Task :app:buildCMakeDebug[armeabi-v7a]
C/C++:     Blocking waiting for file lock on package cache
C/C++:     Blocking waiting for file lock on package cache
C/C++:     Finished `dev` profile [unoptimized + debuginfo] target(s) in 0.51s

> Task :app:mergeExtDexDebug FROM-CACHE

> Task :app:prepareLibraryDefinitionsRelease
GitHub `rate_limit` exhausted. Won't be able to use the GitHub API. Please check if the token is provided, or enable `offlineMode`.

> Task :app:extractReleaseSupportedLocales FROM-CACHE
> Task :app:mapReleaseSourceSetPaths

> Task :app:buildCMakeDebug[x86_64]
C/C++:     Blocking waiting for file lock on package cache
C/C++:     Blocking waiting for file lock on package cache
C/C++:     Blocking waiting for file lock on package cache
C/C++:     Blocking waiting for file lock on package cache
C/C++:     Finished `dev` profile [unoptimized + debuginfo] target(s) in 0.53s

> Task :app:generateReleaseLocaleConfig FROM-CACHE
> Task :app:generateReleaseResources

> Task :app:buildCMakeDebug[arm64-v8a]
C/C++:     Blocking waiting for file lock on package cache
C/C++:     Blocking waiting for file lock on package cache
C/C++:     Blocking waiting for file lock on package cache
C/C++:     Finished `dev` profile [unoptimized + debuginfo] target(s) in 0.55s

> Task :app:packageReleaseResources

> Task :app:buildCMakeRelWithDebInfo[arm64-v8a]
C/C++:     Finished `release` profile [optimized] target(s) in 0.75s

> Task :app:extractDeepLinksDebug FROM-CACHE
> Task :app:processReleaseNavigationResources
> Task :app:parseReleaseLocalResources FROM-CACHE
> Task :app:generateReleaseRFile FROM-CACHE
> Task :app:javaPreCompileRelease FROM-CACHE

> Task :app:buildCMakeRelWithDebInfo[armeabi-v7a]
C/C++:     Blocking waiting for file lock on package cache
C/C++:     Blocking waiting for file lock on package cache
C/C++:     Blocking waiting for file lock on package cache
C/C++:     Finished `release` profile [optimized] target(s) in 0.37s

> Task :app:checkReleaseAarMetadata
> Task :app:compileReleaseNavigationResources FROM-CACHE

> Task :app:buildCMakeRelWithDebInfo[x86_64]
C/C++:     Blocking waiting for file lock on package cache
C/C++:     Blocking waiting for file lock on package cache
C/C++:     Blocking waiting for file lock on package cache
C/C++:     Finished `release` profile [optimized] target(s) in 0.40s

> Task :app:processDebugMainManifest
> Task :app:processDebugManifest
> Task :app:processDebugManifestForPackage
> Task :app:createReleaseCompatibleScreenManifests
> Task :app:extractDeepLinksRelease FROM-CACHE
> Task :app:processReleaseMainManifest
> Task :app:processReleaseManifest
> Task :app:processReleaseManifestForPackage
> Task :core:i18n:bundleAndroidMainClassesToRuntimeJar UP-TO-DATE
> Task :app:extractProguardFiles UP-TO-DATE
> Task :app:mergeReleaseStartupProfile
> Task :app:generateReleaseAssets UP-TO-DATE
> Task :app:mergeReleaseAssets
> Task :app:compressReleaseAssets FROM-CACHE
> Task :app:extractReleaseVersionControlInfo
> Task :app:validateSigningRelease
> Task :app:writeReleaseAppMetadata
> Task :app:writeReleaseSigningConfigVersions
> Task :benchmark:preBuild UP-TO-DATE
> Task :benchmark:preNonMinifiedReleaseBuild UP-TO-DATE
> Task :benchmark:checkTestedAppObfuscationNonMinifiedRelease
> Task :benchmark:generateNonMinifiedReleaseResources
> Task :benchmark:packageNonMinifiedReleaseResources
> Task :app:mergeDebugResources
> Task :app:mergeReleaseResources
> Task :benchmark:processNonMinifiedReleaseNavigationResources
> Task :benchmark:parseNonMinifiedReleaseLocalResources
> Task :app:processDebugResources
> Task :benchmark:generateNonMinifiedReleaseRFile
> Task :benchmark:javaPreCompileNonMinifiedRelease
> Task :benchmark:generateNonMinifiedReleaseAssets UP-TO-DATE
> Task :benchmark:mergeNonMinifiedReleaseAssets
> Task :app:processReleaseResources
> Task :benchmark:generateNonMinifiedReleaseGlobalSynthetics FROM-CACHE

> Task :app:buildCMakeRelWithDebInfo[armeabi-v7a]
C/C++: ninja: Entering directory `/Users/zhanziyuan/Documents/GitHub/EhViewer/app/.cxx/RelWithDebInfo/56n3v2n2/armeabi-v7a'
C/C++: checking if we should use a .note.GNU-stack section... /Applications/Xcode.app/Contents/Developer/Toolchains/XcodeDefault.xctoolchain/usr/bin/objdump: error: 'conftest.o': The file was not recognized as a valid object file
C/C++: rm: conftest.exe.dSYM: is a directory
C/C++: no
C/C++: checking if .align assembly directive is logarithmic... rm: conftest,ff8.dSYM: is a directory
C/C++: rm: conftest.exe.dSYM: is a directory
C/C++: yes
C/C++: checking if Intel CET is enabled... no
C/C++: checking for m4... /usr/bin/m4
C/C++: checking for makeinfo... not-found
C/C++: checking for library containing clock_gettime... none required
C/C++: configure: creating ./config.status
C/C++: config.status: creating config.make
C/C++: config.status: creating config.m4
C/C++: config.status: creating Makefile
C/C++: config.status: creating version.h
C/C++: config.status: creating tools/Makefile
C/C++: config.status: creating testsuite/Makefile
C/C++: config.status: creating examples/Makefile
C/C++: config.status: creating nettle.pc
C/C++: config.status: creating hogweed.pc
C/C++: config.status: creating libnettle.map
C/C++: config.status: creating libhogweed.map
C/C++: config.status: creating config.h
C/C++: config.status: config.h is unchanged
C/C++: config.status: linking arm/fat/aes-encrypt-internal.asm to aes-encrypt-internal.asm
C/C++: config.status: linking arm/fat/aes-decrypt-internal.asm to aes-decrypt-internal.asm
C/C++: config.status: linking arm/memxor.asm to memxor.asm
C/C++: config.status: linking arm/memxor3.asm to memxor3.asm
C/C++: config.status: linking arm/machine.m4 to machine.m4
C/C++: config.status: linking arm/fat/aes-encrypt-internal-2.asm to aes-encrypt-internal-2.asm
C/C++: config.status: linking arm/fat/aes-decrypt-internal-2.asm to aes-decrypt-internal-2.asm
C/C++: config.status: linking arm/fat/chacha-3core.asm to chacha-3core.asm
C/C++: config.status: linking arm/fat/salsa20-2core.asm to salsa20-2core.asm
C/C++: config.status: linking arm/fat/sha1-compress-2.asm to sha1-compress-2.asm
C/C++: config.status: linking arm/fat/sha256-compress-n-2.asm to sha256-compress-n-2.asm
C/C++: config.status: linking arm/fat/sha3-permute-2.asm to sha3-permute-2.asm
C/C++: config.status: linking arm/fat/sha512-compress-2.asm to sha512-compress-2.asm
C/C++: config.status: linking arm/fat/umac-nh-n-2.asm to umac-nh-n-2.asm
C/C++: config.status: linking arm/fat/umac-nh-2.asm to umac-nh-2.asm
C/C++: configure: summary of build options:
C/C++:   Version:           nettle 4.0
C/C++:   Host type:         armv7-none-linux-androideabi26
C/C++:   ABI:               standard
C/C++:   Assembly files:    arm/fat arm
C/C++:   Install prefix:    /usr/local
C/C++:   Library directory: ${exec_prefix}/lib

> Task :benchmark:checkNonMinifiedReleaseDuplicateClasses
> Task :benchmark:desugarNonMinifiedReleaseFileDependencies

> Task :app:buildCMakeRelWithDebInfo[arm64-v8a]
C/C++: ninja: Entering directory `/Users/zhanziyuan/Documents/GitHub/EhViewer/app/.cxx/RelWithDebInfo/56n3v2n2/arm64-v8a'
C/C++: checking if we should use a .note.GNU-stack section... /Applications/Xcode.app/Contents/Developer/Toolchains/XcodeDefault.xctoolchain/usr/bin/objdump: error: 'conftest.o': The file was not recognized as a valid object file
C/C++: rm: conftest.exe.dSYM: is a directory
C/C++: no
C/C++: checking if .align assembly directive is logarithmic... rm: conftest,ff8.dSYM: is a directory
C/C++: rm: conftest.exe.dSYM: is a directory
C/C++: yes
C/C++: checking if Intel CET is enabled... no
C/C++: checking for m4... /usr/bin/m4
C/C++: checking for makeinfo... not-found
C/C++: checking for library containing clock_gettime... none required
C/C++: configure: creating ./config.status
C/C++: config.status: creating config.make
C/C++: config.status: creating config.m4
C/C++: config.status: creating Makefile
C/C++: config.status: creating version.h
C/C++: config.status: creating tools/Makefile
C/C++: config.status: creating testsuite/Makefile
C/C++: config.status: creating examples/Makefile
C/C++: config.status: creating nettle.pc
C/C++: config.status: creating hogweed.pc
C/C++: config.status: creating libnettle.map
C/C++: config.status: creating libhogweed.map
C/C++: config.status: creating config.h
C/C++: config.status: config.h is unchanged
C/C++: config.status: linking arm64/chacha-core-internal.asm to chacha-core-internal.asm
C/C++: config.status: linking arm64/machine.m4 to machine.m4
C/C++: config.status: linking arm64/fat/aes128-encrypt-2.asm to aes128-encrypt-2.asm
C/C++: config.status: linking arm64/fat/aes128-decrypt-2.asm to aes128-decrypt-2.asm
C/C++: config.status: linking arm64/fat/aes192-encrypt-2.asm to aes192-encrypt-2.asm
C/C++: config.status: linking arm64/fat/aes192-decrypt-2.asm to aes192-decrypt-2.asm
C/C++: config.status: linking arm64/fat/aes256-encrypt-2.asm to aes256-encrypt-2.asm
C/C++: config.status: linking arm64/fat/aes256-decrypt-2.asm to aes256-decrypt-2.asm
C/C++: config.status: linking arm64/chacha-2core.asm to chacha-2core.asm
C/C++: config.status: linking arm64/chacha-4core.asm to chacha-4core.asm
C/C++: config.status: linking arm64/fat/ghash-set-key-2.asm to ghash-set-key-2.asm
C/C++: config.status: linking arm64/fat/ghash-update-2.asm to ghash-update-2.asm
C/C++: config.status: linking arm64/fat/sha1-compress-2.asm to sha1-compress-2.asm
C/C++: config.status: linking arm64/fat/sha256-compress-n-2.asm to sha256-compress-n-2.asm
C/C++: configure: summary of build options:
C/C++:   Version:           nettle 4.0
C/C++:   Host type:         aarch64-none-linux-android26
C/C++:   ABI:               64
C/C++:   Assembly files:    arm64/fat arm64
C/C++:   Install prefix:    /usr/local
C/C++:   Library directory: ${exec_prefix}/lib

> Task :benchmark:mergeLibDexNonMinifiedRelease

> Task :app:buildCMakeRelWithDebInfo[x86_64]
C/C++: ninja: Entering directory `/Users/zhanziyuan/Documents/GitHub/EhViewer/app/.cxx/RelWithDebInfo/56n3v2n2/x86_64'
C/C++: checking if we should use a .note.GNU-stack section... /Applications/Xcode.app/Contents/Developer/Toolchains/XcodeDefault.xctoolchain/usr/bin/objdump: error: 'conftest.o': The file was not recognized as a valid object file
C/C++: rm: conftest.exe.dSYM: is a directory
C/C++: no
C/C++: checking if .align assembly directive is logarithmic... rm: conftest,ff8.dSYM: is a directory
C/C++: rm: conftest.exe.dSYM: is a directory
C/C++: no
C/C++: checking if Intel CET is enabled... no
C/C++: checking for m4... /usr/bin/m4
C/C++: checking for makeinfo... not-found
C/C++: checking for library containing clock_gettime... none required
C/C++: configure: creating ./config.status
C/C++: config.status: creating config.make
C/C++: config.status: creating config.m4
C/C++: config.status: creating Makefile
C/C++: config.status: creating version.h
C/C++: config.status: creating tools/Makefile
C/C++: config.status: creating testsuite/Makefile
C/C++: config.status: creating examples/Makefile
C/C++: config.status: creating nettle.pc
C/C++: config.status: creating hogweed.pc
C/C++: config.status: creating libnettle.map
C/C++: config.status: creating libhogweed.map
C/C++: config.status: creating config.h
C/C++: config.status: config.h is unchanged
C/C++: config.status: linking x86_64/aes-encrypt-internal.asm to aes-encrypt-internal.asm
C/C++: config.status: linking x86_64/aes-decrypt-internal.asm to aes-decrypt-internal.asm
C/C++: config.status: linking x86_64/camellia-crypt-internal.asm to camellia-crypt-internal.asm
C/C++: config.status: linking x86_64/fat/memxor.asm to memxor.asm
C/C++: config.status: linking x86_64/memxor3.asm to memxor3.asm
C/C++: config.status: linking x86_64/fat/ghash-update.asm to ghash-update.asm
C/C++: config.status: linking x86_64/poly1305-internal.asm to poly1305-internal.asm
C/C++: config.status: linking x86_64/chacha-core-internal.asm to chacha-core-internal.asm
C/C++: config.status: linking x86_64/salsa20-core-internal.asm to salsa20-core-internal.asm
C/C++: config.status: linking x86_64/serpent-encrypt.asm to serpent-encrypt.asm
C/C++: config.status: linking x86_64/serpent-decrypt.asm to serpent-decrypt.asm
C/C++: config.status: linking x86_64/fat/sha1-compress.asm to sha1-compress.asm
C/C++: config.status: linking x86_64/fat/sha256-compress-n.asm to sha256-compress-n.asm
C/C++: config.status: linking x86_64/sha512-compress.asm to sha512-compress.asm
C/C++: config.status: linking x86_64/sha3-permute.asm to sha3-permute.asm
C/C++: config.status: linking x86_64/umac-nh.asm to umac-nh.asm
C/C++: config.status: linking x86_64/umac-nh-n.asm to umac-nh-n.asm
C/C++: config.status: linking x86_64/machine.m4 to machine.m4
C/C++: config.status: linking x86_64/fat/cpuid.asm to cpuid.asm
C/C++: config.status: linking x86_64/fat/memxor-2.asm to memxor-2.asm
C/C++: config.status: linking x86_64/fat/aes128-encrypt-2.asm to aes128-encrypt-2.asm
C/C++: config.status: linking x86_64/fat/aes128-decrypt-2.asm to aes128-decrypt-2.asm
C/C++: config.status: linking x86_64/fat/aes192-encrypt-2.asm to aes192-encrypt-2.asm
C/C++: config.status: linking x86_64/fat/aes192-decrypt-2.asm to aes192-decrypt-2.asm
C/C++: config.status: linking x86_64/fat/aes256-encrypt-2.asm to aes256-encrypt-2.asm
C/C++: config.status: linking x86_64/fat/aes256-decrypt-2.asm to aes256-decrypt-2.asm
C/C++: config.status: linking x86_64/fat/cbc-aes128-encrypt-2.asm to cbc-aes128-encrypt-2.asm
C/C++: config.status: linking x86_64/fat/cbc-aes192-encrypt-2.asm to cbc-aes192-encrypt-2.asm
C/C++: config.status: linking x86_64/fat/cbc-aes256-encrypt-2.asm to cbc-aes256-encrypt-2.asm
C/C++: config.status: linking x86_64/poly1305-blocks.asm to poly1305-blocks.asm
C/C++: config.status: linking x86_64/fat/ghash-set-key-2.asm to ghash-set-key-2.asm
C/C++: config.status: linking x86_64/fat/ghash-update-2.asm to ghash-update-2.asm
C/C++: config.status: linking x86_64/salsa20-2core.asm to salsa20-2core.asm
C/C++: config.status: linking x86_64/fat/sha1-compress-2.asm to sha1-compress-2.asm
C/C++: config.status: linking x86_64/fat/sha256-compress-n-2.asm to sha256-compress-n-2.asm
C/C++: configure: summary of build options:
C/C++:   Version:           nettle 4.0
C/C++:   Host type:         x86_64-none-linux-android26
C/C++:   ABI:               64
C/C++:   Assembly files:    x86_64/fat x86_64
C/C++:   Install prefix:    /usr/local
C/C++:   Library directory: ${exec_prefix}/lib

> Task :benchmark:checkNonMinifiedReleaseAarMetadata
> Task :benchmark:mapNonMinifiedReleaseSourceSetPaths
> Task :benchmark:compileNonMinifiedReleaseNavigationResources FROM-CACHE
> Task :benchmark:mergeNonMinifiedReleaseManifest
> Task :benchmark:processNonMinifiedReleaseManifest
> Task :benchmark:mergeNonMinifiedReleaseJniLibFolders
> Task :benchmark:mergeNonMinifiedReleaseNativeLibs
> Task :benchmark:mergeNonMinifiedReleaseResources
> Task :benchmark:processNonMinifiedReleaseResources
> Task :benchmark:validateSigningNonMinifiedRelease
> Task :benchmark:writeNonMinifiedReleaseSigningConfigVersions
> Task :app:mergeDebugNativeLibs
> Task :benchmark:stripNonMinifiedReleaseDebugSymbols

> Task :core:common:compileAndroidMain
w: `-Xwhen-expressions=indy` does nothing with JVM target `17`.

> Task :app:stripDebugDebugSymbols
> Task :app:extractDebugNativeDebugMetadata FROM-CACHE
> Task :benchmark:compressNonMinifiedReleaseAssets
> Task :benchmark:compileNonMinifiedReleaseKotlin
> Task :core:common:processAndroidMainJavaRes UP-TO-DATE
> Task :core:common:mergeAndroidMainGeneratedProguardFiles UP-TO-DATE
> Task :core:common:exportAndroidMainConsumerProguardFiles UP-TO-DATE
> Task :benchmark:compileNonMinifiedReleaseJavaWithJavac NO-SOURCE
> Task :benchmark:processNonMinifiedReleaseJavaRes
> Task :core:common:bundleAndroidMainClassesToCompileJar
> Task :core:common:bundleAndroidMainClassesToRuntimeJar
> Task :core:common:bundleLibRuntimeToDirAndroidMain
> Task :benchmark:dexBuilderNonMinifiedRelease
> Task :core:ui:compileAndroidMain
> Task :core:ui:bundleAndroidMainClassesToCompileJar UP-TO-DATE
> Task :core:ui:processAndroidMainJavaRes UP-TO-DATE
> Task :core:ui:bundleLibRuntimeToDirAndroidMain UP-TO-DATE
> Task :core:ui:mergeAndroidMainGeneratedProguardFiles UP-TO-DATE
> Task :core:ui:exportAndroidMainConsumerProguardFiles UP-TO-DATE
> Task :core:ui:bundleAndroidMainClassesToRuntimeJar UP-TO-DATE
> Task :benchmark:mergeProjectDexNonMinifiedRelease
> Task :benchmark:mergeNonMinifiedReleaseJavaResource
> Task :core:data:kspAndroidMain
> Task :core:data:copyRoomSchemas NO-SOURCE
> Task :core:data:compileAndroidMain
> Task :core:data:bundleAndroidMainClassesToCompileJar UP-TO-DATE
> Task :core:data:processAndroidMainJavaRes UP-TO-DATE
> Task :core:data:bundleLibRuntimeToDirAndroidMain UP-TO-DATE
> Task :core:data:mergeAndroidMainGeneratedProguardFiles UP-TO-DATE
> Task :core:data:exportAndroidMainConsumerProguardFiles UP-TO-DATE
> Task :app:mergeDebugNativeDebugMetadata
> Task :core:data:bundleAndroidMainClassesToRuntimeJar UP-TO-DATE
> Task :app:mergeLibDexDebug
> Task :app:mergeReleaseNativeLibs
> Task :app:stripReleaseDebugSymbols
> Task :app:extractReleaseNativeDebugMetadata FROM-CACHE
> Task :app:mergeReleaseNativeDebugMetadata
> Task :app:kspReleaseKotlin
> Task :app:kspDebugKotlin
> Task :benchmark:mergeExtDexNonMinifiedRelease
> Task :benchmark:packageNonMinifiedRelease
> Task :benchmark:assembleNonMinifiedRelease
> Task :benchmark:createNonMinifiedReleaseApkListingFileRedirect

> Task :app:compileDebugKotlin FAILED
w: `-Xwhen-expressions=indy` does nothing with JVM target `17`.
e: file:///Users/zhanziyuan/Documents/GitHub/EhViewer/app/src/main/kotlin/com/hippo/ehviewer/util/AppConfig.kt:48:64 Unresolved reference 'FLAVOR'.

> Task :app:compileReleaseKotlin FAILED
w: `-Xwhen-expressions=indy` does nothing with JVM target `17`.
e: file:///Users/zhanziyuan/Documents/GitHub/EhViewer/app/src/main/kotlin/com/hippo/ehviewer/util/AppConfig.kt:48:64 Unresolved reference 'FLAVOR'.

[Incubating] Problems report is available at: file:///Users/zhanziyuan/Documents/GitHub/EhViewer/build/reports/problems/problems-report.html

FAILURE: Build completed with 2 failures.

1: Task failed with an exception.
-----------
* What went wrong:
Execution failed for task ':app:compileDebugKotlin' (registered by plugin 'com.android.internal.application').
> A failure occurred while executing org.jetbrains.kotlin.compilerRunner.btapi.BuildToolsApiCompilationWork
   > Compilation error. See log for more details

* Try:
> Run with --stacktrace option to get the stack trace.
> Run with --info or --debug option to get more log output.
> Run with --scan to get full insights from a Build Scan (powered by Develocity).
> Get more help at https://help.gradle.org.
==============================================================================

2: Task failed with an exception.
-----------
* What went wrong:
Execution failed for task ':app:compileReleaseKotlin' (registered by plugin 'com.android.internal.application').
> A failure occurred while executing org.jetbrains.kotlin.compilerRunner.btapi.BuildToolsApiCompilationWork
   > Compilation error. See log for more details

* Try:
> Run with --stacktrace option to get the stack trace.
> Run with --info or --debug option to get more log output.
> Run with --scan to get full insights from a Build Scan (powered by Develocity).
> Get more help at https://help.gradle.org.
==============================================================================

BUILD FAILED in 1m 19s
194 actionable tasks: 111 executed, 25 from cache, 58 up-to-date
Configuration cache entry stored.
