    Checking memchr v2.8.3
   Compiling libc v0.2.189
   Compiling num-traits v0.2.19
   Compiling jni-sys v0.3.1
   Compiling serde_core v1.0.229
    Checking log v0.4.33
   Compiling thiserror v1.0.69
    Checking jni-sys v0.4.1
    Checking regex-syntax v0.8.11
   Compiling serde v1.0.229
   Compiling thiserror v2.0.20
   Compiling zmij v1.0.23
    Checking bytes v1.12.1
    Checking cfg-if v1.0.4
    Checking pxfm v0.1.30
   Compiling anyhow v1.0.104
   Compiling serde_json v1.0.151
    Checking env_filter v0.1.4
    Checking ndk-sys v0.6.0+11769913
    Checking num_enum v0.7.6
    Checking aho-corasick v1.1.5
    Checking bitflags v2.13.1
    Checking android_system_properties v0.1.6
    Checking iana-time-zone v0.1.65
    Checking unicode-segmentation v1.13.3
    Checking combine v4.6.7
    Checking cesu8 v1.1.0
    Checking itoa v1.0.18
    Checking half v1.8.3
    Checking byteorder-lite v0.1.0
    Checking num-integer v0.1.47
    Checking num-complex v0.4.6
    Checking chrono v0.4.45
    Checking bytemuck v1.25.2
    Checking android_log-sys v0.3.2
    Checking num-bigint v0.4.8
    Checking num-iter v0.1.46
    Checking once_cell v1.21.4
    Checking raw-window-handle v0.6.2
    Checking android_logger v0.15.1
    Checking libwebp-sys2 v0.2.0 (https://github.com/FooIbar/libwebp-sys2-rs.git#138c7114)
    Checking quick-xml v0.41.0
    Checking ndk v0.9.0
    Checking tl v0.7.8 (https://github.com/FooIbar/tl.git#051705e4)
    Checking regex-lite v0.1.9
    Checking regex-automata v0.4.18
    Checking num-rational v0.4.2
    Checking num v0.4.3
    Checking moxcms v0.8.1
    Checking serde_cbor v0.11.2
    Checking regex v1.13.1
    Checking rxing v0.9.2
    Checking image v0.25.10
    Checking jni v0.21.1
    Checking ehviewer_rust v0.0.0 (/Users/zhanziyuan/Documents/GitHub/EhViewer/app/src/main/rust)
    Finished `dev` profile [unoptimized + debuginfo] target(s) in 5.65s
